******************************************************************************
          TMS320C6x COFF Linker PC Version 4.32                
******************************************************************************
>> Linked Sun Oct 28 15:06:26 2007

OUTPUT FILE NAME:   <./Release/Appl.out>
ENTRY POINT SYMBOL: "_c_int00"  address: 80076f80


MEMORY CONFIGURATION

                  name            origin    length      used    attr    fill
         ----------------------  --------  ---------  --------  ----  --------
         SDRAM                   80040000   00fc0000  00ce9320  RWIX
         SDRAM2                  81000000   01000000  00000000  RWIX


SECTION ALLOCATION MAP

 output                                  attributes/
section   page    origin      length       input sections
--------  ----  ----------  ----------   ----------------
.data      0    80040000    00000000     UNINITIALIZED

.system    0    80040000    00000000     UNINITIALIZED

.vectors   0    80040000    00000260     
                  80040000    00000260     IconLabKernel1714.lib : vectors.obj (.vectors)

.text      0    80040260    00036ea0     
                  80040260    0000afe0     IconLabKernel1714.lib : ndok1714.obj (.text)
                  8004b240    00007ac0     CTS_SMR.lib : AXISDPR.obj (.text)
                  80052d00    00006600                 : AXISMAIN.obj (.text)
                  80059300    00002a00     rts6701.lib : _printfi.obj (.text)
                  8005bd00    000028c0     CTS_SMR.lib : AXISINT.obj (.text)
                  8005e5c0    000025c0                 : dsp_if_plimit.obj (.text)
                  80060b80    00002460                 : axisctrl.obj (.text)
                  80062fe0    00002340                 : internalFuncs.obj (.text)
                  80065320    00002080                 : dsp_if_pmove.obj (.text)
                  800673a0    00001620                 : hardware.obj (.text)
                  800689c0    00001020     rts6701.lib : memory.obj (.text)
                  800699e0    00000f40                 : lowlev.obj (.text)
                  8006a920    00000de0                 : trgdrv.obj (.text)
                  8006b700    00000d20     CTS_SMR.lib : axisAbs.obj (.text)
                  8006c420    00000c40     cts_eeprom.lib : eeprom.obj (.text)
                  8006d060    00000a80     CTS_SMR.lib : dsp_if_petc.obj (.text)
                  8006dae0    000008e0                 : dsp_if_adv.obj (.text)
                  8006e3c0    00000700     Appl-Main.obj (.text)
                  8006eac0    000006e0     CTS_SMR.lib : axiscap.obj (.text)
                  8006f1a0    000006c0     cts_i2c.lib : i2c.obj (.text)
                  8006f860    00000680     CTS_SMR.lib : dsp_if_pint.obj (.text)
                  8006fee0    000005e0                 : dsp_if_pgain.obj (.text)
                  800704c0    000005e0                 : dsp_if_stop.obj (.text)
                  80070aa0    000004c0     rts6701.lib : imath40.obj (.text)
                  80070f60    000004c0                 : fopen.obj (.text)
                  80071420    00000480                 : ecvt.obj (.text)
                  800718a0    00000480                 : fcvt.obj (.text)
                  80071d20    00000480     CTS_SMR.lib : dsp_if_traj.obj (.text)
                  800721a0    00000480     rts6701.lib : fputs.obj (.text)
                  80072620    00000460     CTS_SMR.lib : dsp_if_pio.obj (.text)
                  80072a80    000003e0                 : dsp_if_status.obj (.text)
                  80072e60    000003c0     rts6701.lib : sin.obj (.text)
                  80073220    00000300                 : frcdivd.obj (.text)
                  80073520    000002c0                 : atan.obj (.text)
                  800737e0    000002c0     cts_eeprom.lib : crc32.obj (.text)
                  80073aa0    000002a0     CTS_SMR.lib : dsp_if_pacfg.obj (.text)
                  80073d40    00000240     rts6701.lib : memcpy62.obj (.text)
                  80073f80    00000240                 : divd.obj (.text)
                  800741c0    00000220                 : exit.obj (.text)
                  800743e0    00000200     CTS_SMR.lib : dsp_if_panalog.obj (.text)
                  800745e0    000001e0     rts6701.lib : round.obj (.text)
                  800747c0    000001e0                 : fflush.obj (.text)
                  800749a0    000001c0                 : setvbuf.obj (.text)
                  80074b60    000001c0                 : _io_perm.obj (.text)
                  80074d20    000001a0                 : atan2.obj (.text)
                  80074ec0    00000180                 : atoi.obj (.text)
                  80075040    00000180                 : divf.obj (.text)
                  800751c0    00000180                 : ldexp.obj (.text)
                  80075340    00000180                 : fputc.obj (.text)
                  800754c0    00000180                 : fgetc.obj (.text)
                  80075640    00000160     cts_callback.lib : callback.obj (.text)
                  800757a0    00000160     rts6701.lib : _bufread.obj (.text)
                  80075900    00000160                 : sprintf.obj (.text)
                  80075a60    00000160     CTS_SMR.lib : AxisGlb.obj (.text)
                  80075bc0    00000160     rts6701.lib : trgmsg.obj (.text)
                  80075d20    00000140                 : ltoa.obj (.text)
                  80075e60    00000140                 : fclose.obj (.text)
                  80075fa0    00000140                 : rand.obj (.text)
                  800760e0    00000140                 : frexp.obj (.text)
                  80076220    00000120                 : divi.obj (.text)
                  80076340    00000120                 : memset.obj (.text)
                  80076460    00000100                 : frcdivf.obj (.text)
                  80076560    00000100                 : autoinit.obj (.text)
                  80076660    00000100     cts_softdog.lib : watchdog.obj (.text)
                  80076760    00000100     rts6701.lib : fseek.obj (.text)
                  80076860    00000100                 : remi.obj (.text)
                  80076960    000000e0                 : modf.obj (.text)
                  80076a40    000000c0                 : fixdli.obj (.text)
                  80076b00    000000c0                 : divu.obj (.text)
                  80076bc0    000000c0     CTS_SMR.lib : dsp_if_pframe.obj (.text)
                  80076c80    000000c0     rts6701.lib : printf.obj (.text)
                  80076d40    000000a0                 : remu.obj (.text)
                  80076de0    000000a0                 : memccpy.obj (.text)
                  80076e80    00000080                 : strcpy.obj (.text)
                  80076f00    00000080                 : strcmp.obj (.text)
                  80076f80    00000080                 : boot.obj (.text)
                  80077000    00000060                 : strlen.obj (.text)
                  80077060    00000040                 : trunc.obj (.text)
                  800770a0    00000040                 : _lock.obj (.text)
                  800770e0    00000020                 : remove.obj (.text)

.cio       0    80077100    00000120     UNINITIALIZED
                  80077100    00000120     rts6701.lib : trgmsg.obj (.cio)

.far       0    80077220    00070350     UNINITIALIZED
                  80077220    000324a0     IconLabKernel1714.lib : ndok1714.obj (.far)
                  800a96c0    0002d0b8     CTS_SMR.lib : AxisGlb.obj (.far)
                  800d6778    0000fa80                 : axisctrl.obj (.far)
                  800e61f8    00000450                 : AXISDPR.obj (.far)
                  800e6648    00000374     rts6701.lib : defs.obj (.far)
                  800e69bc    0000021a     CTS_SMR.lib : axiscap.obj (.far)
                  800e6bd8    000001c4                 : dsp_if.obj (.far)
                  800e6d9c    00000190     rts6701.lib : _printfi.obj (.far)
                  800e6f2c    00000190                 : fcvt.obj (.far)
                  800e70bc    0000011c                 : lowlev.obj (.far)
                  800e71d8    000000d0                 : trgdrv.obj (.far)
                  800e72a8    0000008c                 : exit.obj (.far)
                  800e7334    0000006c     CTS_SMR.lib : axisAbs.obj (.far)
                  800e73a0    00000064     rts6701.lib : ecvt.obj (.far)
                  800e7408    00000060                 : atan.obj (.far)
                  800e7468    00000058     CTS_SMR.lib : AXISINT.obj (.far)
                  800e74c0    00000040     rts6701.lib : sin.obj (.far)
                  800e7500    00000038     CTS_SMR.lib : hardware.obj (.far)
                  800e7538    00000010                 : AXISMAIN.obj (.far)
                  800e7548    00000008     Appl-Main.obj (.far)
                  800e7550    00000008     rts6701.lib : _lock.obj (.far)
                  800e7558    00000008                 : memory.obj (.far)
                  800e7560    00000008                 : rand.obj (.far)
                  800e7568    00000004     CTS_SMR.lib : dsp_if_pgain.obj (.far)
                  800e756c    00000004     rts6701.lib : errno.obj (.far)

.cinit     0    800e7570    00000e14     
                  800e7570    000002d4     CTS_SMR.lib : AXISDPR.obj (.cinit)
                  800e7844    00000004     --HOLE-- [fill = 0]
                  800e7848    00000244     rts6701.lib : defs.obj (.cinit)
                  800e7a8c    00000004     --HOLE-- [fill = 0]
                  800e7a90    000001f4     IconLabKernel1714.lib : ndok1714.obj (.cinit)
                  800e7c84    00000004     --HOLE-- [fill = 0]
                  800e7c88    000001e0     CTS_SMR.lib : AxisGlb.obj (.cinit)
                  800e7e68    00000104                 : axisAbs.obj (.cinit)
                  800e7f6c    00000004     --HOLE-- [fill = 0]
                  800e7f70    000000d4                 : AXISINT.obj (.cinit)
                  800e8044    00000004     --HOLE-- [fill = 0]
                  800e8048    000000cc                 : hardware.obj (.cinit)
                  800e8114    00000004     --HOLE-- [fill = 0]
                  800e8118    00000070     rts6701.lib : atan.obj (.cinit)
                  800e8188    0000005c                 : lowlev.obj (.cinit)
                  800e81e4    00000004     --HOLE-- [fill = 0]
                  800e81e8    00000048                 : sin.obj (.cinit)
                  800e8230    0000003c     CTS_SMR.lib : AXISMAIN.obj (.cinit)
                  800e826c    00000004     --HOLE-- [fill = 0]
                  800e8270    0000002c     rts6701.lib : exit.obj (.cinit)
                  800e829c    00000004     --HOLE-- [fill = 0]
                  800e82a0    0000001c                 : sysmem.obj (.cinit)
                  800e82bc    00000004     --HOLE-- [fill = 0]
                  800e82c0    0000001c                 : _lock.obj (.cinit)
                  800e82dc    00000004     --HOLE-- [fill = 0]
                  800e82e0    0000001c     CTS_SMR.lib : axisctrl.obj (.cinit)
                  800e82fc    00000004     --HOLE-- [fill = 0]
                  800e8300    00000010     rts6701.lib : rand.obj (.cinit)
                  800e8310    0000000c     cts_softdog.lib : watchdog.obj (.cinit:c)
                  800e831c    00000004     --HOLE-- [fill = 0]
                  800e8320    0000000c     Appl-Main.obj (.cinit)
                  800e832c    00000004     --HOLE-- [fill = 0]
                  800e8330    0000000c     cts_eeprom.lib : crc32.obj (.cinit:c)
                  800e833c    00000004     --HOLE-- [fill = 0]
                  800e8340    0000000c     rts6701.lib : errno.obj (.cinit)
                  800e834c    00000004     --HOLE-- [fill = 0]
                  800e8350    0000000c                 : memory.obj (.cinit)
                  800e835c    00000004     --HOLE-- [fill = 0]
                  800e8360    0000000c     CTS_SMR.lib : dsp_if.obj (.cinit)
                  800e836c    00000004     --HOLE-- [fill = 0]
                  800e8370    0000000c     cts_callback.lib : callback.obj (.cinit)
                  800e837c    00000008     --HOLE-- [fill = 0]

.const     0    800e8384    00000b3c     
                  800e8384    00000119     CTS_SMR.lib : hardware.obj (.const)
                  800e849d    00000002     rts6701.lib : fputs.obj (.const)
                  800e849f    00000001     --HOLE-- [fill = 0]
                  800e84a0    00000101                 : ctype.obj (.const)
                  800e85a1    00000003     --HOLE-- [fill = 0]
                  800e85a4    000000dc     IconLabKernel1714.lib : ndok1714.obj (.const)
                  800e8680    00000064     Appl-Main.obj (.const)
                  800e86e4    00000593     CTS_SMR.lib : AXISMAIN.obj (.const)
                  800e8c77    000001b1                 : AXISDPR.obj (.const)
                  800e8e28    0000003e                 : AXISINT.obj (.const)
                  800e8e66    00000030                 : internalFuncs.obj (.const)
                  800e8e96    0000002a     rts6701.lib : _printfi.obj (.const)

.switch    0    800e8ec0    00000024     
                  800e8ec0    00000024     CTS_SMR.lib : AXISMAIN.obj (.switch)

.bss       0    800e8ee4    00000430     UNINITIALIZED
                  800e8ee4    00000400     cts_eeprom.lib : crc32.obj (.bss)
                  800e92e4    00000024     cts_callback.lib : callback.obj (.bss)
                  800e9308    00000004     cts_softdog.lib : watchdog.obj (.bss:c)
                  800e930c    00000004     cts_i2c.lib : i2c.obj (.bss)
                  800e9310    00000004     cts_eeprom.lib : crc32.obj (.bss:c)

.stack     0    800e9318    00040000     UNINITIALIZED
                  800e9318    00000008     rts6701.lib : boot.obj (.stack)

.pinit     0    80129318    0000000c     
                  80129318    00000004     CTS_SMR.lib : AxisGlb.obj (.pinit)
                  8012931c    00000008     --HOLE-- [fill = 0]

.sysmem    0    80129328    00c00000     UNINITIALIZED


GLOBAL SYMBOLS: SORTED ALPHABETICALLY BY Name 

address    name
--------   ----
800e8ee4   $bss
800e8ee4   .bss
80040000   .data
80040260   .text
800743d4   C$$EXIT
80075c60   C$$IO$$
800e6378   _ABS_command
8005e4f8   _AMC_Int10ms__Fv
8005d690   _AMC_Int5ms__Fv
8005903c   _AMPEnableTesting__Fv
80058f1c   _AMPFaultTesting__Fv
80058d68   _AMPResetLevelTesting__Fv
800521a8   _AcceptString__Fv
800e6bdc   _Active_Axis_Num
8005268c   _Alarm_Reset__Fv
8005265c   _Alarm_Set__Fv
800620b0   _AmpFaultReset__FP10CONTROLBUF
80062068   _AmpFaultSet__FP10CONTROLBUF
8006eaa4   _Appl_Body_Main__Fv
8006e8ec   _Appl_Int10__Fv
8006e428   _Appl_Prev_Main__Fv
800e83cc   _AxisDPRAM
800e6be4   _AxisDpram
800e83e8   _AxisInfo
80048bac   _Beep__Fi
800a96c0   _BootPara
800d6774   _Boot_Checksum_Flag
8006f0ac   _CAP_ClearPtBuf__Fv
8006f094   _CAP_Disable__Fv
8006ee48   _CAP_DoCapture__Fv
8006ee30   _CAP_Enable__Fv
8006ee18   _CAP_GetAx__Fv
8006ee04   _CAP_GetBitNo__Fv
8006edf0   _CAP_GetFilledQ__Fv
8006eddc   _CAP_GetFilteredSig__Fc
8006ebd8   _CAP_GetLeftQ__Fv
8006ed50   _CAP_GetPt__FPiPc
8006ec1c   _CAP_Init__Fv
8006ebf4   _CAP_IsEmpty__Fv
8006ebbc   _CAP_IsFull__Fv
8006eb50   _CAP_PutPt__Fic
8006eb08   _CAP_ReadIO__Fv
8006eaf4   _CAP_SetAx__Fi
8006eae0   _CAP_SetBitNo__Fi
8006eacc   _CAP_SetFlag__Fi
800e6b5c   _CAP_bEdge
800e69bc   _CAP_bOn
800e6bd4   _CAP_bSignal
800e6bcc   _CAP_bUserIOState
800e69cc   _CAP_lPt
800e69c0   _CAP_lPtNo
800e69c4   _CAP_nAx
800e69c8   _CAP_nBit
800e6bd0   _CAP_nCount
800e6bc8   _CAP_nFlag
800e6bc0   _CAP_nHead
800e6bc4   _CAP_nTail
800a9960   _CBuf
8006bffc   _COM_AllocQ__Fi
8006ba34   _COM_AnalysePacket__Fv
8006c3f8   _COM_ClosePort__Fv
8006c3f0   _COM_DisableRecieve__Fv
8006c31c   _COM_Disable_State__Fv
8006c370   _COM_DoOverAgain__Fv
8006c278   _COM_EnableRecieve__Fv
8006b8f4   _COM_Error__Fv
8006c234   _COM_GetAbsPos__FPi
8006b878   _COM_GetQ__FP5QUEUE
8006c1f4   _COM_IncreaseTime__Fv
8006c0d0   _COM_InitPort__FPiiN32
8006b8d8   _COM_InitQ__FP5QUEUE
8006c118   _COM_Init__Fv
8006ba0c   _COM_MakeASCII__Fc
8006c058   _COM_OpenPort__Fv
8006b700   _COM_PutQ__FP5QUEUEc
8006bfe8   _COM_ReturnDataStatus__Fv
8006bf7c   _COM_SelectAxis__Fc
8006bf58   _COM_SetBaudRate__FPii
8006bcd0   _COM_WaitETX_State__Fv
8006b93c   _COM_WaitSTX_State__Fv
800e737c   _COM_bEnable
800e7398   _COM_lAbsPos
800e734c   _COM_lEnableImage
800e7348   _COM_lpEnable
800e7350   _COM_lpMux
800e7344   _COM_lpRearm
800e7334   _COM_lpSerialPort
800e739c   _COM_nAxis
800e7394   _COM_nChkSumErr
800e7384   _COM_nDataStatus
800e7380   _COM_nModuleState
800e7388   _COM_nRePacketSize
800e7390   _COM_nWaitByteTimer
800e738c   _COM_nWaitSTXTimer
800e735c   _COM_strRecBuf
80052540   _CP_Line_Move__Fv
800526bc   _CP_Move__Fv
8006dae0   _CalcInternalSpeed__Ff
8005d66c   _CheckAndClear_PauseRst__FP10CONTROLBUFi
80061a84   _CheckEnvelope__FP10CONTROLBUF
8005d3d4   _CheckGuideSensor__Fv
80062f58   _CheckInPosSignal__FP10CONTROLBUFi
8005d208   _CheckInPos__Fv
8005ce90   _CheckPause__Fi
800627d0   _CheckSWInPos__FP10CONTROLBUFi
800613c8   _CheckSWLimit__FP10CONTROLBUFi
800628c0   _CheckSWPauseCondition__FP10CONTROLBUFi
800626a8   _CheckSensor__FP10CONTROLBUFi
800620d8   _CheckServo__FP10CONTROLBUFi
80062918   _CheckUserIOInt__Fi
8006244c   _ChkHomeLimit__FP10CONTROLBUFi
8006241c   _ChkHomeReset__FP10CONTROLBUF
800623dc   _ChkHomeSet__FP10CONTROLBUF
800625b8   _ChkNegLimit__FP10CONTROLBUFi
80062590   _ChkNegReset__FP10CONTROLBUF
80062548   _ChkNegSet__FP10CONTROLBUF
800622ec   _ChkPosLimit__FP10CONTROLBUFi
800622c0   _ChkPosReset__FP10CONTROLBUF
80062280   _ChkPosSet__FP10CONTROLBUF
800686c0   _ClearDPRInt__Fv
8005cdd0   _ClearPauseFlag__Fi
8005cd08   _ClearSWPauseFlag__Fi
800525c8   _Clear_Status__Fv
80052548   _Clear_Stop__Fv
800e7340   _ComData
800e83c8   _CommDPRAM
800e6be0   _CommDpram
80058800   _CommandQueueParsing__Fi
80043574   _ControlFLASH__FiT1
8006865c   _ControlIdle__Fv
80058708   _ControlLoopSetting__Fv
80061af8   _ControlPosition__FP10CONTROLBUFi
80061634   _ControlServo__FP10CONTROLBUF
80061484   _ControlStepper__FP10CONTROLBUF
80061e18   _ControlVelocity__FP10CONTROLBUFi
80062b90   _Control_Int1ms__Fv
8004453c   _Conv__FcUc
800610a4   _ConvertTorque__FP10CONTROLBUF
80051730   _Copy_BootPara_2_Para__Fv
80052860   _Copy_Para_2_BootPara__Fv
80058620   _DACOffsetTesting__Fv
8005852c   _DACPolSetting__Fv
800e7354   _DISABLE_COMM
8007963c   _DMAIsrTable
80047808   _DMA_ISR__Fv
800795b8   _DMA_STATUS_REG
8006e220   _DPR_VMovePos__Fv
8006e070   _DPR_VMove__Fv
8005824c   _DSPLibTesting__Fv
80047970   _Delay__Fi
80051c34   _DnloadParamFromIPC__Fv
800526c4   _Dpr_Int__Fv
80047800   _DumXIsr__Fv
800476dc   _DummyIsr__Fv
800d65b4   _Dwell_Flag
800d65c4   _Dwell_Value
800689a4   _EchoCommand__Fi
8006cad0   _EepromReady__FUi
80057c68   _Eeprom_Test__Fv
80047c58   _EnableInterrupt__FiT1
800440ec   _EnableLight__FUi
80044054   _EnableOutPort__FUi
80051700   _EnableWatchdog__Fv
80057ae0   _EncoderOffsetTesting__Fv
800516f8   _Exist_Check__Fv
800476e4   _ExtIsr__Fv
80043fdc   _FLASH_BeginRead__FUi
800439a0   _FLASH_EraseBlock__Fi
80043718   _FLASH_Erase__FUi
80043fa8   _FLASH_GetPhysicalAddr__FUi
800436c8   _FLASH_Init__Fv
80043f10   _FLASH_Read__FUiPvi
80043d08   _FLASH_Write__FUiPCvi
800434e0   _FMMU_EraseFileSystemBlock__FUi
80043340   _FMMU_EraseSystemDataBlock__Fv
80043254   _FMMU_GetBlockSize__Fv
80043264   _FMMU_GetBootLoaderBase__Fv
800432b4   _FMMU_GetFPGABase__Fv
80043308   _FMMU_GetSystemDataBase__Fv
800433c8   _FMMU_InitializeFileSystem__Fv
80043440   _FMMU_ReadFileSystemMem__FUiPvi
80043298   _FMMU_WriteBootLoader__FPvUi
800432ec   _FMMU_WriteFPGA__FPvUi
80043490   _FMMU_WriteFileSystemMem__FUiPCvi
80043374   _FMMU_WriteSystemDataMem__FUiPCvi
800579e8   _FeedbackSetting__Fv
8004274c   _FileClose__FUi
800418f4   _FileDelete__FPCc
80042e34   _FileGetSize__FUi
80041af8   _FileOpen__FPCcUi
80042424   _FileRead__FUiPvT1
80041ff8   _FileWrite__FUiPCvT1
8004108c   _FindEmptyCluster__Fv
8004121c   _FindEmptyFileDesc__Fv
800417b8   _FindFile__FPCc
8004073c   _FormatBlankFunc__Fi
80077c2c   _FormatCallBack
800416e8   _FormatFileSystem__Fv
800578f4   _FrameBufferTest__Fv
800a9924   _GBuf
800516e0   _GET_Boot_Memory__Fv
80051630   _GET_Error_Limit__Fv
80051510   _GET_Gain__Fv
80051478   _GET_IO_Port__Fv
800513e4   _GET_In_Position__Fv
80051360   _GET_Position__Fv
800512dc   _GET_Stepper__Fv
800511bc   _GET_VGain__Fv
800575d8   _GainSetting__Fv
80070278   _Gain_RW
80048afc   _GenChkSum__FPUci
80061124   _GenerateOutput__FP10CONTROLBUFi
80056248   _GetDS__Fi
8004b214   _GetDisplayFrame__Fv
8004b230   _GetDisplayHeight__Fv
8004b224   _GetDisplayWidth__Fv
80051138   _GetEncoderDirection__Fv
800652bc   _GetEncoderOffset__Fv
80043034   _GetFileName__FiPcT1
80061010   _GetGoalDist__FP10CONTROLBUF
8005109c   _GetITPQ__Fi
8004d954   _GetLeftQ__Fi
80047550   _GetLength__FPc
80042f7c   _GetNumberOfDeletedFile__Fv
80042ebc   _GetNumberOfFile__Fv
80057544   _GetOutIOTest__Fv
8004136c   _GetRemainSpace__Fv
80051058   _GetStatusWatchdog__Fv
80050f9c   _GetSwPauseCheckBit__Fv
80050f14   _GetSwPauseEvent__Fv
80060fdc   _GetValueWithLimit__FfT1
80050b20   _Get_Abs_Encoder__Fv
80050a9c   _Get_Amp_Fault_Level__Fv
80050a18   _Get_Amp_Fault__Fv
80050994   _Get_Amp_On_Level__Fv
80050904   _Get_Amp_Reset_Level__Fv
800508f4   _Get_Axis_Boot_Memory__Fv
80050864   _Get_Closed_Loop__Fv
800507e0   _Get_Command__Fv
800507d8   _Get_Compensation_Pos__Fv
80050754   _Get_Control_Cfg__Fv
800506d0   _Get_Dac_Offset__Fv
800506a0   _Get_E_Stop_Event__Fv
8005061c   _Get_E_Stop_Rate__Fv
80050598   _Get_Feedback_Device__Fv
8005051c   _Get_Frames_Clear__Fv
80050494   _Get_GearRatio__Fv
80050404   _Get_Home_Level__Fv
80050380   _Get_Home_Sn_Event__Fv
800502fc   _Get_IO_Int_Enable__Fv
80050244   _Get_IO_Trigger__Fv
800501c0   _Get_Index_Req__Fv
80050110   _Get_Int_E_Stop__Fv
8005005c   _Get_Int_PcIRQ__Fv
8004ffac   _Get_Int_Stop__Fv
8004ff9c   _Get_Interpolation__Fv
8004ff18   _Get_Neg_Level__Fv
8004fe94   _Get_Neg_Sn_Event__Fv
8004fe04   _Get_PosImode__Fv
8004fd80   _Get_Pos_Level__Fv
8004fcfc   _Get_Pos_Sn_Event__Fv
8004fc78   _Get_Pulse_Mode__Fv
8004fbf4   _Get_Pulse_Ratio__Fv
8004fa90   _Get_Resolution__Fv
8004f9dc   _Get_SW_Lower_Limit__Fv
8004f928   _Get_SW_Upper_Limit__Fv
8004f8f8   _Get_Stop_Event__Fv
8004f874   _Get_Stop_Rate__Fv
8004f81c   _Get_SyncGain__Fv
8004f78c   _Get_SyncMap__Fv
8004f784   _Get_SyncOff__Fv
8004f77c   _Get_SyncOn__Fv
8004f71c   _Get_Userio_Int_Edge__Fv
8004f698   _Get_VelImode__Fv
8004f614   _Get_Voltage_Device__Fv
80057500   _GuideTesting__Fv
8006b614   _HOSTclock
8006aac0   _HOSTclose
8006ae44   _HOSTlseek
8006a920   _HOSTopen
8006abb4   _HOSTread
8006b0f8   _HOSTrename
8006b52c   _HOSTtime
8006afa8   _HOSTunlink
8006ad04   _HOSTwrite
800572c4   _HomeSensorTesting__Fv
8006f724   _I2C_Init0__Fv
8006f604   _I2C_Init1__Fv
8006f4d0   _I2C_IsrSendBytes0__Fv
8006f398   _I2C_IsrSendBytes1__Fv
8006f298   _I2C_Triggering0__Fv
8006f1a0   _I2C_Triggering1__Fv
8005704c   _ICon_IOTesting__Fv
80056f9c   _ICon_OutTesting__Fv
8004b760   _IEEE2TMS__Fi
80056e20   _INPositionSetTesting__Fv
8004f5d0   _IO_Mode_Put__Fv
8004f594   _IO_Mode_Set__Fv
80056d94   _InTesting__Fv
800569ec   _InitBdParameter__Fv
8004ee40   _InitBootParam__FP10_UBOOTPARA
800686e0   _InitDA__Fv
80041460   _InitFileSystem__Fv
8005cc94   _InitGuideSensorPort__Fi
80068714   _InitHardware__Fv
8004ed3c   _InitITPQ__Fi
80047dc0   _InitJtagPort__Fv
8006861c   _InitMotorParameters__Fv
80068514   _InitPIDGain__Fv
80048230   _InitPLL__Fv
800550a0   _InitPara__Fv
80068300   _InitPosition__Fv
8004858c   _InitSystem__FUi
8004add0   _InitUsbDispModule__Fv
8006cfdc   _Init_eeprom__Fv
8005c798   _Interpolation_10msec__FP10CONTROLBUFi
800d65a4   _Interpolation_Flag
800564ec   _Interpolation__Fv
80040000   _InterruptVectors
8004b1fc   _IsDispConnect__Fv
80041f48   _IsEndOfFile__FUi
8004ed18   _IsQEmpty__Fi
800795bc   _IsrTable
800aa254   _JpcMovSt
800aeca0   _Last_Pos
80056084   _LimitEventTesting__Fv
80055ec0   _LimitSwitchTesting__Fv
80055df4   _LimitTesting__Fv
80060d90   _LinearInterpolation__FP10CONTROLBUFi
8004ec18   _LoadLongBlockFromEeprom__FUiPcPUiT3i
800e7504   _MOTOR_DIRECTION_CONTROL
800aed60   _M_J_Command
8004ebb0   _Main_Delay__Fv
80040990   _MakeFullFileName__FPCcT1Pc
800d65e8   _Max_Smpcnt
800e6c6c   _Mdisp
800e6bf4   _Mf
80047a58   _MicroDelay__Fi
80055d40   _MotorTypeSetting__Fv
80055bb8   _NdokMain__Fv
80055098   _NdokOnIdleEvent__Fv
80055090   _NdokOnLowIdleEvent__Fv
80055088   _NdokOnSerialEvent__FPCUci
8004eb58   _NoOperation__Fv
80044180   _OnLED__FiUi
80054ed4   _OutTesting__Fv
80054e54   _PTPMove__FiT1
8004e99c   _PTP_Move__Fv
8004e91c   _PUT_Curr_Pos__Fv
8004e8bc   _PUT_Empty_Frame__Fv
8004e804   _PUT_Error_Limit__Fv
8004e778   _PUT_Error_Pls__Fv
8004e654   _PUT_Gain__Fv
8004e5c0   _PUT_In_Position__Fv
8004e540   _PUT_Position__Fv
8004e390   _PUT_Query__Fv
8004e308   _PUT_Stepper__Fv
8004e1ec   _PUT_VGain__Fv
800aa340   _Pause
800aec10   _PauseRst
800d65ec   _Pid_Dividend
80052d00   _PlanAsymTrapezoidal__FiN31fT1
800535b0   _PlanTrapezoidal__FiN21fT1
800d65f0   _Pos_Limit
800d65f4   _Pos_Stepper_Limit
80054d24   _PositionSetting__Fv
80054ab0   _Position_Command_Setting__Fv
80060cc4   _PowerOffState__FP10CONTROLBUF
8006fa1c   _ProcessBootPara__FiN21
80040260   _ProcessUserCommand__FPc
8005493c   _PulseRatioSetting__Fv
80044ec0   _PutHexa2__Fc
80044e18   _PutHexa8__FPci
80044f9c   _PutHexa8__Fi
8004e148   _PutITPQ__FiT1
8004e0f4   _Put_ASIC__Fv
8004e064   _Put_Amp_Fault_Level__Fv
8004dfe0   _Put_Amp_Fault__Fv
8004df5c   _Put_Amp_On_Level__Fv
8004ded4   _Put_Amp_Reset_Level__Fv
8004de54   _Put_Axis_Source__Fv
8004ddd0   _Put_Axis_Stat__Fv
8004dd48   _Put_Buf_Position__Fv
8004dbe4   _Put_Captured_Position__Fv
8004db60   _Put_Closed_Loop__Fv
8004dadc   _Put_Control_Cfg__Fv
8004da54   _Put_Dac_Offset__Fv
8004d9cc   _Put_E_Stop_Rate__Fv
8004d974   _Put_Empty_Interpolation__Fv
8004d8d4   _Put_Encoder__Fv
8004d848   _Put_Feedback_Device__Fv
8004d7bc   _Put_GearRatio__Fv
8004d734   _Put_Home_Level__Fv
8004d6a8   _Put_Home_Sn_Event__Fv
8004d61c   _Put_IO_Out_Data__Fv
8004d594   _Put_Index_Req__Fv
8004d504   _Put_Neg_Level__Fv
8004d480   _Put_Neg_Sn_Event__Fv
8004d3fc   _Put_PosImode__Fv
8004d374   _Put_Pos_Level__Fv
8004d2e4   _Put_Pos_Sn_Event__Fv
8004d260   _Put_Pulse_Mode__Fv
8004d1dc   _Put_Pulse_Ratio__Fv
8004d0fc   _Put_Resolution__Fv
8004d044   _Put_SW_Lower_Limit__Fv
8004cf94   _Put_SW_Upper_Limit__Fv
8004cf10   _Put_Stop_Rate__Fv
8004ce54   _Put_SyncEncoder__Fv
8004cdc4   _Put_SyncGain__Fv
8004cd94   _Put_Userio_Int_Edge__Fv
8004cd04   _Put_VelImode__Fv
8004cc80   _Put_Voltage_Device__Fv
800aa390   _Q_Buf
800d6594   _Q_in_num
800d6584   _Q_out_num
8004cc78   _RECT_Move__Fv
8004cc38   _RESET_IO_Bit__Fv
8004ca78   _ReadBootParam__FP10_UBOOTPARA
800682ec   _ReadChannel1__FPci
800682c8   _ReadChannel2__FPci
80068288   _ReadChannel__FPci
80068270   _ReadCommandAxis__Fv
8006824c   _ReadCommand__Fv
80060b80   _ReadCurPos__FP10CONTROLBUFi
8006eac0   _ReadCurrPos__Fi
8006cfb0   _ReadEepromChar__FUi
8006cf84   _ReadEepromInt__FUi
8006cf58   _ReadEepromShort__FUi
8006cda4   _ReadEepromString__FUiPci
800440d0   _ReadInPortBit__Fi
800440c4   _ReadInPort__Fv
80068224   _ReadInPos__Fi
80068218   _ReadInnerCounter__Fi
80047f4c   _ReadJtagTDO__Fv
80044168   _ReadLightValue__Fv
80068204   _ReadMem1__FPci
800681e0   _ReadMem2__FPci
800681a0   _ReadMem__FPci
800440a8   _ReadOutPort__FUi
80068164   _ReadSensor__Fi
80040340   _ReadSerialPort__Fv
80068138   _ReadServoAlarm__Fi
800680bc   _ReadUserIn64__FPi
80068088   _ReadUserIn__Fv
8006807c   _ReadZValue__Fv
8004ca24   _Read_Memory__Fv
80068074   _RearmZInt__Fv
80040c58   _RearrangeCluster__Fv
80040b48   _RearrangeFileTable__Fv
8004ca1c   _Reserved_Function__Fv
80067ff4   _ResetEncCounter__Fv
80067c70   _ResetEncoderTiming__Fi
80067c40   _ResetPulseOut__Fv
8005c6a4   _RestartFromPause__Fi
8004c4f4   _RunConfigSaveFromIPC__Fv
8004c120   _RunConfigUploadToIPC__Fv
8004b0bc   _RunUsbDispModule__Fv
8004731c   _SERIALEX_Control__Fi
80047034   _SERIALEX_Open__Fi
80047354   _SERIALEX_ReadBytes__FiPvN21
80047078   _SERIALEX_SetPort__FiN41
800475c4   _SERIALEX_WriteBytes__FiPCvT1
80045720   _SERIAL_Enable__FUi
80045f90   _SERIAL_GenChecksum__FPvi
800455e4   _SERIAL_Init__Fv
800459a8   _SERIAL_ReadAByte__FPUci
80045ae0   _SERIAL_ReadBytes__FPviT2
80045e1c   _SERIAL_ReadStxEtxString__FPciT2
80046140   _SERIAL_ReceiveFile__FP14_SER_FILE_DESCi
80044d9c   _SERIAL_ReceivedDataCnt__Fv
800468c0   _SERIAL_ReleaseFileDesc__FP14_SER_FILE_DESC
80046900   _SERIAL_SendFile__FPcPUcUii
800457ec   _SERIAL_SetPort__FiN31
8004604c   _SERIAL_TestChecksum__FPviUc
80045d94   _SERIAL_WaitCommand__FUci
80045cdc   _SERIAL_WriteAByte__FUc
80045d1c   _SERIAL_WriteBytes__FPCvi
8004c060   _SET_Delay__Fv
8004c020   _SET_IO_Bit__Fv
80067c34   _SHORT2INT__Fs
8004c018   _SPL_Arc_Move__Fv
8004c010   _SPL_Line_Move__Fv
8004c008   _SPL_Move__Fv
80040754   _SaperateFileNameAndExt__FPCcPcT2
8004bfa0   _SaveBootParam__FP10_UBOOTPARA
8004bf98   _SaveLongBlockToEeprom__Fv
8004bf88   _Save_Boot_Frame__Fv
80067bdc   _SelectFlashROM__Fv
800788e0   _SendQ
800795b4   _SerialCallback
80045048   _SerialChipInit__Fv
8004528c   _SerialISR__Fv
800456f4   _SerialSetCallback__FPFi_v
80054934   _SerialTesting__Fv
800e6380   _Service
80067b60   _ServoOff__Fi
80067ae4   _ServoOn__Fi
8004bf54   _Servo_Off__Fv
8004bf20   _Servo_On__Fv
8005c4a4   _SetAbortEvent__Fi
80047bfc   _SetDMAVect__FiPFv_v
8004be9c   _SetEncoderDirection__Fv
80067a74   _SetEncoderHwDirection__FiT1
800651ac   _SetEncoderOffset__Fv
80042e60   _SetFileFormatCallBack__FPFi_v
80047e44   _SetJtagTCK__Fi
80047e9c   _SetJtagTDI__Fi
80047ef4   _SetJtagTMS__Fi
8005c2a8   _SetStopEStopEvent__Fi
8004bde4   _SetSwPauseCheckBit__Fv
8004bd60   _SetSwPause__Fv
800678fc   _SetTimer__Fv
8004aeac   _SetUsbDispInterval__Fi
80047b44   _SetVect__FiPFv_v
800545c0   _SetVelocityRate__Fv
80047f6c   _SetupEmif__FUi
8004808c   _SetupL2Cache__Fi
80048bc4   _Sign__FUi
80054440   _SoftwareLimitSetting__Fv
8004bc70   _Start_Capture__Fv
80073ac0   _Stepper
80054250   _StopRateTesting__Fv
8004bc60   _Stop_Capture__Fv
800e6d8c   _SyncMotion
80048458   _SystemInit__Fv
8004bc48   _TMS2IEEE__Ff
80048a14   _TestChkSum__FPUciUc
8004419c   _ToggleLED__Fi
800aeb70   _Traj
800796b4   _UDM_Frame
800a96b4   _UDM_StartClk
800a96b8   _UDM_StartDisp
800796b0   _UDM_bInit
800a96bc   _UDM_nDispInterval
80049bb8   _USB_CheckSetupPacket__Fv
800e85a4   _USB_DESC_TBL
80049960   _USB_ENUM__Fv
8004ad44   _USB_EnableBulkTransfer__FUi
8004acb8   _USB_EnableInterrupts__FUi
80049164   _USB_Enumeration__Fv
80048c9c   _USB_ISR__Fv
8004970c   _USB_InitBL__Fv
80049370   _USB_Init__Fv
80049e80   _USB_IntrPoll__Fv
80049074   _USB_ReadCmdRegister__FUc
8004ab74   _USB_ReadEP0__FPviT2
8004a93c   _USB_ReceiveDataBy__FiPvN21
800796a8   _USB_SETUP_PACKET
8004a1a4   _USB_SendDataBy__FiPvN21
80049aa8   _USB_SendSX2Registers__Fv
8004ac50   _USB_SetEP0ByteCnt__Fi
80049b6c   _USB_WaitForEP0Ready__Fv
80048f2c   _USB_WriteCmdRegister__FUcT1
80048e90   _USB_WriteDelay__Fv
8004aa9c   _USB_WriteEP0__FPviT2
8004b8c0   _UploadParamToIPC__Fv
8004aedc   _UsbDispCheckSetup__Fv
8004b778   _VEL_Move__Fv
8006dffc   _VMovePos__Fi
8006df80   _VMove__Fi
800540f0   _VelLimitSetting__Fv
80054040   _Vel_Monitoring__Fv
80053f4c   _Vel_TorqSetting__Fv
8005bdb4   _VelocityMove_10msec__FP10CONTROLBUFi
80047d50   _WaitDMA__Fi
8006cb44   _WaitEepromReady__FUi
800678ec   _WriteChannel1__FPciT2
800678d4   _WriteChannel2__FPciT2
800678ac   _WriteChannel__FPciT2
80067790   _WriteDAPort__FiT1
8006cd78   _WriteEepromChar__FUiUc
8006cd4c   _WriteEepromInt__FUiT1
8006cd20   _WriteEepromShort__FUiUs
8006cbe0   _WriteEepromString__FUiPci
80067774   _WriteEncoder__FiT1
80067720   _WriteFlashMemory__FPcc
80067708   _WriteInnerCounter__FiT1
80044138   _WriteLightValue__FUc
800676f8   _WriteMem1__FPVciT2
800676e0   _WriteMem2__FPVciT2
800676b8   _WriteMem__FPVciT2
80044088   _WriteOutPortBit__FiUi
8004406c   _WriteOutPort__FUi
80067698   _WritePulseCommand__FiT1UiN31
80067690   _WriteZEnable__Fi
8004b670   _Write_Block__Fv
8004b5c0   _Write_Memory__Fv
800795fc   _XIsrTable
80077100   __CIOBUF_
80044b04   __IsSendingStopped__Fi
8006de38   __Q_vmove_pos__FifN22T1
00040000   __STACK_SIZE
00c00000   __SYSMEM_SIZE
8004b5b4   __SaveLongBlockToEeprom__Fv
80044b6c   __SendQueuePush__FiPcT1
8006e3c0   ___App_First__Fv
80065160   ___ClearStatus__Fi
80065024   ___ClearStop__Fi
800766cc   ___ClrWatchdog__Fi
800766a8   ___EnableWatchdog__Fi
8006c420   ___GetAck_eeprom__Fv
80064fb0   ___GetBufPosition__Fi
8004b580   ___GetChar__Fi
80064f94   ___GetCurPos__Fi
80064f20   ___GetDacOffset__Fi
80063130   ___GetEncoderOffset__Fi
80064ee8   ___GetErrorLimit__FiPiPc
80064ec8   ___GetErrorPls__Fi
80064e60   ___GetGain__FiPiN42
80067674   ___GetIOMode__Fv
80064e40   ___GetInPosition__Fi
8004b4b8   ___GetInt__Fi
80064ddc   ___GetIoInData__FPiT1
80064db0   ___GetIoOutData__FPiT1
80064d6c   ___GetMotorType__Fi
80064d44   ___GetPos__Fi
80064d10   ___GetSWLowerLimit__FiPiPc
80064cd8   ___GetSWUpperLimit__FiPiPc
8004b438   ___GetShort__Fi
80064c54   ___GetSyncEncoder__FPiT1
80064be4   ___GetVGain__FiPiN42
80076660   ___GetWatchdogStatus__Fv
8005bd08   ___InitGuideBuffer__Fi
80064b68   ___IsPauseCondition__Fi
80064b4c   ___IsPauseOn__Fi
800649ec   ___PtpMove__FiN41f
80053b70   ___PtpReMove__FiN41fT1
8004b424   ___PutChar__Fic
80064874   ___PutCommand__FiT1
80064858   ___PutDacOffset__FiT1
80064808   ___PutGain__FiN51
8004b414   ___PutInt__FiT1
800646cc   ___PutIoTrigger__FiT1c
80064694   ___PutPulseRatio__FiT1
80064670   ___PutSWLowerLimit__FiT1c
8004b400   ___PutShort__Fis
80064654   ___PutSyncMap__FiT1
80067638   ___ReadEncoder__Fi
8006c8cc   ___Readeeprom__Fi
800645c4   ___ResetAlarm__Fi
80067564   ___ResetIoBit__Fi
80064558   ___RsvrOnOff__FiT1
800643c4   ___ServoOff__Fi
80064268   ___ServoOn__Fi
800641dc   ___SetAlarm__Fi
800641c0   ___SetClosedLoop__FiT1
80064078   ___SetDelay__FiN21
80064034   ___SetEStopEvent__Fi
80063000   ___SetEncoderOffset__FiT1
8006400c   ___SetErrorLimit__FiT1c
80063f78   ___SetFramesClear__Fi
80067504   ___SetIOMode__Fi
80063f5c   ___SetInPosition__Fif
80063ed0   ___SetIndexReq__FiT1
80063d80   ___SetIntEStop__FiN21
80063c78   ___SetIntPcIRQ__FiN21
80063b38   ___SetIntStop__FiN21
800638a0   ___SetInterpolation__Fv
80067444   ___SetIoBit__Fi
80063854   ___SetIoIntEnable__FiT1
800673d4   ___SetIoPortValue__FiT1
8006381c   ___SetMotorType__FiT1
80063558   ___SetPosition__FiT1
8006352c   ___SetSWUpperLimit__FiT1c
800634e8   ___SetStopEvent__Fi
80063480   ___SetVGain__FiN51
8004b3f8   ___Set_Boot_Para__Fi
8006c824   ___Start_eeprom__Fv
8006c784   ___Stop_eeprom__Fv
800631e0   ___VelMove__FifT1
800e9308   ___WD_bEn
8006c5c8   ___Writeeeprom__Fc
800e8ee4   ___bss__
800e92e4   ___cb
800e7570   ___cinit__
80040000   ___data__
80075738   ___dsplib_call_callback__Fi
800756c4   ___dsplib_call_callback_param4__FiPvT1T2Pi
8007568c   ___dsplib_callback_init__Fv
80075640   ___dsplib_set_callback__FiPFv_v
80075670   ___dsplib_set_callback_param4__FiPFPviT1T2_v
80040000   ___edata__
800e9314   ___end__
80077100   ___etext__
800e7480   ___nGuideSensorBits
800e7488   ___nRcvCount
80129318   ___pinit__
80075a60   ___sti__AxisGlb_c_BootPara
800795a0   ___sz
80040260   ___text__
8006db20   __adv_v_move_pos__FifN22T1
80076560   __auto_init
800757a0   __buff_read
8007133c   __cleanup
800e732c   __cleanup_ptr
800737e0   __crc32_gen_table__Fv
800739d8   __crc32_get_crc__FPci
800e84a0   __ctypes_
80073f80   __divd
80075040   __divf
80076220   __divi
80070e60   __divli
80076b00   __divu
80070b60   __divul
800748bc   __doflush
80074504   __dsp_Find_Analog_Channel__Fi
8005e5c0   __dsp_Find_Bd_Jnt__FiPiT2
80072a10   __dsp_Find_IO_Bit__Fi
80072620   __dsp_Find_IO_Port__Fi
80065540   __dsp_PTP_Move__FifT2N31
80072760   __dsp_SetReset_Bit_IO__FiT1
800720e0   __dsp_amc_init__Fv
8006da94   __dsp_amp_fault_reset__Fi
8006da64   __dsp_amp_fault_set__Fi
800729d0   __dsp_amp_fault_switch__Fi
80072dbc   __dsp_axis_done__Fi
80072d9c   __dsp_axis_source__Fi
80072d7c   __dsp_axis_state__Fi
80072cdc   __dsp_clear_status__Fi
80072c2c   __dsp_clear_stop__Fi
8006da58   __dsp_compensation_pos__FiPiPfT2
80076c48   __dsp_dwell__FiT1
80060b48   __dsp_fget_closed_loop__FiPi
8006da34   __dsp_fget_control__FiPi
80070a6c   __dsp_fget_e_stop_rate__FiPi
800631c0   __dsp_fget_encoder_offset__Fi
80060b38   __dsp_fget_error_limit__FiPfPi
80060b14   __dsp_fget_feedback__FiPi
80060ac0   __dsp_fget_in_position__FiPf
80060a98   __dsp_fget_index_required__FiPi
80060a74   __dsp_fget_negative_limit__FiPi
80060a64   __dsp_fget_negative_sw_limit__FiPfPi
8006d9f0   __dsp_fget_offset__FiPi
80060a3c   __dsp_fget_positive_limit__FiPi
80060a0c   __dsp_fget_positive_sw_limit__FiPfPi
8006d9c8   __dsp_fget_step_mode__FiPi
80070a48   __dsp_fget_stop_rate__FiPi
8006d99c   __dsp_fget_sync_control__FPi
8006d974   __dsp_fget_tracking_factor__FiPf
800609e8   __dsp_fget_unipolar__FiPi
8006fe60   __dsp_fio_interrupt_enable__FiT1
8006fde0   __dsp_fio_interrupt_on_e_stop__FiT1
8006fd5c   __dsp_fio_interrupt_on_stop__FiT1
8006fce4   __dsp_fio_interrupt_pcirq__FiT1
80072bc8   __dsp_frames_clear__Fi
8006d92c   __dsp_fset_amp_enable_level__FiT1
800609a8   __dsp_fset_amp_fault__FiT1
80060968   __dsp_fset_amp_fault_level__FiT1
80060958   __dsp_fset_amp_reset_level__FiT1
80060860   __dsp_fset_closed_loop__FiT1
8006d8cc   __dsp_fset_control__FiT1
80070998   __dsp_fset_e_stop_rate__FiT1
8006d880   __dsp_fset_electric_gear__Fif
80063170   __dsp_fset_encoder_offset__FiT1
80060774   __dsp_fset_error_limit__FifT1
800606b8   __dsp_fset_feedback__FiT1
80060614   __dsp_fset_filter__FiPi
800605c4   __dsp_fset_home__FiT1
800605b4   __dsp_fset_home_level__FiT1
8006054c   __dsp_fset_in_position__Fif
800604d4   __dsp_fset_index_required__FiT1
80073cb4   __dsp_fset_micro_stepper__Fi
800604c4   __dsp_fset_negative_level__FiT1
80060424   __dsp_fset_negative_limit__FiT1
800602f4   __dsp_fset_negative_sw_limit__FifT1
8006d828   __dsp_fset_offset__FiT1
800701f0   __dsp_fset_p_integration__FiT1
800602e4   __dsp_fset_positive_level__FiT1
80060244   __dsp_fset_positive_limit__FiT1
80060100   __dsp_fset_positive_sw_limit__FifT1
8006d7ac   __dsp_fset_pulse_ratio__FiT1
8006000c   __dsp_fset_servo__Fi
8006d74c   __dsp_fset_step_mode__FiT1
80073c4c   __dsp_fset_stepper__Fi
800708d8   __dsp_fset_stop_rate__FiT1
800708c4   __dsp_fset_sw_pause__FiT1
800708a0   __dsp_fset_sw_pause_checkbit__FiN21
8006d714   __dsp_fset_tracking_factor__Fif
8005ff38   __dsp_fset_unipolar__FiT1
8005fe98   __dsp_fset_v_filter__FiPi
800700f8   __dsp_fset_v_integration__FiT1
8005fe34   __dsp_get_accel_limit__FiPi
800720bc   __dsp_get_act_velocity__Fi
8006d6a8   __dsp_get_amp_enable__FiPi
8006d680   __dsp_get_amp_enable_level__FiPi
8005fdc0   __dsp_get_amp_fault__FiPi
8005fd4c   __dsp_get_amp_fault_level__FiPi
8005fd14   __dsp_get_amp_reset_level__FiPi
80074560   __dsp_get_analog__FiPi
800744dc   __dsp_get_analog_offset__FiPi
8005fca0   __dsp_get_closed_loop__FiPi
8007209c   __dsp_get_com_velocity__Fi
8007201c   __dsp_get_command__FiPf
8006d648   __dsp_get_control__FiPi
80071f94   __dsp_get_counter__FiPf
800744b4   __dsp_get_dac__FiPi
8007446c   __dsp_get_dac_offset__FiPi
8007086c   __dsp_get_e_stop_rate__FiPi
8006d604   __dsp_get_electric_gear__FiPf
800673b8   __dsp_get_encoder_direction__Fi
80063150   __dsp_get_encoder_offset__Fi
80071f48   __dsp_get_error__FiPf
8005fb74   __dsp_get_error_limit__FiPfPi
8005fb04   __dsp_get_feedback__FiPi
8005fa20   __dsp_get_filter__FiPi
8005f9ac   __dsp_get_home__FiPi
8005f948   __dsp_get_home_level__FiPi
8006310c   __dsp_get_home_sn_event__Fi
8005f8f4   __dsp_get_in_position__FiPf
8005f8cc   __dsp_get_index_required__FiPi
800729a0   __dsp_get_io2__FPiT1
80072950   __dsp_get_io__FPi
800728d8   __dsp_get_io_mode__FiPi
80073c30   __dsp_get_micro_stepper__Fi
8005f868   __dsp_get_negative_level__FiPi
8005f7f8   __dsp_get_negative_limit__FiPi
8005f758   __dsp_get_negative_sw_limit__FiPfPi
8006d5bc   __dsp_get_offset__FiPi
8005f718   __dsp_get_out_io__FPi
80070078   __dsp_get_p_integration__FiPi
80071ec4   __dsp_get_position__FiPf
8005f6b4   __dsp_get_positive_level__FiPi
8005f644   __dsp_get_positive_limit__FiPi
8005f594   __dsp_get_positive_sw_limit__FiPfPi
8006d578   __dsp_get_pulse_ratio__FiPi
8005f584   __dsp_get_servo__Fi
8006d550   __dsp_get_step_mode__FiPi
8005f574   __dsp_get_stepper__Fi
80070834   __dsp_get_stop_rate__FiPi
8007081c   __dsp_get_sw_pause__FiPi
800707e4   __dsp_get_sw_pause_checkbit__FiPiT2
800707bc   __dsp_get_sw_pause_event__FiPi
8006d528   __dsp_get_sync_control__FPi
8006d500   __dsp_get_sync_gain__FPi
80071dcc   __dsp_get_sync_position__FPfT1
8006d4d8   __dsp_get_tracking_factor__FiPf
8005f504   __dsp_get_unipolar__FiPi
8005f41c   __dsp_get_v_filter__FiPi
8006fff0   __dsp_get_v_integration__FiPi
8005f31c   __dsp_get_vel_limit__FiPf
80072898   __dsp_home_switch__Fi
80072a80   __dsp_in_motion__Fi
80072b88   __dsp_in_position__Fi
80072ac0   __dsp_in_sequence__Fi
8006f990   __dsp_io_interrupt_enable__FiT1
8006f930   __dsp_io_interrupt_on_e_stop__FiT1
8006f8d0   __dsp_io_interrupt_on_stop__FiT1
8006f86c   __dsp_io_interrupt_pcirq__FiT1
8006f860   __dsp_io_interrupt_pcirq_eoi__Fi
80076c14   __dsp_io_trigger__FiN21
80072b00   __dsp_motion_done__Fi
8006731c   __dsp_move__FifT2T1
8006728c   __dsp_move_all__FiPiPfT3T2
80072858   __dsp_neg_switch__Fi
8006720c   __dsp_p_move__FifT2T1
800630a8   __dsp_param_flush__Fv
8007281c   __dsp_pos_switch__Fi
8006718c   __dsp_r_move__FifT2T1
800727ec   __dsp_reset_bit__Fi
8006710c   __dsp_rs_move__FifT2T1
8006708c   __dsp_s_move__FifT2T1
80066fdc   __dsp_s_move_all__FiPiPfT3T2
8005f254   __dsp_set_accel_limit__FiT1
8006d47c   __dsp_set_amp_enable__FiT1
8006d438   __dsp_set_amp_enable_level__FiT1
8005f228   __dsp_set_amp_fault__FiT1
8005f1d4   __dsp_set_amp_fault_level__FiT1
8005f184   __dsp_set_amp_reset_level__FiT1
8007444c   __dsp_set_analog_offset__FiT1
800727bc   __dsp_set_bit__Fi
8005f0bc   __dsp_set_closed_loop__FiT1
80071d78   __dsp_set_command__Fif
8006d40c   __dsp_set_control__FiT1
80074410   __dsp_set_dac__FiT1
800743e0   __dsp_set_dac_offset__FiT1
80070780   __dsp_set_e_stop__Fi
800706f0   __dsp_set_e_stop_rate__FiT1
8006d3b8   __dsp_set_electric_gear__Fif
800673a0   __dsp_set_encoder_direction__FiT1
80063098   __dsp_set_encoder_offset__FiT1
8005efe8   __dsp_set_error_limit__FifT1
8005ef74   __dsp_set_feedback__FiT1
8005eeb0   __dsp_set_filter__FiPi
8005ee84   __dsp_set_home__FiT1
8005edb4   __dsp_set_home_level__FiT1
80062fe0   __dsp_set_home_sn_event__FiT1
8005ed4c   __dsp_set_in_position__Fif
8005ecd4   __dsp_set_index_required__FiT1
80072730   __dsp_set_io2__FiT1
800726f0   __dsp_set_io__Fi
80072674   __dsp_set_io_mode__FiT1
80073c14   __dsp_set_micro_stepper__Fi
8005ecc4   __dsp_set_motor_type__FiT1
8005ebf8   __dsp_set_negative_level__FiT1
8005eba4   __dsp_set_negative_limit__FiT1
8005eac0   __dsp_set_negative_sw_limit__FifT1
8006d388   __dsp_set_offset__FiT1
8006ffb0   __dsp_set_p_integration__FiT1
80071d20   __dsp_set_position__FiT1
8005e9f0   __dsp_set_positive_level__FiT1
8005e994   __dsp_set_positive_limit__FiT1
8005e8e0   __dsp_set_positive_sw_limit__FifT1
8006d308   __dsp_set_pulse_ratio__FiT1
8005e828   __dsp_set_servo__Fi
8006d2dc   __dsp_set_step_mode__FiT1
80073bf8   __dsp_set_stepper__Fi
800706c0   __dsp_set_stop__Fi
800705c8   __dsp_set_stop_rate__FiT1
800705b4   __dsp_set_sw_pause__FiT1
80070538   __dsp_set_sw_pause_checkbit__FiN21
800704c0   __dsp_set_sw_pause_event__FiT1
8006d2b4   __dsp_set_sync_control__Fi
8006d28c   __dsp_set_sync_gain__Fi
8006d0dc   __dsp_set_sync_map_axes__FiT1
8006d0bc   __dsp_set_tracking_factor__Fif
8005e7b4   __dsp_set_unipolar__FiT1
8005e6fc   __dsp_set_v_filter__FiPi
8006fee0   __dsp_set_v_integration__FiT1
8005e610   __dsp_set_vel_limit__Fif
80066e8c   __dsp_start_move__FifT2T1
80066c60   __dsp_start_move_all__FiPiPfT3T2
80066b04   __dsp_start_p_move__FifT2T1
800669bc   __dsp_start_r_move__FifT2T1
80066864   __dsp_start_rs_move__FifT2T1
8006671c   __dsp_start_s_move__FifT2T1
800664f8   __dsp_start_s_move_all__FiPiPfT3T2
800660cc   __dsp_start_t_move__FifT2N21
80065790   __dsp_start_t_move_all__FiPiPfT3N22
80065e4c   __dsp_start_tr_move__FifT2N21
80065c6c   __dsp_start_trs_move__FifT2N21
80065a8c   __dsp_start_ts_move__FifT2N21
800662ac   __dsp_start_ts_move_all__FiPiPfT3N22
80066224   __dsp_t_move__FifT2N21
8006602c   __dsp_t_move_all__FiPiPfT3N22
80065fa4   __dsp_tr_move__FifT2N21
80065dc4   __dsp_trs_move__FifT2N21
80065be4   __dsp_ts_move__FifT2N21
800659d8   __dsp_ts_move_all__FiPiPfT3N22
80065480   __dsp_v_move__FifT1
8006d06c   __dsp_version_chk__FiPi
800653a0   __dsp_wait_for_all__FiPi
80065320   __dsp_wait_for_done__Fi
800e7330   __dtors_ptr
80076a40   __fixdli
80073220   __frcdivd
80076460   __frcdivf
800e69b8   __ft_end
800e6648   __ftable
800e7550   __lock
800e7558   __memory_size
800770a0   __nop
80059300   __printfi
80044dd0   __puthex__Fc
80074b60   __rd_ok
800770a8   __register_lock
800770bc   __register_unlock
80076860   __remi
80070da4   __remli
80076d40   __remu
80070aa0   __remul
800745e0   __round
800e9318   __stack
80129328   __sys_memory
800e6878   __tmpnams
80077060   __trunc
800e7554   __unlock
80074c20   __wrt_ok
800743d4   _abort
800aee10   _acc_time
800aed90   _acc_traj
80069d00   _add_device
800e6bd8   _amc_error
80073520   _atan
80074d20   _atan2
800742f8   _atexit
80074ec0   _atoi
800aa2bc   _axis_mov
80076f80   _c_int00
8004b278   _c_int02__Fv
8006b76c   _c_int03__Fv
80068e44   _calloc
8006a650   _close
800d67f0   _dbuf
800de4f0   _dbuf_cnt
800aee20   _dcc_time
800aeda0   _dcc_traj
800aecf0   _delt_g_addr
800e6208   _delt_g_intaddr
800aee30   _delt_s
800aece0   _delt_s_addr
800aecc0   _delt_s_b
800aed10   _delt_s_buff
800aecd0   _delt_s_count
800e61f8   _delt_s_intaddr
800e6238   _delt_s_intbuff
800e6218   _delt_s_intcount
800e6228   _delt_s_interruptcount
800aecb0   _delt_s_psh
8005bd00   _dummy_axisint_c__Fv
800e6630   _eDumpHdr
80071420   _ecvt
800e756c   _errno
800741c0   _exit
800aedc0   _f_cur_pls
800aedd0   _f_cur_pls_b
800aede0   _f_delt_s
800aedb0   _f_dest_pls
80075e60   _fclose
800718a0   _fcvt
800747c0   _fflush
800754e8   _fgetc
80070f60   _fopen
8007536c   _fputc
80072214   _fputs
8004b240   _frames_left__Fi
80069290   _free
80070fc8   _freopen
800760e0   _frexp
80076760   _fseek
80077c6c   _g_FS_ClusterBase
80077c40   _g_FS_FileHandle
80077c68   _g_FS_FileSystemReady
80077c34   _g_FS_ShadowClusterTable
80077c30   _g_FS_ShadowFileTable
80077c38   _g_FS_TotalNumOfBlocks
80077c3c   _g_FS_TotalNumOfCluster
800795ac   _g_SerHookFunc
8007968c   _g_bBusActivity
8007967c   _g_bENUMOK
80079688   _g_bEP0BUFReady
800796a0   _g_bEnableTransferFlag
80079694   _g_bFlags
80079680   _g_bGotSetup
8007969c   _g_bIsIntr
80079684   _g_bReadIntr
80079690   _g_bReady
800796a4   _g_bUSBOpened
80079698   _g_bWaste
800d6644   _g_f
800d6648   _g_ff
800d664c   _g_fff
800d6638   _g_i
800d663c   _g_ii
800d6640   _g_iii
80077c28   _g_nDisplayMode
80077c24   _g_nNDOKSerialMode
80077c20   _g_nNDOKSerialStxEtxStrIndex
80077c70   _g_nSerBaudrate
80077c74   _g_nSerDataBit
80077c78   _g_nSerParity
80077c7c   _g_nSerStopBit
800795b0   _g_pSerParam
80077220   _g_sNDOKSerialStxEtxString
80077c80   _g_stQueue
8006d060   _get_axis_var__FiPiPA4_iPA4_f
800754c0   _getc
800754d0   _getchar
8006b38c   _getenv
800d65d8   _inter_k
800d65e0   _inter_k2
800aed00   _jnt_run
800d65f8   _lITPCmd
800d6608   _lITPSt
800751c0   _ldexp
8006a510   _lseek
80075d20   _ltoa
800e930c   _m_nAddress
80040668   _main
80068c3c   _malloc
80069648   _memalign
80076de0   _memccpy
80073d40   _memcpy
80076340   _memset
80068bd4   _minit
800e6620   _mmHdr
80076bc0   _mmcDelay__Fi
80073aac   _mmc_all_axes__Fv
80073aa0   _mmc_axes__FiPi
800e7568   _mmc_error
80076960   _modf
800e7470   _n10msOpFlag
800e7468   _n1msOpCount
800e746c   _n5msOpFlag
800e747c   _nGuideBits
800e7478   _nIOCount
800d6628   _nITPMode
800e7474   _nSimCount
80048bdc   _nop__Fv
8006a060   _open
800e8384   _pBootPara
800aa244   _pCBuf
800e83dc   _pDownloadDPRAM
800aa240   _pGBuf
800e7358   _pRecQ
800aee40   _p_offs
800e6640   _peDumpBody
800d6778   _plsCmd
80076c80   _printf
800e7540   _ptr_icon_iport
800e7544   _ptr_icon_lamp
800e7538   _ptr_icon_oport1
800e753c   _ptr_icon_oport2
800e7530   _ptr_sys_sabs
800e7528   _ptr_sys_sctrl
800e752c   _ptr_sys_sstat
800e7518   _ptr_user_iport
800e751c   _ptr_user_iport2
800e7520   _ptr_user_iport3
800e7524   _ptr_user_iport4
800e7508   _ptr_user_oport
800e750c   _ptr_user_oport2
800e7510   _ptr_user_oport3
800e7514   _ptr_user_oport4
80075340   _putc
80075350   _putchar
800721a0   _puts
8004498c   _queue_datsize__Fi
80044600   _queue_initialize__Fi
8004480c   _queue_pop__FiPUc
80044674   _queue_push__FiUc
80075fa0   _rand
8006a294   _read
80075c6c   _readmsg
80068f00   _realloc
800e61f4   _recording_cnt
800770e0   _remove
80069f98   _remove_device
8006a800   _rename
800749a0   _setvbuf
80072e60   _sin
80075900   _sprintf
80076064   _srand
80076f00   _strcmp
80076e80   _strcpy
80077000   _strlen
800de4f4   _sum_rec
800444d4   _toAscii__Fc
800e662c   _uiEepromSaveAddr
8006a760   _unlink
800d6674   _userio_ax
800d6670   _userio_axis_enable
800d6668   _userio_axis_int
800d666c   _userio_global_int_enable
800d6658   _userio_int_data
800d665c   _userio_int_data_b
800d6664   _userio_int_edge
800d6654   _userio_int_enable
800d6660   _userio_int_flag
800d6650   _userio_mode_select
800aed70   _virtual_pos
800aedf0   _vm_cur_pls
800aee00   _vm_cur_pls_b
8006a3d0   _write
80075bc0   _writemsg
800e7570   cinit
80040000   edata
800e9314   end
80077100   etext
80129318   pinit


GLOBAL SYMBOLS: SORTED BY Symbol Address 

address    name
--------   ----
00040000   __STACK_SIZE
00c00000   __SYSMEM_SIZE
80040000   edata
80040000   ___data__
80040000   _InterruptVectors
80040000   ___edata__
80040000   .data
80040260   _ProcessUserCommand__FPc
80040260   .text
80040260   ___text__
80040340   _ReadSerialPort__Fv
80040668   _main
8004073c   _FormatBlankFunc__Fi
80040754   _SaperateFileNameAndExt__FPCcPcT2
80040990   _MakeFullFileName__FPCcT1Pc
80040b48   _RearrangeFileTable__Fv
80040c58   _RearrangeCluster__Fv
8004108c   _FindEmptyCluster__Fv
8004121c   _FindEmptyFileDesc__Fv
8004136c   _GetRemainSpace__Fv
80041460   _InitFileSystem__Fv
800416e8   _FormatFileSystem__Fv
800417b8   _FindFile__FPCc
800418f4   _FileDelete__FPCc
80041af8   _FileOpen__FPCcUi
80041f48   _IsEndOfFile__FUi
80041ff8   _FileWrite__FUiPCvT1
80042424   _FileRead__FUiPvT1
8004274c   _FileClose__FUi
80042e34   _FileGetSize__FUi
80042e60   _SetFileFormatCallBack__FPFi_v
80042ebc   _GetNumberOfFile__Fv
80042f7c   _GetNumberOfDeletedFile__Fv
80043034   _GetFileName__FiPcT1
80043254   _FMMU_GetBlockSize__Fv
80043264   _FMMU_GetBootLoaderBase__Fv
80043298   _FMMU_WriteBootLoader__FPvUi
800432b4   _FMMU_GetFPGABase__Fv
800432ec   _FMMU_WriteFPGA__FPvUi
80043308   _FMMU_GetSystemDataBase__Fv
80043340   _FMMU_EraseSystemDataBlock__Fv
80043374   _FMMU_WriteSystemDataMem__FUiPCvi
800433c8   _FMMU_InitializeFileSystem__Fv
80043440   _FMMU_ReadFileSystemMem__FUiPvi
80043490   _FMMU_WriteFileSystemMem__FUiPCvi
800434e0   _FMMU_EraseFileSystemBlock__FUi
80043574   _ControlFLASH__FiT1
800436c8   _FLASH_Init__Fv
80043718   _FLASH_Erase__FUi
800439a0   _FLASH_EraseBlock__Fi
80043d08   _FLASH_Write__FUiPCvi
80043f10   _FLASH_Read__FUiPvi
80043fa8   _FLASH_GetPhysicalAddr__FUi
80043fdc   _FLASH_BeginRead__FUi
80044054   _EnableOutPort__FUi
8004406c   _WriteOutPort__FUi
80044088   _WriteOutPortBit__FiUi
800440a8   _ReadOutPort__FUi
800440c4   _ReadInPort__Fv
800440d0   _ReadInPortBit__Fi
800440ec   _EnableLight__FUi
80044138   _WriteLightValue__FUc
80044168   _ReadLightValue__Fv
80044180   _OnLED__FiUi
8004419c   _ToggleLED__Fi
800444d4   _toAscii__Fc
8004453c   _Conv__FcUc
80044600   _queue_initialize__Fi
80044674   _queue_push__FiUc
8004480c   _queue_pop__FiPUc
8004498c   _queue_datsize__Fi
80044b04   __IsSendingStopped__Fi
80044b6c   __SendQueuePush__FiPcT1
80044d9c   _SERIAL_ReceivedDataCnt__Fv
80044dd0   __puthex__Fc
80044e18   _PutHexa8__FPci
80044ec0   _PutHexa2__Fc
80044f9c   _PutHexa8__Fi
80045048   _SerialChipInit__Fv
8004528c   _SerialISR__Fv
800455e4   _SERIAL_Init__Fv
800456f4   _SerialSetCallback__FPFi_v
80045720   _SERIAL_Enable__FUi
800457ec   _SERIAL_SetPort__FiN31
800459a8   _SERIAL_ReadAByte__FPUci
80045ae0   _SERIAL_ReadBytes__FPviT2
80045cdc   _SERIAL_WriteAByte__FUc
80045d1c   _SERIAL_WriteBytes__FPCvi
80045d94   _SERIAL_WaitCommand__FUci
80045e1c   _SERIAL_ReadStxEtxString__FPciT2
80045f90   _SERIAL_GenChecksum__FPvi
8004604c   _SERIAL_TestChecksum__FPviUc
80046140   _SERIAL_ReceiveFile__FP14_SER_FILE_DESCi
800468c0   _SERIAL_ReleaseFileDesc__FP14_SER_FILE_DESC
80046900   _SERIAL_SendFile__FPcPUcUii
80047034   _SERIALEX_Open__Fi
80047078   _SERIALEX_SetPort__FiN41
8004731c   _SERIALEX_Control__Fi
80047354   _SERIALEX_ReadBytes__FiPvN21
80047550   _GetLength__FPc
800475c4   _SERIALEX_WriteBytes__FiPCvT1
800476dc   _DummyIsr__Fv
800476e4   _ExtIsr__Fv
80047800   _DumXIsr__Fv
80047808   _DMA_ISR__Fv
80047970   _Delay__Fi
80047a58   _MicroDelay__Fi
80047b44   _SetVect__FiPFv_v
80047bfc   _SetDMAVect__FiPFv_v
80047c58   _EnableInterrupt__FiT1
80047d50   _WaitDMA__Fi
80047dc0   _InitJtagPort__Fv
80047e44   _SetJtagTCK__Fi
80047e9c   _SetJtagTDI__Fi
80047ef4   _SetJtagTMS__Fi
80047f4c   _ReadJtagTDO__Fv
80047f6c   _SetupEmif__FUi
8004808c   _SetupL2Cache__Fi
80048230   _InitPLL__Fv
80048458   _SystemInit__Fv
8004858c   _InitSystem__FUi
80048a14   _TestChkSum__FPUciUc
80048afc   _GenChkSum__FPUci
80048bac   _Beep__Fi
80048bc4   _Sign__FUi
80048bdc   _nop__Fv
80048c9c   _USB_ISR__Fv
80048e90   _USB_WriteDelay__Fv
80048f2c   _USB_WriteCmdRegister__FUcT1
80049074   _USB_ReadCmdRegister__FUc
80049164   _USB_Enumeration__Fv
80049370   _USB_Init__Fv
8004970c   _USB_InitBL__Fv
80049960   _USB_ENUM__Fv
80049aa8   _USB_SendSX2Registers__Fv
80049b6c   _USB_WaitForEP0Ready__Fv
80049bb8   _USB_CheckSetupPacket__Fv
80049e80   _USB_IntrPoll__Fv
8004a1a4   _USB_SendDataBy__FiPvN21
8004a93c   _USB_ReceiveDataBy__FiPvN21
8004aa9c   _USB_WriteEP0__FPviT2
8004ab74   _USB_ReadEP0__FPviT2
8004ac50   _USB_SetEP0ByteCnt__Fi
8004acb8   _USB_EnableInterrupts__FUi
8004ad44   _USB_EnableBulkTransfer__FUi
8004add0   _InitUsbDispModule__Fv
8004aeac   _SetUsbDispInterval__Fi
8004aedc   _UsbDispCheckSetup__Fv
8004b0bc   _RunUsbDispModule__Fv
8004b1fc   _IsDispConnect__Fv
8004b214   _GetDisplayFrame__Fv
8004b224   _GetDisplayWidth__Fv
8004b230   _GetDisplayHeight__Fv
8004b240   _frames_left__Fi
8004b278   _c_int02__Fv
8004b3f8   ___Set_Boot_Para__Fi
8004b400   ___PutShort__Fis
8004b414   ___PutInt__FiT1
8004b424   ___PutChar__Fic
8004b438   ___GetShort__Fi
8004b4b8   ___GetInt__Fi
8004b580   ___GetChar__Fi
8004b5b4   __SaveLongBlockToEeprom__Fv
8004b5c0   _Write_Memory__Fv
8004b670   _Write_Block__Fv
8004b760   _IEEE2TMS__Fi
8004b778   _VEL_Move__Fv
8004b8c0   _UploadParamToIPC__Fv
8004bc48   _TMS2IEEE__Ff
8004bc60   _Stop_Capture__Fv
8004bc70   _Start_Capture__Fv
8004bd60   _SetSwPause__Fv
8004bde4   _SetSwPauseCheckBit__Fv
8004be9c   _SetEncoderDirection__Fv
8004bf20   _Servo_On__Fv
8004bf54   _Servo_Off__Fv
8004bf88   _Save_Boot_Frame__Fv
8004bf98   _SaveLongBlockToEeprom__Fv
8004bfa0   _SaveBootParam__FP10_UBOOTPARA
8004c008   _SPL_Move__Fv
8004c010   _SPL_Line_Move__Fv
8004c018   _SPL_Arc_Move__Fv
8004c020   _SET_IO_Bit__Fv
8004c060   _SET_Delay__Fv
8004c120   _RunConfigUploadToIPC__Fv
8004c4f4   _RunConfigSaveFromIPC__Fv
8004ca1c   _Reserved_Function__Fv
8004ca24   _Read_Memory__Fv
8004ca78   _ReadBootParam__FP10_UBOOTPARA
8004cc38   _RESET_IO_Bit__Fv
8004cc78   _RECT_Move__Fv
8004cc80   _Put_Voltage_Device__Fv
8004cd04   _Put_VelImode__Fv
8004cd94   _Put_Userio_Int_Edge__Fv
8004cdc4   _Put_SyncGain__Fv
8004ce54   _Put_SyncEncoder__Fv
8004cf10   _Put_Stop_Rate__Fv
8004cf94   _Put_SW_Upper_Limit__Fv
8004d044   _Put_SW_Lower_Limit__Fv
8004d0fc   _Put_Resolution__Fv
8004d1dc   _Put_Pulse_Ratio__Fv
8004d260   _Put_Pulse_Mode__Fv
8004d2e4   _Put_Pos_Sn_Event__Fv
8004d374   _Put_Pos_Level__Fv
8004d3fc   _Put_PosImode__Fv
8004d480   _Put_Neg_Sn_Event__Fv
8004d504   _Put_Neg_Level__Fv
8004d594   _Put_Index_Req__Fv
8004d61c   _Put_IO_Out_Data__Fv
8004d6a8   _Put_Home_Sn_Event__Fv
8004d734   _Put_Home_Level__Fv
8004d7bc   _Put_GearRatio__Fv
8004d848   _Put_Feedback_Device__Fv
8004d8d4   _Put_Encoder__Fv
8004d954   _GetLeftQ__Fi
8004d974   _Put_Empty_Interpolation__Fv
8004d9cc   _Put_E_Stop_Rate__Fv
8004da54   _Put_Dac_Offset__Fv
8004dadc   _Put_Control_Cfg__Fv
8004db60   _Put_Closed_Loop__Fv
8004dbe4   _Put_Captured_Position__Fv
8004dd48   _Put_Buf_Position__Fv
8004ddd0   _Put_Axis_Stat__Fv
8004de54   _Put_Axis_Source__Fv
8004ded4   _Put_Amp_Reset_Level__Fv
8004df5c   _Put_Amp_On_Level__Fv
8004dfe0   _Put_Amp_Fault__Fv
8004e064   _Put_Amp_Fault_Level__Fv
8004e0f4   _Put_ASIC__Fv
8004e148   _PutITPQ__FiT1
8004e1ec   _PUT_VGain__Fv
8004e308   _PUT_Stepper__Fv
8004e390   _PUT_Query__Fv
8004e540   _PUT_Position__Fv
8004e5c0   _PUT_In_Position__Fv
8004e654   _PUT_Gain__Fv
8004e778   _PUT_Error_Pls__Fv
8004e804   _PUT_Error_Limit__Fv
8004e8bc   _PUT_Empty_Frame__Fv
8004e91c   _PUT_Curr_Pos__Fv
8004e99c   _PTP_Move__Fv
8004eb58   _NoOperation__Fv
8004ebb0   _Main_Delay__Fv
8004ec18   _LoadLongBlockFromEeprom__FUiPcPUiT3i
8004ed18   _IsQEmpty__Fi
8004ed3c   _InitITPQ__Fi
8004ee40   _InitBootParam__FP10_UBOOTPARA
8004f594   _IO_Mode_Set__Fv
8004f5d0   _IO_Mode_Put__Fv
8004f614   _Get_Voltage_Device__Fv
8004f698   _Get_VelImode__Fv
8004f71c   _Get_Userio_Int_Edge__Fv
8004f77c   _Get_SyncOn__Fv
8004f784   _Get_SyncOff__Fv
8004f78c   _Get_SyncMap__Fv
8004f81c   _Get_SyncGain__Fv
8004f874   _Get_Stop_Rate__Fv
8004f8f8   _Get_Stop_Event__Fv
8004f928   _Get_SW_Upper_Limit__Fv
8004f9dc   _Get_SW_Lower_Limit__Fv
8004fa90   _Get_Resolution__Fv
8004fbf4   _Get_Pulse_Ratio__Fv
8004fc78   _Get_Pulse_Mode__Fv
8004fcfc   _Get_Pos_Sn_Event__Fv
8004fd80   _Get_Pos_Level__Fv
8004fe04   _Get_PosImode__Fv
8004fe94   _Get_Neg_Sn_Event__Fv
8004ff18   _Get_Neg_Level__Fv
8004ff9c   _Get_Interpolation__Fv
8004ffac   _Get_Int_Stop__Fv
8005005c   _Get_Int_PcIRQ__Fv
80050110   _Get_Int_E_Stop__Fv
800501c0   _Get_Index_Req__Fv
80050244   _Get_IO_Trigger__Fv
800502fc   _Get_IO_Int_Enable__Fv
80050380   _Get_Home_Sn_Event__Fv
80050404   _Get_Home_Level__Fv
80050494   _Get_GearRatio__Fv
8005051c   _Get_Frames_Clear__Fv
80050598   _Get_Feedback_Device__Fv
8005061c   _Get_E_Stop_Rate__Fv
800506a0   _Get_E_Stop_Event__Fv
800506d0   _Get_Dac_Offset__Fv
80050754   _Get_Control_Cfg__Fv
800507d8   _Get_Compensation_Pos__Fv
800507e0   _Get_Command__Fv
80050864   _Get_Closed_Loop__Fv
800508f4   _Get_Axis_Boot_Memory__Fv
80050904   _Get_Amp_Reset_Level__Fv
80050994   _Get_Amp_On_Level__Fv
80050a18   _Get_Amp_Fault__Fv
80050a9c   _Get_Amp_Fault_Level__Fv
80050b20   _Get_Abs_Encoder__Fv
80050f14   _GetSwPauseEvent__Fv
80050f9c   _GetSwPauseCheckBit__Fv
80051058   _GetStatusWatchdog__Fv
8005109c   _GetITPQ__Fi
80051138   _GetEncoderDirection__Fv
800511bc   _GET_VGain__Fv
800512dc   _GET_Stepper__Fv
80051360   _GET_Position__Fv
800513e4   _GET_In_Position__Fv
80051478   _GET_IO_Port__Fv
80051510   _GET_Gain__Fv
80051630   _GET_Error_Limit__Fv
800516e0   _GET_Boot_Memory__Fv
800516f8   _Exist_Check__Fv
80051700   _EnableWatchdog__Fv
80051730   _Copy_BootPara_2_Para__Fv
80051c34   _DnloadParamFromIPC__Fv
800521a8   _AcceptString__Fv
80052540   _CP_Line_Move__Fv
80052548   _Clear_Stop__Fv
800525c8   _Clear_Status__Fv
8005265c   _Alarm_Set__Fv
8005268c   _Alarm_Reset__Fv
800526bc   _CP_Move__Fv
800526c4   _Dpr_Int__Fv
80052860   _Copy_Para_2_BootPara__Fv
80052d00   _PlanAsymTrapezoidal__FiN31fT1
800535b0   _PlanTrapezoidal__FiN21fT1
80053b70   ___PtpReMove__FiN41fT1
80053f4c   _Vel_TorqSetting__Fv
80054040   _Vel_Monitoring__Fv
800540f0   _VelLimitSetting__Fv
80054250   _StopRateTesting__Fv
80054440   _SoftwareLimitSetting__Fv
800545c0   _SetVelocityRate__Fv
80054934   _SerialTesting__Fv
8005493c   _PulseRatioSetting__Fv
80054ab0   _Position_Command_Setting__Fv
80054d24   _PositionSetting__Fv
80054e54   _PTPMove__FiT1
80054ed4   _OutTesting__Fv
80055088   _NdokOnSerialEvent__FPCUci
80055090   _NdokOnLowIdleEvent__Fv
80055098   _NdokOnIdleEvent__Fv
800550a0   _InitPara__Fv
80055bb8   _NdokMain__Fv
80055d40   _MotorTypeSetting__Fv
80055df4   _LimitTesting__Fv
80055ec0   _LimitSwitchTesting__Fv
80056084   _LimitEventTesting__Fv
80056248   _GetDS__Fi
800564ec   _Interpolation__Fv
800569ec   _InitBdParameter__Fv
80056d94   _InTesting__Fv
80056e20   _INPositionSetTesting__Fv
80056f9c   _ICon_OutTesting__Fv
8005704c   _ICon_IOTesting__Fv
800572c4   _HomeSensorTesting__Fv
80057500   _GuideTesting__Fv
80057544   _GetOutIOTest__Fv
800575d8   _GainSetting__Fv
800578f4   _FrameBufferTest__Fv
800579e8   _FeedbackSetting__Fv
80057ae0   _EncoderOffsetTesting__Fv
80057c68   _Eeprom_Test__Fv
8005824c   _DSPLibTesting__Fv
8005852c   _DACPolSetting__Fv
80058620   _DACOffsetTesting__Fv
80058708   _ControlLoopSetting__Fv
80058800   _CommandQueueParsing__Fi
80058d68   _AMPResetLevelTesting__Fv
80058f1c   _AMPFaultTesting__Fv
8005903c   _AMPEnableTesting__Fv
80059300   __printfi
8005bd00   _dummy_axisint_c__Fv
8005bd08   ___InitGuideBuffer__Fi
8005bdb4   _VelocityMove_10msec__FP10CONTROLBUFi
8005c2a8   _SetStopEStopEvent__Fi
8005c4a4   _SetAbortEvent__Fi
8005c6a4   _RestartFromPause__Fi
8005c798   _Interpolation_10msec__FP10CONTROLBUFi
8005cc94   _InitGuideSensorPort__Fi
8005cd08   _ClearSWPauseFlag__Fi
8005cdd0   _ClearPauseFlag__Fi
8005ce90   _CheckPause__Fi
8005d208   _CheckInPos__Fv
8005d3d4   _CheckGuideSensor__Fv
8005d66c   _CheckAndClear_PauseRst__FP10CONTROLBUFi
8005d690   _AMC_Int5ms__Fv
8005e4f8   _AMC_Int10ms__Fv
8005e5c0   __dsp_Find_Bd_Jnt__FiPiT2
8005e610   __dsp_set_vel_limit__Fif
8005e6fc   __dsp_set_v_filter__FiPi
8005e7b4   __dsp_set_unipolar__FiT1
8005e828   __dsp_set_servo__Fi
8005e8e0   __dsp_set_positive_sw_limit__FifT1
8005e994   __dsp_set_positive_limit__FiT1
8005e9f0   __dsp_set_positive_level__FiT1
8005eac0   __dsp_set_negative_sw_limit__FifT1
8005eba4   __dsp_set_negative_limit__FiT1
8005ebf8   __dsp_set_negative_level__FiT1
8005ecc4   __dsp_set_motor_type__FiT1
8005ecd4   __dsp_set_index_required__FiT1
8005ed4c   __dsp_set_in_position__Fif
8005edb4   __dsp_set_home_level__FiT1
8005ee84   __dsp_set_home__FiT1
8005eeb0   __dsp_set_filter__FiPi
8005ef74   __dsp_set_feedback__FiT1
8005efe8   __dsp_set_error_limit__FifT1
8005f0bc   __dsp_set_closed_loop__FiT1
8005f184   __dsp_set_amp_reset_level__FiT1
8005f1d4   __dsp_set_amp_fault_level__FiT1
8005f228   __dsp_set_amp_fault__FiT1
8005f254   __dsp_set_accel_limit__FiT1
8005f31c   __dsp_get_vel_limit__FiPf
8005f41c   __dsp_get_v_filter__FiPi
8005f504   __dsp_get_unipolar__FiPi
8005f574   __dsp_get_stepper__Fi
8005f584   __dsp_get_servo__Fi
8005f594   __dsp_get_positive_sw_limit__FiPfPi
8005f644   __dsp_get_positive_limit__FiPi
8005f6b4   __dsp_get_positive_level__FiPi
8005f718   __dsp_get_out_io__FPi
8005f758   __dsp_get_negative_sw_limit__FiPfPi
8005f7f8   __dsp_get_negative_limit__FiPi
8005f868   __dsp_get_negative_level__FiPi
8005f8cc   __dsp_get_index_required__FiPi
8005f8f4   __dsp_get_in_position__FiPf
8005f948   __dsp_get_home_level__FiPi
8005f9ac   __dsp_get_home__FiPi
8005fa20   __dsp_get_filter__FiPi
8005fb04   __dsp_get_feedback__FiPi
8005fb74   __dsp_get_error_limit__FiPfPi
8005fca0   __dsp_get_closed_loop__FiPi
8005fd14   __dsp_get_amp_reset_level__FiPi
8005fd4c   __dsp_get_amp_fault_level__FiPi
8005fdc0   __dsp_get_amp_fault__FiPi
8005fe34   __dsp_get_accel_limit__FiPi
8005fe98   __dsp_fset_v_filter__FiPi
8005ff38   __dsp_fset_unipolar__FiT1
8006000c   __dsp_fset_servo__Fi
80060100   __dsp_fset_positive_sw_limit__FifT1
80060244   __dsp_fset_positive_limit__FiT1
800602e4   __dsp_fset_positive_level__FiT1
800602f4   __dsp_fset_negative_sw_limit__FifT1
80060424   __dsp_fset_negative_limit__FiT1
800604c4   __dsp_fset_negative_level__FiT1
800604d4   __dsp_fset_index_required__FiT1
8006054c   __dsp_fset_in_position__Fif
800605b4   __dsp_fset_home_level__FiT1
800605c4   __dsp_fset_home__FiT1
80060614   __dsp_fset_filter__FiPi
800606b8   __dsp_fset_feedback__FiT1
80060774   __dsp_fset_error_limit__FifT1
80060860   __dsp_fset_closed_loop__FiT1
80060958   __dsp_fset_amp_reset_level__FiT1
80060968   __dsp_fset_amp_fault_level__FiT1
800609a8   __dsp_fset_amp_fault__FiT1
800609e8   __dsp_fget_unipolar__FiPi
80060a0c   __dsp_fget_positive_sw_limit__FiPfPi
80060a3c   __dsp_fget_positive_limit__FiPi
80060a64   __dsp_fget_negative_sw_limit__FiPfPi
80060a74   __dsp_fget_negative_limit__FiPi
80060a98   __dsp_fget_index_required__FiPi
80060ac0   __dsp_fget_in_position__FiPf
80060b14   __dsp_fget_feedback__FiPi
80060b38   __dsp_fget_error_limit__FiPfPi
80060b48   __dsp_fget_closed_loop__FiPi
80060b80   _ReadCurPos__FP10CONTROLBUFi
80060cc4   _PowerOffState__FP10CONTROLBUF
80060d90   _LinearInterpolation__FP10CONTROLBUFi
80060fdc   _GetValueWithLimit__FfT1
80061010   _GetGoalDist__FP10CONTROLBUF
800610a4   _ConvertTorque__FP10CONTROLBUF
80061124   _GenerateOutput__FP10CONTROLBUFi
800613c8   _CheckSWLimit__FP10CONTROLBUFi
80061484   _ControlStepper__FP10CONTROLBUF
80061634   _ControlServo__FP10CONTROLBUF
80061a84   _CheckEnvelope__FP10CONTROLBUF
80061af8   _ControlPosition__FP10CONTROLBUFi
80061e18   _ControlVelocity__FP10CONTROLBUFi
80062068   _AmpFaultSet__FP10CONTROLBUF
800620b0   _AmpFaultReset__FP10CONTROLBUF
800620d8   _CheckServo__FP10CONTROLBUFi
80062280   _ChkPosSet__FP10CONTROLBUF
800622c0   _ChkPosReset__FP10CONTROLBUF
800622ec   _ChkPosLimit__FP10CONTROLBUFi
800623dc   _ChkHomeSet__FP10CONTROLBUF
8006241c   _ChkHomeReset__FP10CONTROLBUF
8006244c   _ChkHomeLimit__FP10CONTROLBUFi
80062548   _ChkNegSet__FP10CONTROLBUF
80062590   _ChkNegReset__FP10CONTROLBUF
800625b8   _ChkNegLimit__FP10CONTROLBUFi
800626a8   _CheckSensor__FP10CONTROLBUFi
800627d0   _CheckSWInPos__FP10CONTROLBUFi
800628c0   _CheckSWPauseCondition__FP10CONTROLBUFi
80062918   _CheckUserIOInt__Fi
80062b90   _Control_Int1ms__Fv
80062f58   _CheckInPosSignal__FP10CONTROLBUFi
80062fe0   __dsp_set_home_sn_event__FiT1
80063000   ___SetEncoderOffset__FiT1
80063098   __dsp_set_encoder_offset__FiT1
800630a8   __dsp_param_flush__Fv
8006310c   __dsp_get_home_sn_event__Fi
80063130   ___GetEncoderOffset__Fi
80063150   __dsp_get_encoder_offset__Fi
80063170   __dsp_fset_encoder_offset__FiT1
800631c0   __dsp_fget_encoder_offset__Fi
800631e0   ___VelMove__FifT1
80063480   ___SetVGain__FiN51
800634e8   ___SetStopEvent__Fi
8006352c   ___SetSWUpperLimit__FiT1c
80063558   ___SetPosition__FiT1
8006381c   ___SetMotorType__FiT1
80063854   ___SetIoIntEnable__FiT1
800638a0   ___SetInterpolation__Fv
80063b38   ___SetIntStop__FiN21
80063c78   ___SetIntPcIRQ__FiN21
80063d80   ___SetIntEStop__FiN21
80063ed0   ___SetIndexReq__FiT1
80063f5c   ___SetInPosition__Fif
80063f78   ___SetFramesClear__Fi
8006400c   ___SetErrorLimit__FiT1c
80064034   ___SetEStopEvent__Fi
80064078   ___SetDelay__FiN21
800641c0   ___SetClosedLoop__FiT1
800641dc   ___SetAlarm__Fi
80064268   ___ServoOn__Fi
800643c4   ___ServoOff__Fi
80064558   ___RsvrOnOff__FiT1
800645c4   ___ResetAlarm__Fi
80064654   ___PutSyncMap__FiT1
80064670   ___PutSWLowerLimit__FiT1c
80064694   ___PutPulseRatio__FiT1
800646cc   ___PutIoTrigger__FiT1c
80064808   ___PutGain__FiN51
80064858   ___PutDacOffset__FiT1
80064874   ___PutCommand__FiT1
800649ec   ___PtpMove__FiN41f
80064b4c   ___IsPauseOn__Fi
80064b68   ___IsPauseCondition__Fi
80064be4   ___GetVGain__FiPiN42
80064c54   ___GetSyncEncoder__FPiT1
80064cd8   ___GetSWUpperLimit__FiPiPc
80064d10   ___GetSWLowerLimit__FiPiPc
80064d44   ___GetPos__Fi
80064d6c   ___GetMotorType__Fi
80064db0   ___GetIoOutData__FPiT1
80064ddc   ___GetIoInData__FPiT1
80064e40   ___GetInPosition__Fi
80064e60   ___GetGain__FiPiN42
80064ec8   ___GetErrorPls__Fi
80064ee8   ___GetErrorLimit__FiPiPc
80064f20   ___GetDacOffset__Fi
80064f94   ___GetCurPos__Fi
80064fb0   ___GetBufPosition__Fi
80065024   ___ClearStop__Fi
80065160   ___ClearStatus__Fi
800651ac   _SetEncoderOffset__Fv
800652bc   _GetEncoderOffset__Fv
80065320   __dsp_wait_for_done__Fi
800653a0   __dsp_wait_for_all__FiPi
80065480   __dsp_v_move__FifT1
80065540   __dsp_PTP_Move__FifT2N31
80065790   __dsp_start_t_move_all__FiPiPfT3N22
800659d8   __dsp_ts_move_all__FiPiPfT3N22
80065a8c   __dsp_start_ts_move__FifT2N21
80065be4   __dsp_ts_move__FifT2N21
80065c6c   __dsp_start_trs_move__FifT2N21
80065dc4   __dsp_trs_move__FifT2N21
80065e4c   __dsp_start_tr_move__FifT2N21
80065fa4   __dsp_tr_move__FifT2N21
8006602c   __dsp_t_move_all__FiPiPfT3N22
800660cc   __dsp_start_t_move__FifT2N21
80066224   __dsp_t_move__FifT2N21
800662ac   __dsp_start_ts_move_all__FiPiPfT3N22
800664f8   __dsp_start_s_move_all__FiPiPfT3T2
8006671c   __dsp_start_s_move__FifT2T1
80066864   __dsp_start_rs_move__FifT2T1
800669bc   __dsp_start_r_move__FifT2T1
80066b04   __dsp_start_p_move__FifT2T1
80066c60   __dsp_start_move_all__FiPiPfT3T2
80066e8c   __dsp_start_move__FifT2T1
80066fdc   __dsp_s_move_all__FiPiPfT3T2
8006708c   __dsp_s_move__FifT2T1
8006710c   __dsp_rs_move__FifT2T1
8006718c   __dsp_r_move__FifT2T1
8006720c   __dsp_p_move__FifT2T1
8006728c   __dsp_move_all__FiPiPfT3T2
8006731c   __dsp_move__FifT2T1
800673a0   __dsp_set_encoder_direction__FiT1
800673b8   __dsp_get_encoder_direction__Fi
800673d4   ___SetIoPortValue__FiT1
80067444   ___SetIoBit__Fi
80067504   ___SetIOMode__Fi
80067564   ___ResetIoBit__Fi
80067638   ___ReadEncoder__Fi
80067674   ___GetIOMode__Fv
80067690   _WriteZEnable__Fi
80067698   _WritePulseCommand__FiT1UiN31
800676b8   _WriteMem__FPVciT2
800676e0   _WriteMem2__FPVciT2
800676f8   _WriteMem1__FPVciT2
80067708   _WriteInnerCounter__FiT1
80067720   _WriteFlashMemory__FPcc
80067774   _WriteEncoder__FiT1
80067790   _WriteDAPort__FiT1
800678ac   _WriteChannel__FPciT2
800678d4   _WriteChannel2__FPciT2
800678ec   _WriteChannel1__FPciT2
800678fc   _SetTimer__Fv
80067a74   _SetEncoderHwDirection__FiT1
80067ae4   _ServoOn__Fi
80067b60   _ServoOff__Fi
80067bdc   _SelectFlashROM__Fv
80067c34   _SHORT2INT__Fs
80067c40   _ResetPulseOut__Fv
80067c70   _ResetEncoderTiming__Fi
80067ff4   _ResetEncCounter__Fv
80068074   _RearmZInt__Fv
8006807c   _ReadZValue__Fv
80068088   _ReadUserIn__Fv
800680bc   _ReadUserIn64__FPi
80068138   _ReadServoAlarm__Fi
80068164   _ReadSensor__Fi
800681a0   _ReadMem__FPci
800681e0   _ReadMem2__FPci
80068204   _ReadMem1__FPci
80068218   _ReadInnerCounter__Fi
80068224   _ReadInPos__Fi
8006824c   _ReadCommand__Fv
80068270   _ReadCommandAxis__Fv
80068288   _ReadChannel__FPci
800682c8   _ReadChannel2__FPci
800682ec   _ReadChannel1__FPci
80068300   _InitPosition__Fv
80068514   _InitPIDGain__Fv
8006861c   _InitMotorParameters__Fv
8006865c   _ControlIdle__Fv
800686c0   _ClearDPRInt__Fv
800686e0   _InitDA__Fv
80068714   _InitHardware__Fv
800689a4   _EchoCommand__Fi
80068bd4   _minit
80068c3c   _malloc
80068e44   _calloc
80068f00   _realloc
80069290   _free
80069648   _memalign
80069d00   _add_device
80069f98   _remove_device
8006a060   _open
8006a294   _read
8006a3d0   _write
8006a510   _lseek
8006a650   _close
8006a760   _unlink
8006a800   _rename
8006a920   _HOSTopen
8006aac0   _HOSTclose
8006abb4   _HOSTread
8006ad04   _HOSTwrite
8006ae44   _HOSTlseek
8006afa8   _HOSTunlink
8006b0f8   _HOSTrename
8006b38c   _getenv
8006b52c   _HOSTtime
8006b614   _HOSTclock
8006b700   _COM_PutQ__FP5QUEUEc
8006b76c   _c_int03__Fv
8006b878   _COM_GetQ__FP5QUEUE
8006b8d8   _COM_InitQ__FP5QUEUE
8006b8f4   _COM_Error__Fv
8006b93c   _COM_WaitSTX_State__Fv
8006ba0c   _COM_MakeASCII__Fc
8006ba34   _COM_AnalysePacket__Fv
8006bcd0   _COM_WaitETX_State__Fv
8006bf58   _COM_SetBaudRate__FPii
8006bf7c   _COM_SelectAxis__Fc
8006bfe8   _COM_ReturnDataStatus__Fv
8006bffc   _COM_AllocQ__Fi
8006c058   _COM_OpenPort__Fv
8006c0d0   _COM_InitPort__FPiiN32
8006c118   _COM_Init__Fv
8006c1f4   _COM_IncreaseTime__Fv
8006c234   _COM_GetAbsPos__FPi
8006c278   _COM_EnableRecieve__Fv
8006c31c   _COM_Disable_State__Fv
8006c370   _COM_DoOverAgain__Fv
8006c3f0   _COM_DisableRecieve__Fv
8006c3f8   _COM_ClosePort__Fv
8006c420   ___GetAck_eeprom__Fv
8006c5c8   ___Writeeeprom__Fc
8006c784   ___Stop_eeprom__Fv
8006c824   ___Start_eeprom__Fv
8006c8cc   ___Readeeprom__Fi
8006cad0   _EepromReady__FUi
8006cb44   _WaitEepromReady__FUi
8006cbe0   _WriteEepromString__FUiPci
8006cd20   _WriteEepromShort__FUiUs
8006cd4c   _WriteEepromInt__FUiT1
8006cd78   _WriteEepromChar__FUiUc
8006cda4   _ReadEepromString__FUiPci
8006cf58   _ReadEepromShort__FUi
8006cf84   _ReadEepromInt__FUi
8006cfb0   _ReadEepromChar__FUi
8006cfdc   _Init_eeprom__Fv
8006d060   _get_axis_var__FiPiPA4_iPA4_f
8006d06c   __dsp_version_chk__FiPi
8006d0bc   __dsp_set_tracking_factor__Fif
8006d0dc   __dsp_set_sync_map_axes__FiT1
8006d28c   __dsp_set_sync_gain__Fi
8006d2b4   __dsp_set_sync_control__Fi
8006d2dc   __dsp_set_step_mode__FiT1
8006d308   __dsp_set_pulse_ratio__FiT1
8006d388   __dsp_set_offset__FiT1
8006d3b8   __dsp_set_electric_gear__Fif
8006d40c   __dsp_set_control__FiT1
8006d438   __dsp_set_amp_enable_level__FiT1
8006d47c   __dsp_set_amp_enable__FiT1
8006d4d8   __dsp_get_tracking_factor__FiPf
8006d500   __dsp_get_sync_gain__FPi
8006d528   __dsp_get_sync_control__FPi
8006d550   __dsp_get_step_mode__FiPi
8006d578   __dsp_get_pulse_ratio__FiPi
8006d5bc   __dsp_get_offset__FiPi
8006d604   __dsp_get_electric_gear__FiPf
8006d648   __dsp_get_control__FiPi
8006d680   __dsp_get_amp_enable_level__FiPi
8006d6a8   __dsp_get_amp_enable__FiPi
8006d714   __dsp_fset_tracking_factor__Fif
8006d74c   __dsp_fset_step_mode__FiT1
8006d7ac   __dsp_fset_pulse_ratio__FiT1
8006d828   __dsp_fset_offset__FiT1
8006d880   __dsp_fset_electric_gear__Fif
8006d8cc   __dsp_fset_control__FiT1
8006d92c   __dsp_fset_amp_enable_level__FiT1
8006d974   __dsp_fget_tracking_factor__FiPf
8006d99c   __dsp_fget_sync_control__FPi
8006d9c8   __dsp_fget_step_mode__FiPi
8006d9f0   __dsp_fget_offset__FiPi
8006da34   __dsp_fget_control__FiPi
8006da58   __dsp_compensation_pos__FiPiPfT2
8006da64   __dsp_amp_fault_set__Fi
8006da94   __dsp_amp_fault_reset__Fi
8006dae0   _CalcInternalSpeed__Ff
8006db20   __adv_v_move_pos__FifN22T1
8006de38   __Q_vmove_pos__FifN22T1
8006df80   _VMove__Fi
8006dffc   _VMovePos__Fi
8006e070   _DPR_VMove__Fv
8006e220   _DPR_VMovePos__Fv
8006e3c0   ___App_First__Fv
8006e428   _Appl_Prev_Main__Fv
8006e8ec   _Appl_Int10__Fv
8006eaa4   _Appl_Body_Main__Fv
8006eac0   _ReadCurrPos__Fi
8006eacc   _CAP_SetFlag__Fi
8006eae0   _CAP_SetBitNo__Fi
8006eaf4   _CAP_SetAx__Fi
8006eb08   _CAP_ReadIO__Fv
8006eb50   _CAP_PutPt__Fic
8006ebbc   _CAP_IsFull__Fv
8006ebd8   _CAP_GetLeftQ__Fv
8006ebf4   _CAP_IsEmpty__Fv
8006ec1c   _CAP_Init__Fv
8006ed50   _CAP_GetPt__FPiPc
8006eddc   _CAP_GetFilteredSig__Fc
8006edf0   _CAP_GetFilledQ__Fv
8006ee04   _CAP_GetBitNo__Fv
8006ee18   _CAP_GetAx__Fv
8006ee30   _CAP_Enable__Fv
8006ee48   _CAP_DoCapture__Fv
8006f094   _CAP_Disable__Fv
8006f0ac   _CAP_ClearPtBuf__Fv
8006f1a0   _I2C_Triggering1__Fv
8006f298   _I2C_Triggering0__Fv
8006f398   _I2C_IsrSendBytes1__Fv
8006f4d0   _I2C_IsrSendBytes0__Fv
8006f604   _I2C_Init1__Fv
8006f724   _I2C_Init0__Fv
8006f860   __dsp_io_interrupt_pcirq_eoi__Fi
8006f86c   __dsp_io_interrupt_pcirq__FiT1
8006f8d0   __dsp_io_interrupt_on_stop__FiT1
8006f930   __dsp_io_interrupt_on_e_stop__FiT1
8006f990   __dsp_io_interrupt_enable__FiT1
8006fa1c   _ProcessBootPara__FiN21
8006fce4   __dsp_fio_interrupt_pcirq__FiT1
8006fd5c   __dsp_fio_interrupt_on_stop__FiT1
8006fde0   __dsp_fio_interrupt_on_e_stop__FiT1
8006fe60   __dsp_fio_interrupt_enable__FiT1
8006fee0   __dsp_set_v_integration__FiT1
8006ffb0   __dsp_set_p_integration__FiT1
8006fff0   __dsp_get_v_integration__FiPi
80070078   __dsp_get_p_integration__FiPi
800700f8   __dsp_fset_v_integration__FiT1
800701f0   __dsp_fset_p_integration__FiT1
80070278   _Gain_RW
800704c0   __dsp_set_sw_pause_event__FiT1
80070538   __dsp_set_sw_pause_checkbit__FiN21
800705b4   __dsp_set_sw_pause__FiT1
800705c8   __dsp_set_stop_rate__FiT1
800706c0   __dsp_set_stop__Fi
800706f0   __dsp_set_e_stop_rate__FiT1
80070780   __dsp_set_e_stop__Fi
800707bc   __dsp_get_sw_pause_event__FiPi
800707e4   __dsp_get_sw_pause_checkbit__FiPiT2
8007081c   __dsp_get_sw_pause__FiPi
80070834   __dsp_get_stop_rate__FiPi
8007086c   __dsp_get_e_stop_rate__FiPi
800708a0   __dsp_fset_sw_pause_checkbit__FiN21
800708c4   __dsp_fset_sw_pause__FiT1
800708d8   __dsp_fset_stop_rate__FiT1
80070998   __dsp_fset_e_stop_rate__FiT1
80070a48   __dsp_fget_stop_rate__FiPi
80070a6c   __dsp_fget_e_stop_rate__FiPi
80070aa0   __remul
80070b60   __divul
80070da4   __remli
80070e60   __divli
80070f60   _fopen
80070fc8   _freopen
8007133c   __cleanup
80071420   _ecvt
800718a0   _fcvt
80071d20   __dsp_set_position__FiT1
80071d78   __dsp_set_command__Fif
80071dcc   __dsp_get_sync_position__FPfT1
80071ec4   __dsp_get_position__FiPf
80071f48   __dsp_get_error__FiPf
80071f94   __dsp_get_counter__FiPf
8007201c   __dsp_get_command__FiPf
8007209c   __dsp_get_com_velocity__Fi
800720bc   __dsp_get_act_velocity__Fi
800720e0   __dsp_amc_init__Fv
800721a0   _puts
80072214   _fputs
80072620   __dsp_Find_IO_Port__Fi
80072674   __dsp_set_io_mode__FiT1
800726f0   __dsp_set_io__Fi
80072730   __dsp_set_io2__FiT1
80072760   __dsp_SetReset_Bit_IO__FiT1
800727bc   __dsp_set_bit__Fi
800727ec   __dsp_reset_bit__Fi
8007281c   __dsp_pos_switch__Fi
80072858   __dsp_neg_switch__Fi
80072898   __dsp_home_switch__Fi
800728d8   __dsp_get_io_mode__FiPi
80072950   __dsp_get_io__FPi
800729a0   __dsp_get_io2__FPiT1
800729d0   __dsp_amp_fault_switch__Fi
80072a10   __dsp_Find_IO_Bit__Fi
80072a80   __dsp_in_motion__Fi
80072ac0   __dsp_in_sequence__Fi
80072b00   __dsp_motion_done__Fi
80072b88   __dsp_in_position__Fi
80072bc8   __dsp_frames_clear__Fi
80072c2c   __dsp_clear_stop__Fi
80072cdc   __dsp_clear_status__Fi
80072d7c   __dsp_axis_state__Fi
80072d9c   __dsp_axis_source__Fi
80072dbc   __dsp_axis_done__Fi
80072e60   _sin
80073220   __frcdivd
80073520   _atan
800737e0   __crc32_gen_table__Fv
800739d8   __crc32_get_crc__FPci
80073aa0   _mmc_axes__FiPi
80073aac   _mmc_all_axes__Fv
80073ac0   _Stepper
80073bf8   __dsp_set_stepper__Fi
80073c14   __dsp_set_micro_stepper__Fi
80073c30   __dsp_get_micro_stepper__Fi
80073c4c   __dsp_fset_stepper__Fi
80073cb4   __dsp_fset_micro_stepper__Fi
80073d40   _memcpy
80073f80   __divd
800741c0   _exit
800742f8   _atexit
800743d4   C$$EXIT
800743d4   _abort
800743e0   __dsp_set_dac_offset__FiT1
80074410   __dsp_set_dac__FiT1
8007444c   __dsp_set_analog_offset__FiT1
8007446c   __dsp_get_dac_offset__FiPi
800744b4   __dsp_get_dac__FiPi
800744dc   __dsp_get_analog_offset__FiPi
80074504   __dsp_Find_Analog_Channel__Fi
80074560   __dsp_get_analog__FiPi
800745e0   __round
800747c0   _fflush
800748bc   __doflush
800749a0   _setvbuf
80074b60   __rd_ok
80074c20   __wrt_ok
80074d20   _atan2
80074ec0   _atoi
80075040   __divf
800751c0   _ldexp
80075340   _putc
80075350   _putchar
8007536c   _fputc
800754c0   _getc
800754d0   _getchar
800754e8   _fgetc
80075640   ___dsplib_set_callback__FiPFv_v
80075670   ___dsplib_set_callback_param4__FiPFPviT1T2_v
8007568c   ___dsplib_callback_init__Fv
800756c4   ___dsplib_call_callback_param4__FiPvT1T2Pi
80075738   ___dsplib_call_callback__Fi
800757a0   __buff_read
80075900   _sprintf
80075a60   ___sti__AxisGlb_c_BootPara
80075bc0   _writemsg
80075c60   C$$IO$$
80075c6c   _readmsg
80075d20   _ltoa
80075e60   _fclose
80075fa0   _rand
80076064   _srand
800760e0   _frexp
80076220   __divi
80076340   _memset
80076460   __frcdivf
80076560   __auto_init
80076660   ___GetWatchdogStatus__Fv
800766a8   ___EnableWatchdog__Fi
800766cc   ___ClrWatchdog__Fi
80076760   _fseek
80076860   __remi
80076960   _modf
80076a40   __fixdli
80076b00   __divu
80076bc0   _mmcDelay__Fi
80076c14   __dsp_io_trigger__FiN21
80076c48   __dsp_dwell__FiT1
80076c80   _printf
80076d40   __remu
80076de0   _memccpy
80076e80   _strcpy
80076f00   _strcmp
80076f80   _c_int00
80077000   _strlen
80077060   __trunc
800770a0   __nop
800770a8   __register_lock
800770bc   __register_unlock
800770e0   _remove
80077100   etext
80077100   __CIOBUF_
80077100   ___etext__
80077220   _g_sNDOKSerialStxEtxString
80077c20   _g_nNDOKSerialStxEtxStrIndex
80077c24   _g_nNDOKSerialMode
80077c28   _g_nDisplayMode
80077c2c   _FormatCallBack
80077c30   _g_FS_ShadowFileTable
80077c34   _g_FS_ShadowClusterTable
80077c38   _g_FS_TotalNumOfBlocks
80077c3c   _g_FS_TotalNumOfCluster
80077c40   _g_FS_FileHandle
80077c68   _g_FS_FileSystemReady
80077c6c   _g_FS_ClusterBase
80077c70   _g_nSerBaudrate
80077c74   _g_nSerDataBit
80077c78   _g_nSerParity
80077c7c   _g_nSerStopBit
80077c80   _g_stQueue
800788e0   _SendQ
800795a0   ___sz
800795ac   _g_SerHookFunc
800795b0   _g_pSerParam
800795b4   _SerialCallback
800795b8   _DMA_STATUS_REG
800795bc   _IsrTable
800795fc   _XIsrTable
8007963c   _DMAIsrTable
8007967c   _g_bENUMOK
80079680   _g_bGotSetup
80079684   _g_bReadIntr
80079688   _g_bEP0BUFReady
8007968c   _g_bBusActivity
80079690   _g_bReady
80079694   _g_bFlags
80079698   _g_bWaste
8007969c   _g_bIsIntr
800796a0   _g_bEnableTransferFlag
800796a4   _g_bUSBOpened
800796a8   _USB_SETUP_PACKET
800796b0   _UDM_bInit
800796b4   _UDM_Frame
800a96b4   _UDM_StartClk
800a96b8   _UDM_StartDisp
800a96bc   _UDM_nDispInterval
800a96c0   _BootPara
800a9924   _GBuf
800a9960   _CBuf
800aa240   _pGBuf
800aa244   _pCBuf
800aa254   _JpcMovSt
800aa2bc   _axis_mov
800aa340   _Pause
800aa390   _Q_Buf
800aeb70   _Traj
800aec10   _PauseRst
800aeca0   _Last_Pos
800aecb0   _delt_s_psh
800aecc0   _delt_s_b
800aecd0   _delt_s_count
800aece0   _delt_s_addr
800aecf0   _delt_g_addr
800aed00   _jnt_run
800aed10   _delt_s_buff
800aed60   _M_J_Command
800aed70   _virtual_pos
800aed90   _acc_traj
800aeda0   _dcc_traj
800aedb0   _f_dest_pls
800aedc0   _f_cur_pls
800aedd0   _f_cur_pls_b
800aede0   _f_delt_s
800aedf0   _vm_cur_pls
800aee00   _vm_cur_pls_b
800aee10   _acc_time
800aee20   _dcc_time
800aee30   _delt_s
800aee40   _p_offs
800d6584   _Q_out_num
800d6594   _Q_in_num
800d65a4   _Interpolation_Flag
800d65b4   _Dwell_Flag
800d65c4   _Dwell_Value
800d65d8   _inter_k
800d65e0   _inter_k2
800d65e8   _Max_Smpcnt
800d65ec   _Pid_Dividend
800d65f0   _Pos_Limit
800d65f4   _Pos_Stepper_Limit
800d65f8   _lITPCmd
800d6608   _lITPSt
800d6628   _nITPMode
800d6638   _g_i
800d663c   _g_ii
800d6640   _g_iii
800d6644   _g_f
800d6648   _g_ff
800d664c   _g_fff
800d6650   _userio_mode_select
800d6654   _userio_int_enable
800d6658   _userio_int_data
800d665c   _userio_int_data_b
800d6660   _userio_int_flag
800d6664   _userio_int_edge
800d6668   _userio_axis_int
800d666c   _userio_global_int_enable
800d6670   _userio_axis_enable
800d6674   _userio_ax
800d6774   _Boot_Checksum_Flag
800d6778   _plsCmd
800d67f0   _dbuf
800de4f0   _dbuf_cnt
800de4f4   _sum_rec
800e61f4   _recording_cnt
800e61f8   _delt_s_intaddr
800e6208   _delt_g_intaddr
800e6218   _delt_s_intcount
800e6228   _delt_s_interruptcount
800e6238   _delt_s_intbuff
800e6378   _ABS_command
800e6380   _Service
800e6620   _mmHdr
800e662c   _uiEepromSaveAddr
800e6630   _eDumpHdr
800e6640   _peDumpBody
800e6648   __ftable
800e6878   __tmpnams
800e69b8   __ft_end
800e69bc   _CAP_bOn
800e69c0   _CAP_lPtNo
800e69c4   _CAP_nAx
800e69c8   _CAP_nBit
800e69cc   _CAP_lPt
800e6b5c   _CAP_bEdge
800e6bc0   _CAP_nHead
800e6bc4   _CAP_nTail
800e6bc8   _CAP_nFlag
800e6bcc   _CAP_bUserIOState
800e6bd0   _CAP_nCount
800e6bd4   _CAP_bSignal
800e6bd8   _amc_error
800e6bdc   _Active_Axis_Num
800e6be0   _CommDpram
800e6be4   _AxisDpram
800e6bf4   _Mf
800e6c6c   _Mdisp
800e6d8c   _SyncMotion
800e732c   __cleanup_ptr
800e7330   __dtors_ptr
800e7334   _COM_lpSerialPort
800e7340   _ComData
800e7344   _COM_lpRearm
800e7348   _COM_lpEnable
800e734c   _COM_lEnableImage
800e7350   _COM_lpMux
800e7354   _DISABLE_COMM
800e7358   _pRecQ
800e735c   _COM_strRecBuf
800e737c   _COM_bEnable
800e7380   _COM_nModuleState
800e7384   _COM_nDataStatus
800e7388   _COM_nRePacketSize
800e738c   _COM_nWaitSTXTimer
800e7390   _COM_nWaitByteTimer
800e7394   _COM_nChkSumErr
800e7398   _COM_lAbsPos
800e739c   _COM_nAxis
800e7468   _n1msOpCount
800e746c   _n5msOpFlag
800e7470   _n10msOpFlag
800e7474   _nSimCount
800e7478   _nIOCount
800e747c   _nGuideBits
800e7480   ___nGuideSensorBits
800e7488   ___nRcvCount
800e7504   _MOTOR_DIRECTION_CONTROL
800e7508   _ptr_user_oport
800e750c   _ptr_user_oport2
800e7510   _ptr_user_oport3
800e7514   _ptr_user_oport4
800e7518   _ptr_user_iport
800e751c   _ptr_user_iport2
800e7520   _ptr_user_iport3
800e7524   _ptr_user_iport4
800e7528   _ptr_sys_sctrl
800e752c   _ptr_sys_sstat
800e7530   _ptr_sys_sabs
800e7538   _ptr_icon_oport1
800e753c   _ptr_icon_oport2
800e7540   _ptr_icon_iport
800e7544   _ptr_icon_lamp
800e7550   __lock
800e7554   __unlock
800e7558   __memory_size
800e7568   _mmc_error
800e756c   _errno
800e7570   cinit
800e7570   ___cinit__
800e8384   _pBootPara
800e83c8   _CommDPRAM
800e83cc   _AxisDPRAM
800e83dc   _pDownloadDPRAM
800e83e8   _AxisInfo
800e84a0   __ctypes_
800e85a4   _USB_DESC_TBL
800e8ee4   .bss
800e8ee4   $bss
800e8ee4   ___bss__
800e92e4   ___cb
800e9308   ___WD_bEn
800e930c   _m_nAddress
800e9314   end
800e9314   ___end__
800e9318   __stack
80129318   pinit
80129318   ___pinit__
80129328   __sys_memory

[1159 symbols]
