******************************************************************************
          TMS320C6x COFF Linker PC Version 4.32                
******************************************************************************
>> Linked Wed Jan 09 11:51:53 2008

OUTPUT FILE NAME:   <./Debug/Appl.out>
ENTRY POINT SYMBOL: "_c_int00"  address: 80091a60


MEMORY CONFIGURATION

                  name            origin    length      used    attr    fill
         ----------------------  --------  ---------  --------  ----  --------
         SDRAM                   80040000   00fc0000  004bbd5e  RWIX
         SDRAM2                  81000000   01000000  00c00000  RWIX


SECTION ALLOCATION MAP

 output                                  attributes/
section   page    origin      length       input sections
--------  ----  ----------  ----------   ----------------
.data      0    80040000    00000000     UNINITIALIZED

.system    0    80040000    00000000     UNINITIALIZED

.vectors   0    80040000    00000260     
                  80040000    00000260     IconLabKernel1714.lib : vectors.obj (.vectors)

.text      0    80040260    00051ae0     
                  80040260    0000b660     IconLabKernel1714.lib : ndok1714.obj (.text)
                  8004b8c0    0000b2e0     cts_smr.lib : AXISDPR.obj (.text)
                  80056ba0    00009900                 : AXISMAIN.obj (.text)
                  800604a0    000047a0                 : dsp_if_adv.obj (.text)
                  80064c40    000042c0                 : internalFuncs.obj (.text)
                  80068f00    00004260                 : AXISINT.obj (.text)
                  8006d160    000037a0                 : axisctrl.obj (.text)
                  80070900    00003660                 : dsp_if_plimit.obj (.text)
                  80073f60    00002a00     rts6701.lib : _printfi.obj (.text)
                  80076960    00002700     cts_smr.lib : hardware.obj (.text)
                  80079060    00002520                 : dsp_if_pmove.obj (.text)
                  8007b580    00001ce0     rts6701.lib : _scanfi.obj (.text)
                  8007d260    00001640     cts_fs.lib : fs.obj (.text)
                  8007e8a0    000013a0     cts_smr.lib : axisAbs.obj (.text)
                  8007fc40    00001160     Appl-fs.obj (.text)
                  80080da0    000010a0     cts_smr.lib : dsp_if_petc.obj (.text)
                  80081e40    00001020     rts6701.lib : memory.obj (.text)
                  80082e60    00000f40                 : lowlev.obj (.text)
                  80083da0    00000de0                 : trgdrv.obj (.text)
                  80084b80    00000c40     cts_eeprom.lib : eeprom.obj (.text)
                  800857c0    00000ba0     cts_smr.lib : dsp_if_pgain.obj (.text)
                  80086360    00000a20                 : axiscap.obj (.text)
                  80086d80    00000980                 : dsp_if_pint.obj (.text)
                  80087700    00000900                 : dsp_if_stop.obj (.text)
                  80088000    000007a0                 : dsp_if_traj.obj (.text)
                  800887a0    00000720     rts6701.lib : strtod.obj (.text)
                  80088ec0    00000720                 : strtold.obj (.text)
                  800895e0    000006c0     cts_i2c.lib : i2c.obj (.text)
                  80089ca0    00000680     cts_smr.lib : dsp_if_pio.obj (.text)
                  8008a320    000004e0                 : dsp_if_status.obj (.text)
                  8008a800    000004c0     rts6701.lib : imath40.obj (.text)
                  8008acc0    000004c0                 : fopen.obj (.text)
                  8008b180    000004c0                 : strtol.obj (.text)
                  8008b640    000004a0                 : strtoul.obj (.text)
                  8008bae0    00000480                 : fputs.obj (.text)
                  8008bf60    00000480                 : fcvt.obj (.text)
                  8008c3e0    00000480                 : ecvt.obj (.text)
                  8008c860    000003c0                 : sin.obj (.text)
                  8008cc20    00000340     cts_smr.lib : dsp_if_pacfg.obj (.text)
                  8008cf60    00000300                 : AxisGlb.obj (.text)
                  8008d260    00000300     rts6701.lib : frcdivd.obj (.text)
                  8008d560    000002c0                 : atan.obj (.text)
                  8008d820    000002c0     cts_eeprom.lib : crc32.obj (.text)
                  8008dae0    000002a0     cts_smr.lib : dsp_if_panalog.obj (.text)
                  8008dd80    000002a0     rts6701.lib : sqrt.obj (.text)
                  8008e020    00000260                 : sscanf.obj (.text)
                  8008e280    00000240                 : divd.obj (.text)
                  8008e4c0    00000240                 : memcpy62.obj (.text)
                  8008e700    00000240     cts_callback.lib : callback.obj (.text)
                  8008e940    00000220     rts6701.lib : exit.obj (.text)
                  8008eb60    000001e0                 : round.obj (.text)
                  8008ed40    000001e0                 : fflush.obj (.text)
                  8008ef20    000001c0                 : _io_perm.obj (.text)
                  8008f0e0    000001c0                 : setvbuf.obj (.text)
                  8008f2a0    000001c0                 : sqrtf.obj (.text)
                  8008f460    000001a0                 : atan2.obj (.text)
                  8008f600    00000180                 : divf.obj (.text)
                  8008f780    00000180                 : ldexp.obj (.text)
                  8008f900    00000180                 : fputc.obj (.text)
                  8008fa80    00000180                 : fgetc.obj (.text)
                  8008fc00    00000180                 : atoi.obj (.text)
                  8008fd80    00000160                 : trgmsg.obj (.text)
                  8008fee0    00000160                 : sprintf.obj (.text)
                  80090040    00000160                 : _bufread.obj (.text)
                  800901a0    00000140                 : rand.obj (.text)
                  800902e0    00000140                 : ltoa.obj (.text)
                  80090420    00000140                 : frexp.obj (.text)
                  80090560    00000140                 : fclose.obj (.text)
                  800906a0    00000140                 : ldexpf.obj (.text)
                  800907e0    00000120                 : memset.obj (.text)
                  80090900    00000120                 : divi.obj (.text)
                  80090a20    00000100                 : remi.obj (.text)
                  80090b20    00000100                 : frexpf.obj (.text)
                  80090c20    00000100                 : fseek.obj (.text)
                  80090d20    00000100                 : strncpy.obj (.text)
                  80090e20    00000100     cts_softdog.lib : watchdog.obj (.text)
                  80090f20    00000100     rts6701.lib : frcdivf.obj (.text)
                  80091020    00000100     cts_smr.lib : dsp_if_pframe.obj (.text)
                  80091120    00000100     rts6701.lib : autoinit.obj (.text)
                  80091220    000000e0                 : strasg.obj (.text)
                  80091300    000000e0                 : modf.obj (.text)
                  800913e0    000000c0                 : new_sof.obj (.text)
                  800914a0    000000c0                 : printf.obj (.text)
                  80091560    000000c0                 : divu.obj (.text)
                  80091620    000000c0                 : fixdli.obj (.text)
                  800916e0    000000c0                 : fixdu.obj (.text)
                  800917a0    000000a0                 : remu.obj (.text)
                  80091840    000000a0                 : memccpy.obj (.text)
                  800918e0    00000080                 : strcpy.obj (.text)
                  80091960    00000080                 : strcmp.obj (.text)
                  800919e0    00000080                 : fltlif.obj (.text)
                  80091a60    00000080                 : boot.obj (.text)
                  80091ae0    00000060                 : strncmp.obj (.text)
                  80091b40    00000060                 : ceil.obj (.text)
                  80091ba0    00000060                 : strlen.obj (.text)
                  80091c00    00000040                 : new_.obj (.text)
                  80091c40    00000040                 : trunc.obj (.text)
                  80091c80    00000040                 : strchr.obj (.text)
                  80091cc0    00000040                 : _lock.obj (.text)
                  80091d00    00000020                 : remove.obj (.text)
                  80091d20    00000020                 : fabsf.obj (.text)

.cio       0    80091d40    00000120     UNINITIALIZED
                  80091d40    00000120     rts6701.lib : trgmsg.obj (.cio)

.far       0    80091e60    00427d48     UNINITIALIZED
                  80091e60    003d8e88     cts_smr.lib : AxisGlb.obj (.far)
                  8046ace8    000324a0     IconLabKernel1714.lib : ndok1714.obj (.far)
                  8049d188    0001b604     cts_smr.lib : axisctrl.obj (.far)
                  804b878c    00000464                 : AXISDPR.obj (.far)
                  804b8bf0    00000374     rts6701.lib : defs.obj (.far)
                  804b8f64    0000021a     cts_smr.lib : axiscap.obj (.far)
                  804b917e    00000001     rts6701.lib : new_.obj (.far)
                  804b9180    000001c4     cts_smr.lib : dsp_if.obj (.far)
                  804b9344    00000190     rts6701.lib : _printfi.obj (.far)
                  804b94d4    00000190                 : fcvt.obj (.far)
                  804b9664    0000011c                 : lowlev.obj (.far)
                  804b9780    000000d0                 : trgdrv.obj (.far)
                  804b9850    0000008c                 : exit.obj (.far)
                  804b98dc    0000006c     cts_smr.lib : axisAbs.obj (.far)
                  804b9948    00000065     Appl-fs.obj (.far)
                  804b99b0    00000064     rts6701.lib : ecvt.obj (.far)
                  804b9a18    00000060                 : atan.obj (.far)
                  804b9a78    0000005c     cts_smr.lib : AXISINT.obj (.far)
                  804b9ad8    00000040     rts6701.lib : sin.obj (.far)
                  804b9b18    0000003c     cts_smr.lib : hardware.obj (.far)
                  804b9b54    00000024     cts_callback.lib : callback.obj (.far)
                  804b9b78    00000010     cts_smr.lib : AXISMAIN.obj (.far)
                  804b9b88    00000008     rts6701.lib : memory.obj (.far)
                  804b9b90    00000008                 : _lock.obj (.far)
                  804b9b98    00000008                 : rand.obj (.far)
                  804b9ba0    00000004     cts_smr.lib : dsp_if_pgain.obj (.far)
                  804b9ba4    00000004     rts6701.lib : errno.obj (.far)

.cinit     0    804b9ba8    00000e64     
                  804b9ba8    000002f4     cts_smr.lib : AXISDPR.obj (.cinit)
                  804b9e9c    00000004     --HOLE-- [fill = 0]
                  804b9ea0    00000244     rts6701.lib : defs.obj (.cinit)
                  804ba0e4    00000004     --HOLE-- [fill = 0]
                  804ba0e8    000001f4     IconLabKernel1714.lib : ndok1714.obj (.cinit)
                  804ba2dc    00000004     --HOLE-- [fill = 0]
                  804ba2e0    000001f0     cts_smr.lib : AxisGlb.obj (.cinit)
                  804ba4d0    00000104                 : axisAbs.obj (.cinit)
                  804ba5d4    00000004     --HOLE-- [fill = 0]
                  804ba5d8    000000e4                 : AXISINT.obj (.cinit)
                  804ba6bc    00000004     --HOLE-- [fill = 0]
                  804ba6c0    000000cc                 : hardware.obj (.cinit)
                  804ba78c    00000004     --HOLE-- [fill = 0]
                  804ba790    00000070     rts6701.lib : atan.obj (.cinit)
                  804ba800    0000005c                 : lowlev.obj (.cinit)
                  804ba85c    00000004     --HOLE-- [fill = 0]
                  804ba860    00000048                 : sin.obj (.cinit)
                  804ba8a8    0000003c     cts_smr.lib : AXISMAIN.obj (.cinit)
                  804ba8e4    00000004     --HOLE-- [fill = 0]
                  804ba8e8    0000002c     rts6701.lib : exit.obj (.cinit)
                  804ba914    00000004     --HOLE-- [fill = 0]
                  804ba918    0000001c     cts_smr.lib : axisctrl.obj (.cinit)
                  804ba934    00000004     --HOLE-- [fill = 0]
                  804ba938    0000001c     rts6701.lib : _lock.obj (.cinit)
                  804ba954    00000004     --HOLE-- [fill = 0]
                  804ba958    0000001c                 : sysmem.obj (.cinit)
                  804ba974    00000004     --HOLE-- [fill = 0]
                  804ba978    00000010                 : rand.obj (.cinit)
                  804ba988    0000000c     cts_eeprom.lib : crc32.obj (.cinit:c)
                  804ba994    00000004     --HOLE-- [fill = 0]
                  804ba998    0000000c     rts6701.lib : new_.obj (.cinit:c)
                  804ba9a4    00000004     --HOLE-- [fill = 0]
                  804ba9a8    0000000c                 : errno.obj (.cinit)
                  804ba9b4    00000004     --HOLE-- [fill = 0]
                  804ba9b8    0000000c     cts_callback.lib : callback.obj (.cinit)
                  804ba9c4    00000004     --HOLE-- [fill = 0]
                  804ba9c8    0000000c     cts_smr.lib : dsp_if.obj (.cinit)
                  804ba9d4    00000004     --HOLE-- [fill = 0]
                  804ba9d8    0000000c     cts_softdog.lib : watchdog.obj (.cinit:c)
                  804ba9e4    00000004     --HOLE-- [fill = 0]
                  804ba9e8    0000000c     rts6701.lib : memory.obj (.cinit)
                  804ba9f4    00000004     --HOLE-- [fill = 0]
                  804ba9f8    00000009     Appl-fs.obj (.cinit)
                  804baa01    0000000b     --HOLE-- [fill = 0]

.const     0    804baa10    00000e46     
                  804baa10    0000012f     cts_smr.lib : hardware.obj (.const)
                  804bab3f    00000001     --HOLE-- [fill = 0]
                  804bab40    00000101     rts6701.lib : ctype.obj (.const)
                  804bac41    00000002                 : fputs.obj (.const)
                  804bac43    00000001     --HOLE-- [fill = 0]
                  804bac44    000000dc     IconLabKernel1714.lib : ndok1714.obj (.const)
                  804bad20    00000080     rts6701.lib : strtold.obj (.const)
                  804bada0    00000080                 : strtod.obj (.const)
                  804bae20    00000574     cts_smr.lib : AXISMAIN.obj (.const)
                  804bb394    00000201                 : AXISDPR.obj (.const)
                  804bb595    00000192     Appl-fs.obj (.const)
                  804bb727    000000ca     cts_fs.lib : fs.obj (.const)
                  804bb7f1    0000002a     rts6701.lib : _printfi.obj (.const)
                  804bb81b    0000001e     cts_smr.lib : internalFuncs.obj (.const)
                  804bb839    0000001d                 : AXISINT.obj (.const)

.switch    0    804bb858    00000024     
                  804bb858    00000024     cts_smr.lib : AXISMAIN.obj (.switch)

.bss       0    804bb87c    000004dc     UNINITIALIZED
                  804bb87c    00000400     cts_eeprom.lib : crc32.obj (.bss)
                  804bbc7c    000000cc     cts_fs.lib : fs.obj (.bss)
                  804bbd48    00000004     cts_softdog.lib : watchdog.obj (.bss:c)
                  804bbd4c    00000004     rts6701.lib : new_.obj (.bss:c)
                  804bbd50    00000004     cts_eeprom.lib : crc32.obj (.bss:c)
                  804bbd54    00000004     cts_i2c.lib : i2c.obj (.bss)

.stack     0    804bbd58    00040000     UNINITIALIZED
                  804bbd58    00000008     rts6701.lib : boot.obj (.stack)

.pinit     0    804fbd58    0000000c     
                  804fbd58    00000004     cts_smr.lib : AxisGlb.obj (.pinit)
                  804fbd5c    00000008     --HOLE-- [fill = 0]

.sysmem    0    81000000    00c00000     UNINITIALIZED


GLOBAL SYMBOLS: SORTED ALPHABETICALLY BY Name 

address    name
--------   ----
804bb87c   $bss
804bb87c   .bss
80040000   .data
80040260   .text
8008eb54   C$$EXIT
8008fe20   C$$IO$$
804b890c   _ABS_command
800690b8   _AMC_Int1ms__Fv
80068f14   _AMC_Int5ms__Fv
8005f250   _AMPEnableTesting__Fv
8005f0f8   _AMPFaultTesting__Fv
8005d040   _AMPResetLevelTesting__Fv
80054cc4   _AcceptString__Fv
804b9184   _Active_Axis_Num
8004e0b8   _Alarm_Reset__Fv
8004e108   _Alarm_Set__Fv
8006eb24   _AmpFaultReset__FP10CONTROLBUF
8006eb6c   _AmpFaultSet__FP10CONTROLBUF
8007fd60   _Appl_Body_Main__Fv
8007fc40   _Appl_Int10__Fv
8007fd30   _Appl_Prev_Main__Fv
804baa58   _AxisDPRAM
804b918c   _AxisDpram
804baa74   _AxisInfo
8004922c   _Beep__Fi
80091e60   _BootPara
8046ace4   _Boot_Checksum_Flag
8008684c   _CAP_ClearPtBuf__Fv
80086928   _CAP_Disable__Fv
80086a8c   _CAP_DoCapture__Fv
8008690c   _CAP_Enable__Fv
80086570   _CAP_GetAx__Fv
8008652c   _CAP_GetBitNo__Fv
80086778   _CAP_GetFilledQ__Fv
80086a00   _CAP_GetFilteredSig__Fc
80086790   _CAP_GetLeftQ__Fv
80086658   _CAP_GetPt__FPiPc
80086360   _CAP_Init__Fv
800867fc   _CAP_IsEmpty__Fv
800867c4   _CAP_IsFull__Fv
80086588   _CAP_PutPt__Fic
80086944   _CAP_ReadIO__Fv
80086544   _CAP_SetAx__Fi
800864d4   _CAP_SetBitNo__Fi
80086500   _CAP_SetFlag__Fi
804b9104   _CAP_bEdge
804b8f64   _CAP_bOn
804b917c   _CAP_bSignal
804b9174   _CAP_bUserIOState
804b8f74   _CAP_lPt
804b8f68   _CAP_lPtNo
804b8f6c   _CAP_nAx
804b8f70   _CAP_nBit
804b9178   _CAP_nCount
804b9170   _CAP_nFlag
804b9168   _CAP_nHead
804b916c   _CAP_nTail
80092100   _CBuf
8007efd0   _COM_AllocQ__Fi
8007f8e4   _COM_AnalysePacket__Fv
8007ed8c   _COM_ClosePort__Fv
8007ec68   _COM_DisableRecieve__Fv
8007f44c   _COM_Disable_State__Fv
8007f39c   _COM_DoOverAgain__Fv
8007ec70   _COM_EnableRecieve__Fv
8007f4bc   _COM_Error__Fv
8007f2b0   _COM_GetAbsPos__FPi
8007f180   _COM_GetQ__FP5QUEUE
8007edc8   _COM_IncreaseTime__Fv
8007ea20   _COM_InitPort__FPiiN32
8007f260   _COM_InitQ__FP5QUEUE
8007eb64   _COM_Init__Fv
8007f324   _COM_MakeASCII__Fc
8007e97c   _COM_OpenPort__Fv
8007f090   _COM_PutQ__FP5QUEUEc
8007e964   _COM_ReturnDataStatus__Fv
8007e8a0   _COM_SelectAxis__Fc
8007eae4   _COM_SetBaudRate__FPii
8007f634   _COM_WaitETX_State__Fv
8007f538   _COM_WaitSTX_State__Fv
804b9924   _COM_bEnable
804b9940   _COM_lAbsPos
804b98f4   _COM_lEnableImage
804b98f0   _COM_lpEnable
804b98f8   _COM_lpMux
804b98ec   _COM_lpRearm
804b98dc   _COM_lpSerialPort
804b9944   _COM_nAxis
804b993c   _COM_nChkSumErr
804b992c   _COM_nDataStatus
804b9928   _COM_nModuleState
804b9930   _COM_nRePacketSize
804b9938   _COM_nWaitByteTimer
804b9934   _COM_nWaitSTXTimer
804b9904   _COM_strRecBuf
8004c118   _CP_Line_Move__Fv
8004ce88   _CP_Move__Fv
8007d4ac   _ChangeBootFile__FPc
80069070   _CheckAndClear_PauseRst__FP10CONTROLBUFi
8006e8c4   _CheckEnvelope__FP10CONTROLBUF
8006cf28   _CheckGuideSensor__Fv
80070524   _CheckInPosSignal__FP10CONTROLBUFi
8006b380   _CheckInPos__Fv
8006b59c   _CheckPause__Fi
80070398   _CheckSWInPos__FP10CONTROLBUFi
8006da6c   _CheckSWLimit__FP10CONTROLBUFi
8006db9c   _CheckSWPauseCondition__FP10CONTROLBUFi
8006ebe8   _CheckSensor__FP10CONTROLBUFi
8006e970   _CheckServo__FP10CONTROLBUFi
80070634   _CheckUserIOInt__Fi
8006f074   _ChkHomeLimit__FP10CONTROLBUFi
8006f148   _ChkHomeReset__FP10CONTROLBUF
8006f194   _ChkHomeSet__FP10CONTROLBUF
8006eedc   _ChkNegLimit__FP10CONTROLBUFi
8006efb0   _ChkNegReset__FP10CONTROLBUF
8006eff8   _ChkNegSet__FP10CONTROLBUF
8006ed38   _ChkPosLimit__FP10CONTROLBUFi
8006ee0c   _ChkPosReset__FP10CONTROLBUF
8006ee58   _ChkPosSet__FP10CONTROLBUF
80076de4   _ClearDPRInt__Fv
8006b1c8   _ClearPauseFlag__Fi
8006b028   _ClearSWPauseFlag__Fi
8004e158   _Clear_Status__Fv
8004fb8c   _Clear_Stop__Fv
804b98e8   _ComData
804baa54   _CommDPRAM
804b9188   _CommDpram
800578f8   _CommandQueueParsing__Fi
80043574   _ControlFLASH__FiT1
80076d58   _ControlIdle__Fv
8005df34   _ControlLoopSetting__Fv
8006df58   _ControlPosition__FP10CONTROLBUFi
8006f3fc   _ControlServo__FP10CONTROLBUF
8006fd10   _ControlStepper__FP10CONTROLBUF
8006d614   _ControlVelocity__FP10CONTROLBUFi
8006d160   _Control_Int200us__Fv
8004453c   _Conv__FcUc
800705bc   _ConvertTorque__FP10CONTROLBUF
8005272c   _Copy_BootPara_2_Para__Fv
80051bec   _Copy_Para_2_BootPara__Fv
8005f5b8   _DACOffsetTesting__Fv
8005e150   _DACPolSetting__Fv
804b98fc   _DISABLE_COMM
8046d104   _DMAIsrTable
80047e9c   _DMA_ISR__Fv
8046d080   _DMA_STATUS_REG
8005cb80   _DSPLibTesting__Fv
80047ffc   _Delay__Fi
8007d764   _DeleteFile__FPc
80055e44   _DnloadParamFromIPC__Fv
800802e8   _DoCmd__FPci
8008056c   _Do_boot__FPc
80080804   _Do_cpu__Fv
80080230   _Do_help__Fv
8008089c   _Do_ls__Fv
800806e8   _Do_mk__FPc
80080bc8   _Do_rm__FPc
8004bcf8   _Dpr_Int__Fv
80047e94   _DumXIsr__Fv
80047d70   _DummyIsr__Fv
8046ab24   _Dwell_Flag
8046ab34   _Dwell_Value
80077790   _EchoCommand__Fi
80085230   _EepromReady__FUi
8005fefc   _Eeprom_Test__Fv
800482e8   _EnableInterrupt__FiT1
800440ec   _EnableLight__FUi
80044054   _EnableOutPort__FUi
80056390   _EnableWatchdog__Fv
8005ce78   _EncoderOffsetTesting__Fv
80051048   _Exist_Check__Fv
80047d78   _ExtIsr__Fv
80043fdc   _FLASH_BeginRead__FUi
800439a0   _FLASH_EraseBlock__Fi
80043718   _FLASH_Erase__FUi
80043fa8   _FLASH_GetPhysicalAddr__FUi
800436c8   _FLASH_Init__Fv
80043f10   _FLASH_Read__FUiPvi
80043d08   _FLASH_Write__FUiPCvi
800434e0   _FMMU_EraseFileSystemBlock__FUi
80043340   _FMMU_EraseSystemDataBlock__Fv
80043254   _FMMU_GetBlockSize__Fv
80043264   _FMMU_GetBootLoaderBase__Fv
800432b4   _FMMU_GetFPGABase__Fv
80043308   _FMMU_GetSystemDataBase__Fv
800433c8   _FMMU_InitializeFileSystem__Fv
80043440   _FMMU_ReadFileSystemMem__FUiPvi
80043298   _FMMU_WriteBootLoader__FPvUi
800432ec   _FMMU_WriteFPGA__FPvUi
80043490   _FMMU_WriteFileSystemMem__FUiPCvi
80043374   _FMMU_WriteSystemDataMem__FUiPCvi
8007d878   _FSExchange__Fv
8005e040   _FeedbackSetting__Fv
8004274c   _FileClose__FUi
800418f4   _FileDelete__FPCc
80042e34   _FileGetSize__FUi
80041af8   _FileOpen__FPCcUi
80042424   _FileRead__FUiPvT1
80041ff8   _FileWrite__FUiPCvT1
8004108c   _FindEmptyCluster__Fv
8004121c   _FindEmptyFileDesc__Fv
800417b8   _FindFile__FPCc
8007d418   _FlashWriteEnable__Fi
8004073c   _FormatBlankFunc__Fi
8046b6f4   _FormatCallBack
800416e8   _FormatFileSystem__Fv
800477e0   _FormatSystemData__Fv
8005d2c8   _FrameBufferTest__Fv
800920c8   _GBuf
8004da68   _GET_Boot_Memory__Fv
8004d7fc   _GET_Error_Limit__Fv
8004cfd4   _GET_Gain__Fv
8004dc08   _GET_IO_Port__Fv
8004d6b0   _GET_In_Position__Fv
8004d3d8   _GET_Position__Fv
8004df84   _GET_Stepper__Fv
8004d27c   _GET_VGain__Fv
80048c0c   _GIdisable__Fv
80048c20   _GIenable__Fv
800920c4   _G_fSampling_Time
8005e3f8   _GainSetting__Fv
80085ce4   _Gain_RW
8004917c   _GenChkSum__FPUci
8006ffa8   _GenerateOutput__FP10CONTROLBUFi
80059b3c   _Generation_Profile__FiN31f
8005c250   _GetDS__Fi
8004b894   _GetDisplayFrame__Fv
8004b8b0   _GetDisplayHeight__Fv
8004b8a4   _GetDisplayWidth__Fv
800564c8   _GetEncoderDirection__Fv
80068ddc   _GetEncoderOffset__Fv
80043034   _GetFileName__FiPcT1
8006de74   _GetGoalDist__FP10CONTROLBUF
80053694   _GetITPQ__Fi
800537f4   _GetLeftQ__Fi
800475ac   _GetLength__FPc
800567ec   _GetMovexCmd__Fv
80042f7c   _GetNumberOfDeletedFile__Fv
80042ebc   _GetNumberOfFile__Fv
8005d234   _GetOutIOTest__Fv
8004136c   _GetRemainSpace__Fv
800563e0   _GetStatusWatchdog__Fv
80056734   _GetSwPauseCheckBit__Fv
800565e4   _GetSwPauseEvent__Fv
80047888   _GetSystemData__Fv
8006d590   _GetValueWithLimit__FfT1
80050b30   _Get_Abs_Encoder__Fv
8004f08c   _Get_Amp_Fault_Level__Fv
8004ef80   _Get_Amp_Fault__Fv
8004f880   _Get_Amp_On_Level__Fv
8004f198   _Get_Amp_Reset_Level__Fv
8004f6ac   _Get_Axis_Boot_Memory__Fv
8004f778   _Get_Closed_Loop__Fv
8004d464   _Get_Command__Fv
8005071c   _Get_Compensation_Pos__Fv
80050110   _Get_Control_Cfg__Fv
8004f2a0   _Get_Dac_Offset__Fv
8004e34c   _Get_E_Stop_Event__Fv
8004e39c   _Get_E_Stop_Rate__Fv
8004f498   _Get_Feedback_Device__Fv
8004f6fc   _Get_Frames_Clear__Fv
8005042c   _Get_GearRatio__Fv
8004e9e0   _Get_Home_Level__Fv
8004e8d8   _Get_Home_Sn_Event__Fv
8004f98c   _Get_IO_Int_Enable__Fv
8004fcb4   _Get_IO_Trigger__Fv
8004eaec   _Get_Index_Req__Fv
8004ece0   _Get_Int_E_Stop__Fv
8004edb0   _Get_Int_PcIRQ__Fv
8004ec00   _Get_Int_Stop__Fv
80050a80   _Get_Interpolation__Fv
8004e7cc   _Get_Neg_Level__Fv
8004e5b8   _Get_Neg_Sn_Event__Fv
80050218   _Get_PosImode__Fv
8004e6c0   _Get_Pos_Level__Fv
8004e4ac   _Get_Pos_Sn_Event__Fv
80050724   _Get_Pulse_Mode__Fv
8005096c   _Get_Pulse_Ratio__Fv
80051400   _Get_Resolution__Fv
8004fefc   _Get_SW_Lower_Limit__Fv
8004fd7c   _Get_SW_Upper_Limit__Fv
8004e1ec   _Get_Stop_Event__Fv
8004e23c   _Get_Stop_Rate__Fv
8005061c   _Get_SyncGain__Fv
80050574   _Get_SyncMap__Fv
80050614   _Get_SyncOff__Fv
8005060c   _Get_SyncOn__Fv
8004fa24   _Get_Userio_Int_Edge__Fv
80050320   _Get_VelImode__Fv
8004f5a0   _Get_Voltage_Device__Fv
8005f7b4   _GuideTesting__Fv
80084a94   _HOSTclock
80083f40   _HOSTclose
800842c4   _HOSTlseek
80083da0   _HOSTopen
80084034   _HOSTread
80084578   _HOSTrename
800849ac   _HOSTtime
80084428   _HOSTunlink
80084184   _HOSTwrite
8005ee5c   _HomeSensorTesting__Fv
80089b64   _I2C_Init0__Fv
80089a44   _I2C_Init1__Fv
80089910   _I2C_IsrSendBytes0__Fv
800897d8   _I2C_IsrSendBytes1__Fv
800896d8   _I2C_Triggering0__Fv
800895e0   _I2C_Triggering1__Fv
8005fba0   _ICon_IOTesting__Fv
8005fab4   _ICon_OutTesting__Fv
800516e8   _IEEE2TMS__Fi
8005eab0   _INPositionSetTesting__Fv
8004ddd0   _IO_Mode_Put__Fv
8004dd70   _IO_Mode_Set__Fv
8005f808   _InTesting__Fv
80056dd0   _InitBdParameter__Fv
80053d4c   _InitBootParam__FP10_UBOOTPARA
80076fa0   _InitDA__Fv
80041460   _InitFileSystem__Fv
8006ce78   _InitGuideSensorPort__Fi
80076960   _InitHardware__Fv
80053404   _InitITPQ__Fi
80048448   _InitJtagPort__Fv
80076c50   _InitMotorParameters__Fv
80076e74   _InitPIDGain__Fv
800488b8   _InitPLL__Fv
80058128   _InitPara__Fv
80077008   _InitPosition__Fv
80048c34   _InitSystem__FUi
8004b450   _InitUsbDispModule__Fv
8008573c   _Init_eeprom__Fv
8004769c   _InitialSystemDataDesc__FP14_SYS_DATA_DESC
8007d7d0   _InitializeFileSystemFunction__Fv
8006c620   _Interpolation_10msec__FP10CONTROLBUFi
8046ab14   _Interpolation_Flag
80059320   _Interpolation__Fv
80040000   _InterruptVectors
8004b87c   _IsDispConnect__Fv
80041f48   _IsEndOfFile__FUi
80053834   _IsQEmpty__Fi
8046d084   _IsrTable
80092a34   _JpcMovSt
80098110   _Last_Pos
8005ec38   _LimitEventTesting__Fv
8005db34   _LimitSwitchTesting__Fv
8005f6d8   _LimitTesting__Fv
8006e4ac   _LinearInterpolation__FP10CONTROLBUFi
80054bb8   _LoadLongBlockFromEeprom__FUiPcPUiT3i
804b9b1c   _MOTOR_DIRECTION_CONTROL
800981d0   _M_J_Command
8004fc24   _Main_Delay__Fv
80040990   _MakeFullFileName__FPCcT1Pc
8046ab58   _Max_Smpcnt
804b9214   _Mdisp
804b919c   _Mf
800480e4   _MicroDelay__Fi
8005dd24   _MotorTypeSetting__Fv
800576cc   _NdokMain__Fv
8005cb70   _NdokOnIdleEvent__Fv
8005cb78   _NdokOnLowIdleEvent__Fv
8005cb54   _NdokOnSerialEvent__FPCUci
8004be64   _NoOperation__Fv
80044180   _OnLED__FiUi
8005f888   _OutTesting__Fv
80059174   _PTPMove__FiT1
8004bef0   _PTP_Move__Fv
8004d4f0   _PUT_Curr_Pos__Fv
8004d97c   _PUT_Empty_Frame__Fv
8004d8c0   _PUT_Error_Limit__Fv
8004d600   _PUT_Error_Pls__Fv
8004ce90   _PUT_Gain__Fv
8004d758   _PUT_In_Position__Fv
8004d578   _PUT_Position__Fv
8005181c   _PUT_Query__Fv
8004defc   _PUT_Stepper__Fv
8004d138   _PUT_VGain__Fv
80092b20   _Pause
80098070   _PauseRstrt
8046ab5c   _Pid_Dividend
80059adc   _PlanAsymTrapezoidal__FiN31fT1
8005b314   _PlanAsymTrapezoidal_old__FiN31fT1
80059a84   _PlanTrapezoidal__FiN21fT1
8005a710   _PlanTrapezoidal_old__FiN21fT1
8046ab60   _Pos_Limit
8046ab64   _Pos_Stepper_Limit
8005d74c   _PositionSetting__Fv
8005d458   _Position_Command_Setting__Fv
8006dc00   _PowerOffState__FP10CONTROLBUF
80086d80   _ProcessBootPara__FiN21
80040260   _ProcessUserCommand__FPc
8005e25c   _PulseRatioSetting__Fv
8007d308   _PushAck__FP11FILECMD_ACK
800801b8   _PutHelp__FPc
80044ec0   _PutHexa2__Fc
80044e18   _PutHexa8__FPci
80044f9c   _PutHexa8__Fi
8005356c   _PutITPQ__FiT1
8007fcd8   _PutPrompt__Fv
80051050   _Put_ASIC__Fv
8004f114   _Put_Amp_Fault_Level__Fv
8004f004   _Put_Amp_Fault__Fv
8004f904   _Put_Amp_On_Level__Fv
8004f21c   _Put_Amp_Reset_Level__Fv
8004eef8   _Put_Axis_Source__Fv
8004ee70   _Put_Axis_Stat__Fv
8004fb00   _Put_Buf_Position__Fv
80051250   _Put_Captured_Position__Fv
8004f7fc   _Put_Closed_Loop__Fv
80050194   _Put_Control_Cfg__Fv
8004f3b0   _Put_Dac_Offset__Fv
8004e424   _Put_E_Stop_Rate__Fv
80050ab0   _Put_Empty_Interpolation__Fv
8005082c   _Put_Encoder__Fv
8004f51c   _Put_Feedback_Device__Fv
800504d0   _Put_GearRatio__Fv
8004ea64   _Put_Home_Level__Fv
8004e95c   _Put_Home_Sn_Event__Fv
8005007c   _Put_IO_Out_Data__Fv
8004eb7c   _Put_Index_Req__Fv
8004e854   _Put_Neg_Level__Fv
8004e63c   _Put_Neg_Sn_Event__Fv
8005029c   _Put_PosImode__Fv
8004e744   _Put_Pos_Level__Fv
8004e534   _Put_Pos_Sn_Event__Fv
800507a8   _Put_Pulse_Mode__Fv
800509fc   _Put_Pulse_Ratio__Fv
800515e4   _Put_Resolution__Fv
8004ffc0   _Put_SW_Lower_Limit__Fv
8004fe40   _Put_SW_Upper_Limit__Fv
8004e2c4   _Put_Stop_Rate__Fv
800508b4   _Put_SyncEncoder__Fv
80050698   _Put_SyncGain__Fv
8004fab4   _Put_Userio_Int_Edge__Fv
800503a4   _Put_VelImode__Fv
8004f624   _Put_Voltage_Device__Fv
80092b70   _Q_Buf
8046ab04   _Q_in_num
8046aaf4   _Q_out_num
8004ce80   _RECT_Move__Fv
8004dd08   _RESET_IO_Bit__Fv
80053b34   _ReadBootParam__FP10_UBOOTPARA
80078068   _ReadChannel1__FPci
800780b4   _ReadChannel2__FPci
80078184   _ReadChannel__FPci
8007776c   _ReadCommandAxis__Fv
80077714   _ReadCommand__Fv
8006f218   _ReadCurPos__FP10CONTROLBUFi
80085710   _ReadEepromChar__FUi
800856e4   _ReadEepromInt__FUi
800856b8   _ReadEepromShort__FUi
80085504   _ReadEepromString__FUiPci
800440d0   _ReadInPortBit__Fi
800440c4   _ReadInPort__Fv
80078010   _ReadInPos__Fi
80076c34   _ReadInnerCounter__Fi
800485d4   _ReadJtagTDO__Fv
80044168   _ReadLightValue__Fv
8007837c   _ReadMem1__FPci
800783bc   _ReadMem2__FPci
80078494   _ReadMem__FPci
800440a8   _ReadOutPort__FUi
80077de4   _ReadSensor__Fi
80040340   _ReadSerialPort__Fv
80077d88   _ReadServoAlarm__Fi
80077970   _ReadUserIn__Fv
80077d50   _ReadZValue__Fv
80051a1c   _Read_Memory__Fv
80077470   _RearmZInt__Fv
80040c58   _RearrangeCluster__Fv
80040b48   _RearrangeFileTable__Fv
800800a8   _RemoveChar__FPvUc
8004fa1c   _Reserved_Function__Fv
80076cb4   _ResetEncCounter__Fv
80078a40   _ResetEncoderTiming__Fi
80076e14   _ResetPulseOut__Fv
8006a340   _RestartFromPause__Fi
800554d4   _RunConfigSaveFromIPC__Fv
80055064   _RunConfigUploadToIPC__Fv
8004b73c   _RunUsbDispModule__Fv
80047098   _SERIALEX_Close__Fi
80047374   _SERIALEX_Control__Fi
80047054   _SERIALEX_Open__Fi
800473ac   _SERIALEX_ReadBytes__FiPvN21
800470d0   _SERIALEX_SetPort__FiN41
80047620   _SERIALEX_WriteBytes__FiPCvT1
8004573c   _SERIAL_Enable__FUi
80045fb0   _SERIAL_GenChecksum__FPvi
800455e4   _SERIAL_Init__Fv
800459c8   _SERIAL_ReadAByte__FPUci
80045b00   _SERIAL_ReadBytes__FPviT2
80045e3c   _SERIAL_ReadStxEtxString__FPciT2
80046160   _SERIAL_ReceiveFile__FP14_SER_FILE_DESCi
80044d9c   _SERIAL_ReceivedDataCnt__Fv
800468e0   _SERIAL_ReleaseFileDesc__FP14_SER_FILE_DESC
80046920   _SERIAL_SendFile__FPcPUcUii
80045808   _SERIAL_SetPort__FiN31
8004606c   _SERIAL_TestChecksum__FPviUc
80045db4   _SERIAL_WaitCommand__FUci
80045cfc   _SERIAL_WriteAByte__FUc
80045d3c   _SERIAL_WriteBytes__FPCvi
8004de38   _SET_Delay__Fv
8004dca4   _SET_IO_Bit__Fv
80076bb8   _SHORT2INT__Fs
8004c108   _SPL_Arc_Move__Fv
8004c100   _SPL_Line_Move__Fv
8004c110   _SPL_Move__Fv
80040754   _SaperateFileNameAndExt__FPCcPcT2
80053c68   _SaveBootParam__FP10_UBOOTPARA
800546dc   _SaveLongBlockToEeprom__Fv
800510d0   _Save_Boot_Frame__Fv
80077478   _SelectFlashROM__Fv
8046c3a8   _SendQ
8046d07c   _SerialCallback
80045048   _SerialChipInit__Fv
8004528c   _SerialISR__Fv
80045710   _SerialSetCallback__FPFi_v
8005ce70   _SerialTesting__Fv
804b8914   _Service
80077618   _ServoOff__Fi
8007751c   _ServoOn__Fi
8004e064   _Servo_Off__Fv
8004e010   _Servo_On__Fv
8006b90c   _SetAbortEvent__Fi
80048288   _SetDMAVect__FiPFv_v
8005643c   _SetEncoderDirection__Fv
800777d8   _SetEncoderHwDirection__FiT1
80068cc8   _SetEncoderOffset__Fv
80042e60   _SetFileFormatCallBack__FPFi_v
800484cc   _SetJtagTCK__Fi
80048524   _SetJtagTDI__Fi
8004857c   _SetJtagTMS__Fi
8006bc58   _SetStopEStopEvent__Fi
8005666c   _SetSwPauseCheckBit__Fv
80056554   _SetSwPause__Fv
80077248   _SetTimer__Fv
8004b52c   _SetUsbDispInterval__Fi
800481cc   _SetVect__FiPFv_v
8005c70c   _SetVelocityRate__Fv
800485f4   _SetupEmif__FUi
80048714   _SetupL2Cache__Fi
80049244   _Sign__FUi
8005e790   _SoftwareLimitSetting__Fv
80051100   _Start_Capture__Fv
8008cdd8   _Stepper
8005d8d4   _StopRateTesting__Fv
80051220   _Stop_Capture__Fv
804b9334   _SyncMotion
80048ad8   _SystemInit__Fv
80051714   _TMS2IEEE__Ff
80049094   _TestChkSum__FPUciUc
8004419c   _ToggleLED__Fi
80097fd0   _Traj
8046d17c   _UDM_Frame
8049d17c   _UDM_StartClk
8049d180   _UDM_StartDisp
8046d178   _UDM_bInit
8049d184   _UDM_nDispInterval
8004a238   _USB_CheckSetupPacket__Fv
804bac44   _USB_DESC_TBL
80049fe0   _USB_ENUM__Fv
8004b3c4   _USB_EnableBulkTransfer__FUi
8004b338   _USB_EnableInterrupts__FUi
800497e4   _USB_Enumeration__Fv
8004931c   _USB_ISR__Fv
80049d8c   _USB_InitBL__Fv
800499f0   _USB_Init__Fv
8004a500   _USB_IntrPoll__Fv
800496f4   _USB_ReadCmdRegister__FUc
8004b1f4   _USB_ReadEP0__FPviT2
8004afbc   _USB_ReceiveDataBy__FiPvN21
8046d170   _USB_SETUP_PACKET
8004a824   _USB_SendDataBy__FiPvN21
8004a128   _USB_SendSX2Registers__Fv
8004b2d0   _USB_SetEP0ByteCnt__Fi
8004a1ec   _USB_WaitForEP0Ready__Fv
800495ac   _USB_WriteCmdRegister__FUcT1
80049510   _USB_WriteDelay__Fv
8004b11c   _USB_WriteEP0__FPviT2
800559d0   _UploadParamToIPC__Fv
8004b55c   _UsbDispCheckSetup__Fv
8004dab8   _VEL_Move__Fv
80060fd8   _VMovePos__Fi
80060eac   _VMove__Fi
8005e93c   _VelLimitSetting__Fv
8005d3c8   _Vel_Monitoring__Fv
8005de28   _Vel_TorqSetting__Fv
8006a5c8   _VelocityMove_1msec__FP10CONTROLBUFi
800483e0   _WaitDMA__Fi
800852a4   _WaitEepromReady__FUi
8007d548   _WriteBootLoader__FP9FILE_DESC
80078244   _WriteChannel1__FPcic
8007827c   _WriteChannel2__FPcis
800782fc   _WriteChannel__FPciT2
80077e80   _WriteDAPort__FiT1
800854d8   _WriteEepromChar__FUiUc
800854ac   _WriteEepromInt__FUiT1
80085480   _WriteEepromShort__FUiUs
80085340   _WriteEepromString__FUiPci
80077b00   _WriteEncoder__FiT1
8007d694   _WriteFile__FP9FILE_DESC
80077b58   _WriteFlashMemory__FPcc
80077ac4   _WriteInnerCounter__FiT1
80044138   _WriteLightValue__FUc
8007856c   _WriteMem1__FPVciT2
800785a4   _WriteMem2__FPVciT2
80078624   _WriteMem__FPVciT2
80044088   _WriteOutPortBit__FiUi
8004406c   _WriteOutPort__FUi
80077fac   _WritePulseCommand__FiT1UiN31
80047978   _WriteSystemData__FPC12_SYSTEM_DATA
80077d70   _WriteZEnable__Fi
80051aac   _Write_Block__Fv
80051740   _Write_Memory__Fv
8046d0c4   _XIsrTable
80091d40   __CIOBUF_
8007d828   __FormatFileSystem__Fv
80044b04   __IsSendingStopped__Fi
800607c0   __Q_vmove_pos__FifN22T1P17STRUCT_MOVEDS_CMD
00040000   __STACK_SIZE
00c00000   __SYSMEM_SIZE
8005470c   __SaveLongBlockToEeprom__Fv
80044b6c   __SendQueuePush__FiPcT1
8007fc48   ___App_First__Fv
80067198   ___ClearStatus__Fi
80067bbc   ___ClearStop__Fi
80090e8c   ___ClrWatchdog__Fi
80090e68   ___EnableWatchdog__Fi
80084b80   ___GetAck_eeprom__Fv
80067ad0   ___GetBufPosition__Fi
80053a0c   ___GetChar__Fi
80065bdc   ___GetCurPos__Fi
80067890   ___GetDacOffset__Fi
80068c90   ___GetEncoderOffset__Fi
80065d98   ___GetErrorLimit__FiPiPc
80065c6c   ___GetErrorPls__Fi
80065250   ___GetGain__FiPUiN42
80077a70   ___GetIOMode__Fv
80065cec   ___GetInPosition__Fi
8005388c   ___GetInt__Fi
80068278   ___GetIoInData__FPiT1
80068214   ___GetIoOutData__FPiT1
8006693c   ___GetMotorType__Fi
80065c10   ___GetPos__Fi
800683b8   ___GetSWLowerLimit__FiPiPc
80068120   ___GetSWUpperLimit__FiPiPc
80053984   ___GetShort__Fi
80065b48   ___GetSyncEncoder__FPiT1
80065388   ___GetVGain__FiPUiN42
80090e20   ___GetWatchdogStatus__Fv
8006cdd0   ___InitGuideBuffer__Fi
80067520   ___IsPauseCondition__Fi
800674e4   ___IsPauseOn__Fi
80064f30   ___PtpMove__FiN41f
80058d2c   ___PtpReMove__FiN41fT1
80053aec   ___PutChar__Fic
8006876c   ___PutCommand__FiT1
80067a04   ___PutDacOffset__FiT1
8006511c   ___PutGain__FiUiN42
80053a5c   ___PutInt__FiT1
80067e48   ___PutIoTrigger__FiT1c
80068438   ___PutPulseRatio__FiT1
800681a4   ___PutSWLowerLimit__FiT1c
80053aa0   ___PutShort__Fis
80068364   ___PutSyncMap__FiT1
80060730   ___Q_Adj_LoadingPos__Fi
80076bdc   ___ReadEncoder__Fi
8008502c   ___Readeeprom__Fi
80066f6c   ___ResetAlarm__Fi
80078930   ___ResetIoBit__Fi
80064e78   ___RsvrOnOff__FiT1
80066d24   ___ServoOff__Fi
80066ac4   ___ServoOn__Fi
8006709c   ___SetAlarm__Fi
80064cf4   ___SetClosedLoop__FiT1
80066730   ___SetDelay__FiN21
80067300   ___SetEStopEvent__Fi
80068be4   ___SetEncoderOffset__FiT1
80065d28   ___SetErrorLimit__FiT1c
800678c8   ___SetFramesClear__Fi
80077a04   ___SetIOMode__Fi
80065ca8   ___SetInPosition__Fif
800673a0   ___SetIndexReq__FiT1
800676fc   ___SetIntEStop__FiN21
80068a98   ___SetIntPcIRQ__FiN21
80067564   ___SetIntStop__FiN21
800684c4   ___SetInterpolation__Fv
80078828   ___SetIoBit__Fi
80067a44   ___SetIoIntEnable__FiT1
800786a4   ___SetIoOutData__FiT1
800669f0   ___SetMotorType__FiT1
800655fc   ___SetPosition__FiT1
800680b0   ___SetSWUpperLimit__FiT1c
80067268   ___SetStopEvent__Fi
800654c8   ___SetVGain__FiUiN42
8004daa0   ___Set_Boot_Para__Fi
80084f84   ___Start_eeprom__Fv
80084ee4   ___Stop_eeprom__Fv
80065e18   ___VelMove__FifT1
804bbd48   ___WD_bEn
80084d28   ___Writeeeprom__Fc
804bb87c   ___bss__
804b9b54   ___cb
804b9ba8   ___cinit__
800605e0   ___clear_cmd_queue__Fi
80040000   ___data__
8006240c   ___dsp_move_ds__FiT1dN23T1
80061e78   ___dsp_move_n__FiT1dT3
80061b6c   ___dsp_move_p__FiT1dT3
8006219c   ___dsp_move_s__FiT1d
8008e830   ___dsplib_call_callback__Fi
8008e8a4   ___dsplib_call_callback_param4__FiPvT1T2Pi
8008e700   ___dsplib_callback_init__Fv
8008e768   ___dsplib_set_callback__FiPFv_v
8008e7e0   ___dsplib_set_callback_param4__FiPFPviT1Pi_v
80040000   ___edata__
804bbd58   ___end__
80091d40   ___etext__
800611e0   ___move_v_adv__FiT1fT3
80061610   ___move_vpos_adv__FiT1fT3T1P17STRUCT_MOVEDS_CMD
804b9a90   ___nGuideSensorBits
804b9a98   ___nRcvCount
800913e0   ___nw__FUi
804fbd58   ___pinit__
8008d218   ___sti__AxisGlb_c_BootPara
8046d068   ___sz
80040260   ___text__
800609ec   __adv_v_move_pos__FifN22T1
80091120   __auto_init
80090040   __buff_read
8008b09c   __cleanup
804b98d4   __cleanup_ptr
8008d820   __crc32_gen_table__Fv
8008da18   __crc32_get_crc__FPci
804bab40   __ctypes_
8008e280   __divd
8008f600   __divf
80090900   __divi
8008abc0   __divli
80091560   __divu
8008a8c0   __divul
8008ee3c   __doflush
8008dd4c   __dsp_Find_Analog_Channel__Fi
80070e18   __dsp_Find_Bd_Jnt__FiPiT2
8008a248   __dsp_Find_IO_Bit__Fi
8008a2b8   __dsp_Find_IO_Port__Fi
8007b124   __dsp_PTP_Move__FidT2N31
8008a180   __dsp_SetReset_Bit_IO__FiT1
80088000   __dsp_amc_init__Fv
80081260   __dsp_amp_fault_reset__Fi
8008129c   __dsp_amp_fault_set__Fi
80089df4   __dsp_amp_fault_switch__Fi
8008a4e8   __dsp_axis_done__Fi
8008a5c8   __dsp_axis_source__Fi
8008a588   __dsp_axis_state__Fi
80056b0c   __dsp_clear_amc_error__Fv
8008a61c   __dsp_clear_status__Fi
8008a6a8   __dsp_clear_stop__Fi
80081c10   __dsp_compensation_pos__FiPiPdT2
8004c33c   __dsp_cp_move__FiT1
80091020   __dsp_dwell__FiT1
80073b9c   __dsp_fget_closed_loop__FiPi
80081500   __dsp_fget_control__FiPi
80087fc0   __dsp_fget_e_stop_rate__FiPi
80072440   __dsp_fget_error_limit__FiPdPi
8007388c   __dsp_fget_feedback__FiPi
800720a4   __dsp_fget_in_position__FiPd
80072c94   __dsp_fget_index_required__FiPi
80071eac   __dsp_fget_negative_limit__FiPi
800715a4   __dsp_fget_negative_sw_limit__FiPdPi
80071c90   __dsp_fget_positive_limit__FiPi
80071208   __dsp_fget_positive_sw_limit__FiPdPi
800818b4   __dsp_fget_step_mode__FiPi
80087a00   __dsp_fget_stop_rate__FiPi
80081b40   __dsp_fget_sync_control__FPi
80081d30   __dsp_fget_tracking_factor__FiPd
80073708   __dsp_fget_unipolar__FiPi
80087304   __dsp_fio_interrupt_enable__FiT1
8008751c   __dsp_fio_interrupt_on_e_stop__FiT1
80087410   __dsp_fio_interrupt_on_stop__FiT1
80087634   __dsp_fio_interrupt_pcirq__FiT1
8008a764   __dsp_frames_clear__Fi
800810a4   __dsp_fset_amp_enable_level__FiT1
80072cd4   __dsp_fset_amp_fault__FiT1
80072ec8   __dsp_fset_amp_fault_level__FiT1
80073ea8   __dsp_fset_amp_reset_level__FiT1
80073a2c   __dsp_fset_closed_loop__FiT1
80081540   __dsp_fset_control__FiT1
80087ebc   __dsp_fset_e_stop_rate__FiT1
8008166c   __dsp_fset_electric_gear__Fid
80064e00   __dsp_fset_encoder_offset__FiT1
800721e8   __dsp_fset_error_limit__FidT1
800738cc   __dsp_fset_feedback__FiT1
80072fdc   __dsp_fset_filter__FiPUi
80072a74   __dsp_fset_home__FiT1
80072934   __dsp_fset_home_level__FiT1
80071f9c   __dsp_fset_in_position__Fid
80072c04   __dsp_fset_index_required__FiT1
8008cd78   __dsp_fset_micro_stepper__Fi
8007275c   __dsp_fset_negative_level__FiT1
80071d84   __dsp_fset_negative_limit__FiT1
80071380   __dsp_fset_negative_sw_limit__FidT1
80085894   __dsp_fset_p_integration__FiT1
80072584   __dsp_fset_positive_level__FiT1
80071b5c   __dsp_fset_positive_limit__FiT1
80070fd4   __dsp_fset_positive_sw_limit__FidT1
80081358   __dsp_fset_pulse_ratio__FiT1
80073ce8   __dsp_fset_servo__Fi
800817e4   __dsp_fset_step_mode__FiT1
8008cc98   __dsp_fset_stepper__Fi
800878fc   __dsp_fset_stop_rate__FiT1
80087c90   __dsp_fset_sw_pause__FiT1
80087c48   __dsp_fset_sw_pause_checkbit__FiN21
80081dc4   __dsp_fset_tracking_factor__Fid
8007359c   __dsp_fset_unipolar__FiT1
80073270   __dsp_fset_v_filter__FiPUi
80085b4c   __dsp_fset_v_integration__FiT1
800715ec   __dsp_get_accel_limit__FiPi
800885ec   __dsp_get_act_velocity__Fi
800886fc   __dsp_get_act_velocity_rpm__Fi
800811d0   __dsp_get_amp_enable__FiPi
80081110   __dsp_get_amp_enable_level__FiPi
80072da0   __dsp_get_amp_fault__FiPi
80072f30   __dsp_get_amp_fault_level__FiPi
80073ee8   __dsp_get_amp_reset_level__FiPi
8008dae0   __dsp_get_analog__FiPi
8008dd00   __dsp_get_analog_offset__FiPi
80073af0   __dsp_get_closed_loop__FiPi
80088580   __dsp_get_com_velocity__Fi
8008865c   __dsp_get_com_velocity_rpm__Fi
80088454   __dsp_get_command__FiPd
80081438   __dsp_get_control__FiPi
80088168   __dsp_get_counter__FiPd
8008dbbc   __dsp_get_dac_output__FiPi
80087f60   __dsp_get_e_stop_rate__FiPi
80081710   __dsp_get_electric_gear__FiPd
8007792c   __dsp_get_encoder_direction__Fi
80064e40   __dsp_get_encoder_offset__Fi
80088518   __dsp_get_error__FiPd
80072330   __dsp_get_error_limit__FiPdPi
80056b28   __dsp_get_error_status__Fv
800737e4   __dsp_get_feedback__FiPi
800731c0   __dsp_get_filter__FiPUi
80072af4   __dsp_get_home__FiPi
80072974   __dsp_get_home_level__FiPi
80068ea8   __dsp_get_home_sn_event__FiPi
8007202c   __dsp_get_in_position__FiPd
80072c44   __dsp_get_index_required__FiPi
8008a0c4   __dsp_get_io2__FPiT1
800779cc   __dsp_get_io64__FPi
8008a06c   __dsp_get_io__FPi
80089f18   __dsp_get_io_mode__FiPi
8008ccf8   __dsp_get_micro_stepper__Fi
8007279c   __dsp_get_negative_level__FiPi
80071e10   __dsp_get_negative_limit__FiPi
800714e8   __dsp_get_negative_sw_limit__FiPdPi
80073dd8   __dsp_get_out64__FPi
800859d8   __dsp_get_p_integration__FiPi
80088328   __dsp_get_position__FiPd
800725c4   __dsp_get_positive_level__FiPi
80071be8   __dsp_get_positive_limit__FiPi
8007113c   __dsp_get_positive_sw_limit__FiPdPi
800813d8   __dsp_get_pulse_ratio__FiPi
80073bdc   __dsp_get_servo__Fi
80081864   __dsp_get_step_mode__FiPi
80073da0   __dsp_get_stepper__Fi
800879a0   __dsp_get_stop_rate__FiPi
80087d84   __dsp_get_sw_pause__FiPi
80087d1c   __dsp_get_sw_pause_checkbit__FiPiT2
80087cd0   __dsp_get_sw_pause_event_st__FiPi
80081af4   __dsp_get_sync_control__FPi
80081bc4   __dsp_get_sync_gain__FPi
800881fc   __dsp_get_sync_position__FPdT1
80081cd4   __dsp_get_tracking_factor__FiPd
80073660   __dsp_get_unipolar__FiPi
80073450   __dsp_get_v_filter__FiPUi
80085c48   __dsp_get_v_integration__FiPi
800717e0   __dsp_get_vel_limit__FiPd
80089ca0   __dsp_home_switch__Fi
8008a3b0   __dsp_in_motion__Fi
8008a410   __dsp_in_position__Fi
8008a350   __dsp_in_sequence__Fi
80087240   __dsp_io_interrupt_enable__FiT1
8008748c   __dsp_io_interrupt_on_e_stop__FiT1
80087380   __dsp_io_interrupt_on_stop__FiT1
80087598   __dsp_io_interrupt_pcirq__FiT1
800876b0   __dsp_io_interrupt_pcirq_eoi__Fi
80091068   __dsp_io_trigger__FiN21
8008a470   __dsp_motion_done__Fi
8007926c   __dsp_move__FidT2T1
8007a4b8   __dsp_move_all__FiPiPdT3T2
80061a80   __dsp_move_ds__FidN22T1
80061878   __dsp_move_dst__FidN22T1
80061978   __dsp_move_n__FidT2
800617d4   __dsp_move_nt__FidT2
800618ec   __dsp_move_p__FidT2
8006177c   __dsp_move_pt__FidT2
80061a04   __dsp_move_s__Fid
8006182c   __dsp_move_st__Fid
80089d80   __dsp_neg_switch__Fi
800799f4   __dsp_p_move__FidT2T1
80064d34   __dsp_param_flush__Fv
80089d14   __dsp_pos_switch__Fi
80079454   __dsp_r_move__FidT2T1
8008a144   __dsp_reset_bit__Fi
80079814   __dsp_rs_move__FidT2T1
80079634   __dsp_s_move__FidT2T1
8007a7a0   __dsp_s_move_all__FiPiPdT3T2
8007168c   __dsp_set_accel_limit__FiT1
80081160   __dsp_set_amp_enable__FiT1
8008103c   __dsp_set_amp_enable_level__FiT1
80072d3c   __dsp_set_amp_fault__FiT1
80072e48   __dsp_set_amp_fault_level__FiT1
80073e28   __dsp_set_amp_reset_level__FiT1
8008dca0   __dsp_set_analog_offset__FiT1
8008a108   __dsp_set_bit__Fi
80073990   __dsp_set_closed_loop__FiT1
800883cc   __dsp_set_command__Fid
80081498   __dsp_set_control__FiT1
8008dc08   __dsp_set_dac_output__FiT1
80087dc0   __dsp_set_e_stop__Fi
80087e0c   __dsp_set_e_stop_rate__FiT1
800815c4   __dsp_set_electric_gear__Fid
800778b8   __dsp_set_encoder_direction__FiT1
80064da4   __dsp_set_encoder_offset__FiT1
800720e4   __dsp_set_error_limit__FidT1
80073748   __dsp_set_feedback__FiT1
800730f0   __dsp_set_filter__FiPUi
80072a10   __dsp_set_home__FiT1
80072838   __dsp_set_home_level__FiT1
80068e64   __dsp_set_home_sn_event__FiT1
80071eec   __dsp_set_in_position__Fid
80072b9c   __dsp_set_index_required__FiT1
8008a028   __dsp_set_io2__FiT1
8007876c   __dsp_set_io64__FiPi
80089fdc   __dsp_set_io__Fi
80089e60   __dsp_set_io_mode__FiT1
8008cd38   __dsp_set_micro_stepper__Fi
80073c14   __dsp_set_motor_type__FiT1
80072660   __dsp_set_negative_level__FiT1
80071ce8   __dsp_set_negative_limit__FiT1
80071254   __dsp_set_negative_sw_limit__FidT1
80085948   __dsp_set_p_integration__FiT1
800880e0   __dsp_set_position__Fid
80072488   __dsp_set_positive_level__FiT1
80071abc   __dsp_set_positive_limit__FiT1
80070eb4   __dsp_set_positive_sw_limit__FidT1
800812d8   __dsp_set_pulse_ratio__FiT1
80073c54   __dsp_set_servo__Fi
80081784   __dsp_set_step_mode__FiT1
8008cc58   __dsp_set_stepper__Fi
800877cc   __dsp_set_stop__Fi
80087808   __dsp_set_stop_rate__FiT1
80087be8   __dsp_set_sw_pause__FiT1
80087b24   __dsp_set_sw_pause_checkbit__FiN21
80087a40   __dsp_set_sw_pause_event_st__FiT1
80081ab0   __dsp_set_sync_control__Fi
80081b78   __dsp_set_sync_gain__Fi
800818f4   __dsp_set_sync_map_axes__FiT1
80081d74   __dsp_set_tracking_factor__Fid
800734fc   __dsp_set_unipolar__FiT1
80073388   __dsp_set_v_filter__FiPUi
80085a74   __dsp_set_v_integration__FiT1
800718bc   __dsp_set_vel_limit__Fid
80079128   __dsp_start_move__FidT2T1
8007a250   __dsp_start_move_all__FiPiPdT3T2
800798b4   __dsp_start_p_move__FidT2T1
80079314   __dsp_start_r_move__FidT2T1
800796d4   __dsp_start_rs_move__FidT2T1
800794f4   __dsp_start_s_move__FidT2T1
8007a558   __dsp_start_s_move_all__FiPiPdT3T2
80079a94   __dsp_start_t_move__FidT2N21
8007a848   __dsp_start_t_move_all__FiPiPdT3N22
80079e70   __dsp_start_tr_move__FidT2N21
8007a060   __dsp_start_trs_move__FidT2N21
80079c80   __dsp_start_ts_move__FidT2N21
8007ab40   __dsp_start_ts_move_all__FiPiPdT3N22
80079bdc   __dsp_t_move__FidT2N21
8007aa8c   __dsp_t_move_all__FiPiPdT3N22
80079fbc   __dsp_tr_move__FidT2N21
8007a1ac   __dsp_trs_move__FidT2N21
80079dcc   __dsp_ts_move__FidT2N21
8007ad8c   __dsp_ts_move_all__FiPiPdT3N22
8007afe8   __dsp_v_move__FidT1
80081c38   __dsp_version_chk__FiPi
8007aed4   __dsp_wait_for_all__FiPi
8007ae40   __dsp_wait_for_done__Fi
804b98d8   __dtors_ptr
80091620   __fixdli
800916e0   __fixdu
800919e0   __fltlif
8008d260   __frcdivd
80090f20   __frcdivf
804b8f60   __ft_end
804b8bf0   __ftable
804b9b90   __lock
804b9b88   __memory_size
80091cc0   __nop
80073f60   __printfi
80044dd0   __puthex__Fc
8008ef20   __rd_ok
80091cc8   __register_lock
80091cdc   __register_unlock
80090a20   __remi
8008ab04   __remli
800917a0   __remu
8008a800   __remul
8008eb60   __round
8007b580   __scanfi
804bbd58   __stack
80091220   __strasg
81000000   __sys_memory
804b8e20   __tmpnams
80091c40   __trunc
804b9b94   __unlock
8008efe0   __wrt_ok
8008eb54   _abort
80098280   _acc_time
80098200   _acc_traj
80083180   _add_device
804b9180   _amc_error
8008d560   _atan
8008f460   _atan2
8008ea78   _atexit
8008fc00   _atoi
80092a9c   _axis_mov
80091a60   _c_int00
80053198   _c_int02__Fv
8007ee08   _c_int03__Fv
800822c4   _calloc
80091b40   _ceil
80083ad0   _close
8049d200   _dbuf
804a4f00   _dbuf_cnt
80098290   _dcc_time
80098210   _dcc_traj
80091c14   _default_new_handler__3stdFv
80098160   _delt_g_addr
804b879c   _delt_g_intaddr
800982a0   _delt_s
80098150   _delt_s_addr
80098130   _delt_s_b
80098180   _delt_s_buff
80098140   _delt_s_count
804b878c   _delt_s_intaddr
804b87cc   _delt_s_intbuff
804b87ac   _delt_s_intcount
804b87bc   _delt_s_interruptcount
80098120   _delt_s_psh
8006cdc8   _dummy_axisint_c__Fv
804b8bd8   _eDumpHdr
8008c3e0   _ecvt
804b9ba4   _errno
8008e940   _exit
80098230   _f_cur_pls
80098240   _f_cur_pls_b
80098250   _f_delt_s
80098220   _f_dest_pls
80091d20   _fabsf
80090560   _fclose
8008bf60   _fcvt
8008ed40   _fflush
8008faa8   _fgetc
8008acc0   _fopen
8008f92c   _fputc
8008bb54   _fputs
8004d9fc   _frames_left__Fi
80082710   _free
8008ad28   _freopen
80090420   _frexp
80090b20   _frexpf
80090c20   _fseek
8046b734   _g_FS_ClusterBase
8046b708   _g_FS_FileHandle
8046b730   _g_FS_FileSystemReady
8046b6fc   _g_FS_ShadowClusterTable
8046b6f8   _g_FS_ShadowFileTable
8046b700   _g_FS_TotalNumOfBlocks
8046b704   _g_FS_TotalNumOfCluster
8046d074   _g_SerHookFunc
8046d154   _g_bBusActivity
8046d144   _g_bENUMOK
8046d150   _g_bEP0BUFReady
8046d168   _g_bEnableTransferFlag
8046d15c   _g_bFlags
8046d148   _g_bGotSetup
8046d164   _g_bIsIntr
8046d14c   _g_bReadIntr
8046d158   _g_bReady
8046d16c   _g_bUSBOpened
8046d160   _g_bWaste
8046abb4   _g_f
8046abb8   _g_ff
8046abbc   _g_fff
8046aba8   _g_i
8046abac   _g_ii
8046abb0   _g_iii
8046b6f0   _g_nDisplayMode
8046b6ec   _g_nNDOKSerialMode
8046b6e8   _g_nNDOKSerialStxEtxStrIndex
8046b738   _g_nSerBaudrate
8046b73c   _g_nSerDataBit
8046b740   _g_nSerParity
8046b744   _g_nSerStopBit
8046d078   _g_pSerParam
8046ace8   _g_sNDOKSerialStxEtxString
8046b748   _g_stQueue
80081cac   _get_axis_var__FiPiPA4_iPA4_f
8008fa80   _getc
8008fa90   _getchar
8008480c   _getenv
8046ab48   _inter_k
8046ab50   _inter_k2
80098170   _jnt_run
8046ab68   _lITPCmd
8046ab78   _lITPSt
8008f780   _ldexp
800906a0   _ldexpf
80083990   _lseek
800902e0   _ltoa
804bbd54   _m_nAddress
80040668   _main
800820bc   _malloc
80082ac8   _memalign
80091840   _memccpy
8008e4c0   _memcpy
800907e0   _memset
80082054   _minit
804b8bc8   _mmHdr
800910b4   _mmcDelay__Fi
8008cc40   _mmc_all_axes__Fv
8008cc20   _mmc_axes__FiPi
804b9ba0   _mmc_error
80091300   _modf
804b9a80   _n10msOpFlag
804b9a78   _n1msOpCount
804b9a7c   _n5msOpFlag
804b9a8c   _nGuideBits
804b9a88   _nIOCount
8046ab98   _nITPMode
804b9a84   _nSimCount
804bbd4c   _new_handler_fun__3std
8004925c   _nop__Fv
804b917e   _nothrow__3std
800834e0   _open
804baa10   _pBootPara
80092a24   _pCBuf
804baa68   _pDownloadDPRAM
80092a20   _pGBuf
804b9900   _pRecQ
800982b0   _p_offs
804b8be8   _peDumpBody
8049d188   _plsCmd
800914a0   _printf
804b9b80   _ptr_icon_iport
804b9b84   _ptr_icon_lamp
804b9b78   _ptr_icon_oport1
804b9b7c   _ptr_icon_oport2
804b9b48   _ptr_sys_sabs
804b9b40   _ptr_sys_sctrl
804b9b44   _ptr_sys_sstat
804b9b30   _ptr_user_iport
804b9b34   _ptr_user_iport2
804b9b38   _ptr_user_iport3
804b9b3c   _ptr_user_iport4
804b9b20   _ptr_user_oport
804b9b24   _ptr_user_oport2
804b9b28   _ptr_user_oport3
804b9b2c   _ptr_user_oport4
8008f900   _putc
8008f910   _putchar
8008bae0   _puts
8004498c   _queue_datsize__Fi
80044600   _queue_initialize__Fi
8004480c   _queue_pop__FiPUc
80044674   _queue_push__FiUc
800901a0   _rand
80083714   _read
8008fe2c   _readmsg
80082380   _realloc
804b8788   _recording_cnt
80091d00   _remove
80083418   _remove_device
80083c80   _rename
80091c00   _set_new_handler__3stdFPFv_v
8008f0e0   _setvbuf
8008c860   _sin
8008fee0   _sprintf
8008dd80   _sqrt
8008f2a0   _sqrtf
80090264   _srand
8008e020   _sscanf
80091c80   _strchr
80091960   _strcmp
800918e0   _strcpy
80091ba0   _strlen
80091ae0   _strncmp
80090d20   _strncpy
800887a0   _strtod
8008b180   _strtol
80088ec0   _strtold
8008b640   _strtoul
804a4f08   _sum_rec
800444d4   _toAscii__Fc
804b8bd4   _uiEepromSaveAddr
80083be0   _unlink
8046abe4   _userio_ax
8046abe0   _userio_axis_enable
8046abd8   _userio_axis_int
8046abdc   _userio_global_int_enable
8046abc8   _userio_int_data
8046abcc   _userio_int_data_b
8046abd4   _userio_int_edge
8046abc4   _userio_int_enable
8046abd0   _userio_int_flag
8046abc0   _userio_mode_select
800981e0   _virtual_pos
80098260   _vm_cur_pls
80098270   _vm_cur_pls_b
80083850   _write
8008fd80   _writemsg
804b9ba8   cinit
80040000   edata
804bbd58   end
80091d40   etext
804fbd58   pinit


GLOBAL SYMBOLS: SORTED BY Symbol Address 

address    name
--------   ----
00040000   __STACK_SIZE
00c00000   __SYSMEM_SIZE
80040000   ___data__
80040000   ___edata__
80040000   _InterruptVectors
80040000   .data
80040000   edata
80040260   ___text__
80040260   _ProcessUserCommand__FPc
80040260   .text
80040340   _ReadSerialPort__Fv
80040668   _main
8004073c   _FormatBlankFunc__Fi
80040754   _SaperateFileNameAndExt__FPCcPcT2
80040990   _MakeFullFileName__FPCcT1Pc
80040b48   _RearrangeFileTable__Fv
80040c58   _RearrangeCluster__Fv
8004108c   _FindEmptyCluster__Fv
8004121c   _FindEmptyFileDesc__Fv
8004136c   _GetRemainSpace__Fv
80041460   _InitFileSystem__Fv
800416e8   _FormatFileSystem__Fv
800417b8   _FindFile__FPCc
800418f4   _FileDelete__FPCc
80041af8   _FileOpen__FPCcUi
80041f48   _IsEndOfFile__FUi
80041ff8   _FileWrite__FUiPCvT1
80042424   _FileRead__FUiPvT1
8004274c   _FileClose__FUi
80042e34   _FileGetSize__FUi
80042e60   _SetFileFormatCallBack__FPFi_v
80042ebc   _GetNumberOfFile__Fv
80042f7c   _GetNumberOfDeletedFile__Fv
80043034   _GetFileName__FiPcT1
80043254   _FMMU_GetBlockSize__Fv
80043264   _FMMU_GetBootLoaderBase__Fv
80043298   _FMMU_WriteBootLoader__FPvUi
800432b4   _FMMU_GetFPGABase__Fv
800432ec   _FMMU_WriteFPGA__FPvUi
80043308   _FMMU_GetSystemDataBase__Fv
80043340   _FMMU_EraseSystemDataBlock__Fv
80043374   _FMMU_WriteSystemDataMem__FUiPCvi
800433c8   _FMMU_InitializeFileSystem__Fv
80043440   _FMMU_ReadFileSystemMem__FUiPvi
80043490   _FMMU_WriteFileSystemMem__FUiPCvi
800434e0   _FMMU_EraseFileSystemBlock__FUi
80043574   _ControlFLASH__FiT1
800436c8   _FLASH_Init__Fv
80043718   _FLASH_Erase__FUi
800439a0   _FLASH_EraseBlock__Fi
80043d08   _FLASH_Write__FUiPCvi
80043f10   _FLASH_Read__FUiPvi
80043fa8   _FLASH_GetPhysicalAddr__FUi
80043fdc   _FLASH_BeginRead__FUi
80044054   _EnableOutPort__FUi
8004406c   _WriteOutPort__FUi
80044088   _WriteOutPortBit__FiUi
800440a8   _ReadOutPort__FUi
800440c4   _ReadInPort__Fv
800440d0   _ReadInPortBit__Fi
800440ec   _EnableLight__FUi
80044138   _WriteLightValue__FUc
80044168   _ReadLightValue__Fv
80044180   _OnLED__FiUi
8004419c   _ToggleLED__Fi
800444d4   _toAscii__Fc
8004453c   _Conv__FcUc
80044600   _queue_initialize__Fi
80044674   _queue_push__FiUc
8004480c   _queue_pop__FiPUc
8004498c   _queue_datsize__Fi
80044b04   __IsSendingStopped__Fi
80044b6c   __SendQueuePush__FiPcT1
80044d9c   _SERIAL_ReceivedDataCnt__Fv
80044dd0   __puthex__Fc
80044e18   _PutHexa8__FPci
80044ec0   _PutHexa2__Fc
80044f9c   _PutHexa8__Fi
80045048   _SerialChipInit__Fv
8004528c   _SerialISR__Fv
800455e4   _SERIAL_Init__Fv
80045710   _SerialSetCallback__FPFi_v
8004573c   _SERIAL_Enable__FUi
80045808   _SERIAL_SetPort__FiN31
800459c8   _SERIAL_ReadAByte__FPUci
80045b00   _SERIAL_ReadBytes__FPviT2
80045cfc   _SERIAL_WriteAByte__FUc
80045d3c   _SERIAL_WriteBytes__FPCvi
80045db4   _SERIAL_WaitCommand__FUci
80045e3c   _SERIAL_ReadStxEtxString__FPciT2
80045fb0   _SERIAL_GenChecksum__FPvi
8004606c   _SERIAL_TestChecksum__FPviUc
80046160   _SERIAL_ReceiveFile__FP14_SER_FILE_DESCi
800468e0   _SERIAL_ReleaseFileDesc__FP14_SER_FILE_DESC
80046920   _SERIAL_SendFile__FPcPUcUii
80047054   _SERIALEX_Open__Fi
80047098   _SERIALEX_Close__Fi
800470d0   _SERIALEX_SetPort__FiN41
80047374   _SERIALEX_Control__Fi
800473ac   _SERIALEX_ReadBytes__FiPvN21
800475ac   _GetLength__FPc
80047620   _SERIALEX_WriteBytes__FiPCvT1
8004769c   _InitialSystemDataDesc__FP14_SYS_DATA_DESC
800477e0   _FormatSystemData__Fv
80047888   _GetSystemData__Fv
80047978   _WriteSystemData__FPC12_SYSTEM_DATA
80047d70   _DummyIsr__Fv
80047d78   _ExtIsr__Fv
80047e94   _DumXIsr__Fv
80047e9c   _DMA_ISR__Fv
80047ffc   _Delay__Fi
800480e4   _MicroDelay__Fi
800481cc   _SetVect__FiPFv_v
80048288   _SetDMAVect__FiPFv_v
800482e8   _EnableInterrupt__FiT1
800483e0   _WaitDMA__Fi
80048448   _InitJtagPort__Fv
800484cc   _SetJtagTCK__Fi
80048524   _SetJtagTDI__Fi
8004857c   _SetJtagTMS__Fi
800485d4   _ReadJtagTDO__Fv
800485f4   _SetupEmif__FUi
80048714   _SetupL2Cache__Fi
800488b8   _InitPLL__Fv
80048ad8   _SystemInit__Fv
80048c0c   _GIdisable__Fv
80048c20   _GIenable__Fv
80048c34   _InitSystem__FUi
80049094   _TestChkSum__FPUciUc
8004917c   _GenChkSum__FPUci
8004922c   _Beep__Fi
80049244   _Sign__FUi
8004925c   _nop__Fv
8004931c   _USB_ISR__Fv
80049510   _USB_WriteDelay__Fv
800495ac   _USB_WriteCmdRegister__FUcT1
800496f4   _USB_ReadCmdRegister__FUc
800497e4   _USB_Enumeration__Fv
800499f0   _USB_Init__Fv
80049d8c   _USB_InitBL__Fv
80049fe0   _USB_ENUM__Fv
8004a128   _USB_SendSX2Registers__Fv
8004a1ec   _USB_WaitForEP0Ready__Fv
8004a238   _USB_CheckSetupPacket__Fv
8004a500   _USB_IntrPoll__Fv
8004a824   _USB_SendDataBy__FiPvN21
8004afbc   _USB_ReceiveDataBy__FiPvN21
8004b11c   _USB_WriteEP0__FPviT2
8004b1f4   _USB_ReadEP0__FPviT2
8004b2d0   _USB_SetEP0ByteCnt__Fi
8004b338   _USB_EnableInterrupts__FUi
8004b3c4   _USB_EnableBulkTransfer__FUi
8004b450   _InitUsbDispModule__Fv
8004b52c   _SetUsbDispInterval__Fi
8004b55c   _UsbDispCheckSetup__Fv
8004b73c   _RunUsbDispModule__Fv
8004b87c   _IsDispConnect__Fv
8004b894   _GetDisplayFrame__Fv
8004b8a4   _GetDisplayWidth__Fv
8004b8b0   _GetDisplayHeight__Fv
8004bcf8   _Dpr_Int__Fv
8004be64   _NoOperation__Fv
8004bef0   _PTP_Move__Fv
8004c100   _SPL_Line_Move__Fv
8004c108   _SPL_Arc_Move__Fv
8004c110   _SPL_Move__Fv
8004c118   _CP_Line_Move__Fv
8004c33c   __dsp_cp_move__FiT1
8004ce80   _RECT_Move__Fv
8004ce88   _CP_Move__Fv
8004ce90   _PUT_Gain__Fv
8004cfd4   _GET_Gain__Fv
8004d138   _PUT_VGain__Fv
8004d27c   _GET_VGain__Fv
8004d3d8   _GET_Position__Fv
8004d464   _Get_Command__Fv
8004d4f0   _PUT_Curr_Pos__Fv
8004d578   _PUT_Position__Fv
8004d600   _PUT_Error_Pls__Fv
8004d6b0   _GET_In_Position__Fv
8004d758   _PUT_In_Position__Fv
8004d7fc   _GET_Error_Limit__Fv
8004d8c0   _PUT_Error_Limit__Fv
8004d97c   _PUT_Empty_Frame__Fv
8004d9fc   _frames_left__Fi
8004da68   _GET_Boot_Memory__Fv
8004daa0   ___Set_Boot_Para__Fi
8004dab8   _VEL_Move__Fv
8004dc08   _GET_IO_Port__Fv
8004dca4   _SET_IO_Bit__Fv
8004dd08   _RESET_IO_Bit__Fv
8004dd70   _IO_Mode_Set__Fv
8004ddd0   _IO_Mode_Put__Fv
8004de38   _SET_Delay__Fv
8004defc   _PUT_Stepper__Fv
8004df84   _GET_Stepper__Fv
8004e010   _Servo_On__Fv
8004e064   _Servo_Off__Fv
8004e0b8   _Alarm_Reset__Fv
8004e108   _Alarm_Set__Fv
8004e158   _Clear_Status__Fv
8004e1ec   _Get_Stop_Event__Fv
8004e23c   _Get_Stop_Rate__Fv
8004e2c4   _Put_Stop_Rate__Fv
8004e34c   _Get_E_Stop_Event__Fv
8004e39c   _Get_E_Stop_Rate__Fv
8004e424   _Put_E_Stop_Rate__Fv
8004e4ac   _Get_Pos_Sn_Event__Fv
8004e534   _Put_Pos_Sn_Event__Fv
8004e5b8   _Get_Neg_Sn_Event__Fv
8004e63c   _Put_Neg_Sn_Event__Fv
8004e6c0   _Get_Pos_Level__Fv
8004e744   _Put_Pos_Level__Fv
8004e7cc   _Get_Neg_Level__Fv
8004e854   _Put_Neg_Level__Fv
8004e8d8   _Get_Home_Sn_Event__Fv
8004e95c   _Put_Home_Sn_Event__Fv
8004e9e0   _Get_Home_Level__Fv
8004ea64   _Put_Home_Level__Fv
8004eaec   _Get_Index_Req__Fv
8004eb7c   _Put_Index_Req__Fv
8004ec00   _Get_Int_Stop__Fv
8004ece0   _Get_Int_E_Stop__Fv
8004edb0   _Get_Int_PcIRQ__Fv
8004ee70   _Put_Axis_Stat__Fv
8004eef8   _Put_Axis_Source__Fv
8004ef80   _Get_Amp_Fault__Fv
8004f004   _Put_Amp_Fault__Fv
8004f08c   _Get_Amp_Fault_Level__Fv
8004f114   _Put_Amp_Fault_Level__Fv
8004f198   _Get_Amp_Reset_Level__Fv
8004f21c   _Put_Amp_Reset_Level__Fv
8004f2a0   _Get_Dac_Offset__Fv
8004f3b0   _Put_Dac_Offset__Fv
8004f498   _Get_Feedback_Device__Fv
8004f51c   _Put_Feedback_Device__Fv
8004f5a0   _Get_Voltage_Device__Fv
8004f624   _Put_Voltage_Device__Fv
8004f6ac   _Get_Axis_Boot_Memory__Fv
8004f6fc   _Get_Frames_Clear__Fv
8004f778   _Get_Closed_Loop__Fv
8004f7fc   _Put_Closed_Loop__Fv
8004f880   _Get_Amp_On_Level__Fv
8004f904   _Put_Amp_On_Level__Fv
8004f98c   _Get_IO_Int_Enable__Fv
8004fa1c   _Reserved_Function__Fv
8004fa24   _Get_Userio_Int_Edge__Fv
8004fab4   _Put_Userio_Int_Edge__Fv
8004fb00   _Put_Buf_Position__Fv
8004fb8c   _Clear_Stop__Fv
8004fc24   _Main_Delay__Fv
8004fcb4   _Get_IO_Trigger__Fv
8004fd7c   _Get_SW_Upper_Limit__Fv
8004fe40   _Put_SW_Upper_Limit__Fv
8004fefc   _Get_SW_Lower_Limit__Fv
8004ffc0   _Put_SW_Lower_Limit__Fv
8005007c   _Put_IO_Out_Data__Fv
80050110   _Get_Control_Cfg__Fv
80050194   _Put_Control_Cfg__Fv
80050218   _Get_PosImode__Fv
8005029c   _Put_PosImode__Fv
80050320   _Get_VelImode__Fv
800503a4   _Put_VelImode__Fv
8005042c   _Get_GearRatio__Fv
800504d0   _Put_GearRatio__Fv
80050574   _Get_SyncMap__Fv
8005060c   _Get_SyncOn__Fv
80050614   _Get_SyncOff__Fv
8005061c   _Get_SyncGain__Fv
80050698   _Put_SyncGain__Fv
8005071c   _Get_Compensation_Pos__Fv
80050724   _Get_Pulse_Mode__Fv
800507a8   _Put_Pulse_Mode__Fv
8005082c   _Put_Encoder__Fv
800508b4   _Put_SyncEncoder__Fv
8005096c   _Get_Pulse_Ratio__Fv
800509fc   _Put_Pulse_Ratio__Fv
80050a80   _Get_Interpolation__Fv
80050ab0   _Put_Empty_Interpolation__Fv
80050b30   _Get_Abs_Encoder__Fv
80051048   _Exist_Check__Fv
80051050   _Put_ASIC__Fv
800510d0   _Save_Boot_Frame__Fv
80051100   _Start_Capture__Fv
80051220   _Stop_Capture__Fv
80051250   _Put_Captured_Position__Fv
80051400   _Get_Resolution__Fv
800515e4   _Put_Resolution__Fv
800516e8   _IEEE2TMS__Fi
80051714   _TMS2IEEE__Ff
80051740   _Write_Memory__Fv
8005181c   _PUT_Query__Fv
80051a1c   _Read_Memory__Fv
80051aac   _Write_Block__Fv
80051bec   _Copy_Para_2_BootPara__Fv
8005272c   _Copy_BootPara_2_Para__Fv
80053198   _c_int02__Fv
80053404   _InitITPQ__Fi
8005356c   _PutITPQ__FiT1
80053694   _GetITPQ__Fi
800537f4   _GetLeftQ__Fi
80053834   _IsQEmpty__Fi
8005388c   ___GetInt__Fi
80053984   ___GetShort__Fi
80053a0c   ___GetChar__Fi
80053a5c   ___PutInt__FiT1
80053aa0   ___PutShort__Fis
80053aec   ___PutChar__Fic
80053b34   _ReadBootParam__FP10_UBOOTPARA
80053c68   _SaveBootParam__FP10_UBOOTPARA
80053d4c   _InitBootParam__FP10_UBOOTPARA
800546dc   _SaveLongBlockToEeprom__Fv
8005470c   __SaveLongBlockToEeprom__Fv
80054bb8   _LoadLongBlockFromEeprom__FUiPcPUiT3i
80054cc4   _AcceptString__Fv
80055064   _RunConfigUploadToIPC__Fv
800554d4   _RunConfigSaveFromIPC__Fv
800559d0   _UploadParamToIPC__Fv
80055e44   _DnloadParamFromIPC__Fv
80056390   _EnableWatchdog__Fv
800563e0   _GetStatusWatchdog__Fv
8005643c   _SetEncoderDirection__Fv
800564c8   _GetEncoderDirection__Fv
80056554   _SetSwPause__Fv
800565e4   _GetSwPauseEvent__Fv
8005666c   _SetSwPauseCheckBit__Fv
80056734   _GetSwPauseCheckBit__Fv
800567ec   _GetMovexCmd__Fv
80056b0c   __dsp_clear_amc_error__Fv
80056b28   __dsp_get_error_status__Fv
80056dd0   _InitBdParameter__Fv
800576cc   _NdokMain__Fv
800578f8   _CommandQueueParsing__Fi
80058128   _InitPara__Fv
80058d2c   ___PtpReMove__FiN41fT1
80059174   _PTPMove__FiT1
80059320   _Interpolation__Fv
80059a84   _PlanTrapezoidal__FiN21fT1
80059adc   _PlanAsymTrapezoidal__FiN31fT1
80059b3c   _Generation_Profile__FiN31f
8005a710   _PlanTrapezoidal_old__FiN21fT1
8005b314   _PlanAsymTrapezoidal_old__FiN31fT1
8005c250   _GetDS__Fi
8005c70c   _SetVelocityRate__Fv
8005cb54   _NdokOnSerialEvent__FPCUci
8005cb70   _NdokOnIdleEvent__Fv
8005cb78   _NdokOnLowIdleEvent__Fv
8005cb80   _DSPLibTesting__Fv
8005ce70   _SerialTesting__Fv
8005ce78   _EncoderOffsetTesting__Fv
8005d040   _AMPResetLevelTesting__Fv
8005d234   _GetOutIOTest__Fv
8005d2c8   _FrameBufferTest__Fv
8005d3c8   _Vel_Monitoring__Fv
8005d458   _Position_Command_Setting__Fv
8005d74c   _PositionSetting__Fv
8005d8d4   _StopRateTesting__Fv
8005db34   _LimitSwitchTesting__Fv
8005dd24   _MotorTypeSetting__Fv
8005de28   _Vel_TorqSetting__Fv
8005df34   _ControlLoopSetting__Fv
8005e040   _FeedbackSetting__Fv
8005e150   _DACPolSetting__Fv
8005e25c   _PulseRatioSetting__Fv
8005e3f8   _GainSetting__Fv
8005e790   _SoftwareLimitSetting__Fv
8005e93c   _VelLimitSetting__Fv
8005eab0   _INPositionSetTesting__Fv
8005ec38   _LimitEventTesting__Fv
8005ee5c   _HomeSensorTesting__Fv
8005f0f8   _AMPFaultTesting__Fv
8005f250   _AMPEnableTesting__Fv
8005f5b8   _DACOffsetTesting__Fv
8005f6d8   _LimitTesting__Fv
8005f7b4   _GuideTesting__Fv
8005f808   _InTesting__Fv
8005f888   _OutTesting__Fv
8005fab4   _ICon_OutTesting__Fv
8005fba0   _ICon_IOTesting__Fv
8005fefc   _Eeprom_Test__Fv
800605e0   ___clear_cmd_queue__Fi
80060730   ___Q_Adj_LoadingPos__Fi
800607c0   __Q_vmove_pos__FifN22T1P17STRUCT_MOVEDS_CMD
800609ec   __adv_v_move_pos__FifN22T1
80060eac   _VMove__Fi
80060fd8   _VMovePos__Fi
800611e0   ___move_v_adv__FiT1fT3
80061610   ___move_vpos_adv__FiT1fT3T1P17STRUCT_MOVEDS_CMD
8006177c   __dsp_move_pt__FidT2
800617d4   __dsp_move_nt__FidT2
8006182c   __dsp_move_st__Fid
80061878   __dsp_move_dst__FidN22T1
800618ec   __dsp_move_p__FidT2
80061978   __dsp_move_n__FidT2
80061a04   __dsp_move_s__Fid
80061a80   __dsp_move_ds__FidN22T1
80061b6c   ___dsp_move_p__FiT1dT3
80061e78   ___dsp_move_n__FiT1dT3
8006219c   ___dsp_move_s__FiT1d
8006240c   ___dsp_move_ds__FiT1dN23T1
80064cf4   ___SetClosedLoop__FiT1
80064d34   __dsp_param_flush__Fv
80064da4   __dsp_set_encoder_offset__FiT1
80064e00   __dsp_fset_encoder_offset__FiT1
80064e40   __dsp_get_encoder_offset__Fi
80064e78   ___RsvrOnOff__FiT1
80064f30   ___PtpMove__FiN41f
8006511c   ___PutGain__FiUiN42
80065250   ___GetGain__FiPUiN42
80065388   ___GetVGain__FiPUiN42
800654c8   ___SetVGain__FiUiN42
800655fc   ___SetPosition__FiT1
80065b48   ___GetSyncEncoder__FPiT1
80065bdc   ___GetCurPos__Fi
80065c10   ___GetPos__Fi
80065c6c   ___GetErrorPls__Fi
80065ca8   ___SetInPosition__Fif
80065cec   ___GetInPosition__Fi
80065d28   ___SetErrorLimit__FiT1c
80065d98   ___GetErrorLimit__FiPiPc
80065e18   ___VelMove__FifT1
80066730   ___SetDelay__FiN21
8006693c   ___GetMotorType__Fi
800669f0   ___SetMotorType__FiT1
80066ac4   ___ServoOn__Fi
80066d24   ___ServoOff__Fi
80066f6c   ___ResetAlarm__Fi
8006709c   ___SetAlarm__Fi
80067198   ___ClearStatus__Fi
80067268   ___SetStopEvent__Fi
80067300   ___SetEStopEvent__Fi
800673a0   ___SetIndexReq__FiT1
800674e4   ___IsPauseOn__Fi
80067520   ___IsPauseCondition__Fi
80067564   ___SetIntStop__FiN21
800676fc   ___SetIntEStop__FiN21
80067890   ___GetDacOffset__Fi
800678c8   ___SetFramesClear__Fi
80067a04   ___PutDacOffset__FiT1
80067a44   ___SetIoIntEnable__FiT1
80067ad0   ___GetBufPosition__Fi
80067bbc   ___ClearStop__Fi
80067e48   ___PutIoTrigger__FiT1c
800680b0   ___SetSWUpperLimit__FiT1c
80068120   ___GetSWUpperLimit__FiPiPc
800681a4   ___PutSWLowerLimit__FiT1c
80068214   ___GetIoOutData__FPiT1
80068278   ___GetIoInData__FPiT1
80068364   ___PutSyncMap__FiT1
800683b8   ___GetSWLowerLimit__FiPiPc
80068438   ___PutPulseRatio__FiT1
800684c4   ___SetInterpolation__Fv
8006876c   ___PutCommand__FiT1
80068a98   ___SetIntPcIRQ__FiN21
80068be4   ___SetEncoderOffset__FiT1
80068c90   ___GetEncoderOffset__Fi
80068cc8   _SetEncoderOffset__Fv
80068ddc   _GetEncoderOffset__Fv
80068e64   __dsp_set_home_sn_event__FiT1
80068ea8   __dsp_get_home_sn_event__FiPi
80068f14   _AMC_Int5ms__Fv
80069070   _CheckAndClear_PauseRst__FP10CONTROLBUFi
800690b8   _AMC_Int1ms__Fv
8006a340   _RestartFromPause__Fi
8006a5c8   _VelocityMove_1msec__FP10CONTROLBUFi
8006b028   _ClearSWPauseFlag__Fi
8006b1c8   _ClearPauseFlag__Fi
8006b380   _CheckInPos__Fv
8006b59c   _CheckPause__Fi
8006b90c   _SetAbortEvent__Fi
8006bc58   _SetStopEStopEvent__Fi
8006c620   _Interpolation_10msec__FP10CONTROLBUFi
8006cdc8   _dummy_axisint_c__Fv
8006cdd0   ___InitGuideBuffer__Fi
8006ce78   _InitGuideSensorPort__Fi
8006cf28   _CheckGuideSensor__Fv
8006d160   _Control_Int200us__Fv
8006d590   _GetValueWithLimit__FfT1
8006d614   _ControlVelocity__FP10CONTROLBUFi
8006da6c   _CheckSWLimit__FP10CONTROLBUFi
8006db9c   _CheckSWPauseCondition__FP10CONTROLBUFi
8006dc00   _PowerOffState__FP10CONTROLBUF
8006de74   _GetGoalDist__FP10CONTROLBUF
8006df58   _ControlPosition__FP10CONTROLBUFi
8006e4ac   _LinearInterpolation__FP10CONTROLBUFi
8006e8c4   _CheckEnvelope__FP10CONTROLBUF
8006e970   _CheckServo__FP10CONTROLBUFi
8006eb24   _AmpFaultReset__FP10CONTROLBUF
8006eb6c   _AmpFaultSet__FP10CONTROLBUF
8006ebe8   _CheckSensor__FP10CONTROLBUFi
8006ed38   _ChkPosLimit__FP10CONTROLBUFi
8006ee0c   _ChkPosReset__FP10CONTROLBUF
8006ee58   _ChkPosSet__FP10CONTROLBUF
8006eedc   _ChkNegLimit__FP10CONTROLBUFi
8006efb0   _ChkNegReset__FP10CONTROLBUF
8006eff8   _ChkNegSet__FP10CONTROLBUF
8006f074   _ChkHomeLimit__FP10CONTROLBUFi
8006f148   _ChkHomeReset__FP10CONTROLBUF
8006f194   _ChkHomeSet__FP10CONTROLBUF
8006f218   _ReadCurPos__FP10CONTROLBUFi
8006f3fc   _ControlServo__FP10CONTROLBUF
8006fd10   _ControlStepper__FP10CONTROLBUF
8006ffa8   _GenerateOutput__FP10CONTROLBUFi
80070398   _CheckSWInPos__FP10CONTROLBUFi
80070524   _CheckInPosSignal__FP10CONTROLBUFi
800705bc   _ConvertTorque__FP10CONTROLBUF
80070634   _CheckUserIOInt__Fi
80070e18   __dsp_Find_Bd_Jnt__FiPiT2
80070eb4   __dsp_set_positive_sw_limit__FidT1
80070fd4   __dsp_fset_positive_sw_limit__FidT1
8007113c   __dsp_get_positive_sw_limit__FiPdPi
80071208   __dsp_fget_positive_sw_limit__FiPdPi
80071254   __dsp_set_negative_sw_limit__FidT1
80071380   __dsp_fset_negative_sw_limit__FidT1
800714e8   __dsp_get_negative_sw_limit__FiPdPi
800715a4   __dsp_fget_negative_sw_limit__FiPdPi
800715ec   __dsp_get_accel_limit__FiPi
8007168c   __dsp_set_accel_limit__FiT1
800717e0   __dsp_get_vel_limit__FiPd
800718bc   __dsp_set_vel_limit__Fid
80071abc   __dsp_set_positive_limit__FiT1
80071b5c   __dsp_fset_positive_limit__FiT1
80071be8   __dsp_get_positive_limit__FiPi
80071c90   __dsp_fget_positive_limit__FiPi
80071ce8   __dsp_set_negative_limit__FiT1
80071d84   __dsp_fset_negative_limit__FiT1
80071e10   __dsp_get_negative_limit__FiPi
80071eac   __dsp_fget_negative_limit__FiPi
80071eec   __dsp_set_in_position__Fid
80071f9c   __dsp_fset_in_position__Fid
8007202c   __dsp_get_in_position__FiPd
800720a4   __dsp_fget_in_position__FiPd
800720e4   __dsp_set_error_limit__FidT1
800721e8   __dsp_fset_error_limit__FidT1
80072330   __dsp_get_error_limit__FiPdPi
80072440   __dsp_fget_error_limit__FiPdPi
80072488   __dsp_set_positive_level__FiT1
80072584   __dsp_fset_positive_level__FiT1
800725c4   __dsp_get_positive_level__FiPi
80072660   __dsp_set_negative_level__FiT1
8007275c   __dsp_fset_negative_level__FiT1
8007279c   __dsp_get_negative_level__FiPi
80072838   __dsp_set_home_level__FiT1
80072934   __dsp_fset_home_level__FiT1
80072974   __dsp_get_home_level__FiPi
80072a10   __dsp_set_home__FiT1
80072a74   __dsp_fset_home__FiT1
80072af4   __dsp_get_home__FiPi
80072b9c   __dsp_set_index_required__FiT1
80072c04   __dsp_fset_index_required__FiT1
80072c44   __dsp_get_index_required__FiPi
80072c94   __dsp_fget_index_required__FiPi
80072cd4   __dsp_fset_amp_fault__FiT1
80072d3c   __dsp_set_amp_fault__FiT1
80072da0   __dsp_get_amp_fault__FiPi
80072e48   __dsp_set_amp_fault_level__FiT1
80072ec8   __dsp_fset_amp_fault_level__FiT1
80072f30   __dsp_get_amp_fault_level__FiPi
80072fdc   __dsp_fset_filter__FiPUi
800730f0   __dsp_set_filter__FiPUi
800731c0   __dsp_get_filter__FiPUi
80073270   __dsp_fset_v_filter__FiPUi
80073388   __dsp_set_v_filter__FiPUi
80073450   __dsp_get_v_filter__FiPUi
800734fc   __dsp_set_unipolar__FiT1
8007359c   __dsp_fset_unipolar__FiT1
80073660   __dsp_get_unipolar__FiPi
80073708   __dsp_fget_unipolar__FiPi
80073748   __dsp_set_feedback__FiT1
800737e4   __dsp_get_feedback__FiPi
8007388c   __dsp_fget_feedback__FiPi
800738cc   __dsp_fset_feedback__FiT1
80073990   __dsp_set_closed_loop__FiT1
80073a2c   __dsp_fset_closed_loop__FiT1
80073af0   __dsp_get_closed_loop__FiPi
80073b9c   __dsp_fget_closed_loop__FiPi
80073bdc   __dsp_get_servo__Fi
80073c14   __dsp_set_motor_type__FiT1
80073c54   __dsp_set_servo__Fi
80073ce8   __dsp_fset_servo__Fi
80073da0   __dsp_get_stepper__Fi
80073dd8   __dsp_get_out64__FPi
80073e28   __dsp_set_amp_reset_level__FiT1
80073ea8   __dsp_fset_amp_reset_level__FiT1
80073ee8   __dsp_get_amp_reset_level__FiPi
80073f60   __printfi
80076960   _InitHardware__Fv
80076bb8   _SHORT2INT__Fs
80076bdc   ___ReadEncoder__Fi
80076c34   _ReadInnerCounter__Fi
80076c50   _InitMotorParameters__Fv
80076cb4   _ResetEncCounter__Fv
80076d58   _ControlIdle__Fv
80076de4   _ClearDPRInt__Fv
80076e14   _ResetPulseOut__Fv
80076e74   _InitPIDGain__Fv
80076fa0   _InitDA__Fv
80077008   _InitPosition__Fv
80077248   _SetTimer__Fv
80077470   _RearmZInt__Fv
80077478   _SelectFlashROM__Fv
8007751c   _ServoOn__Fi
80077618   _ServoOff__Fi
80077714   _ReadCommand__Fv
8007776c   _ReadCommandAxis__Fv
80077790   _EchoCommand__Fi
800777d8   _SetEncoderHwDirection__FiT1
800778b8   __dsp_set_encoder_direction__FiT1
8007792c   __dsp_get_encoder_direction__Fi
80077970   _ReadUserIn__Fv
800779cc   __dsp_get_io64__FPi
80077a04   ___SetIOMode__Fi
80077a70   ___GetIOMode__Fv
80077ac4   _WriteInnerCounter__FiT1
80077b00   _WriteEncoder__FiT1
80077b58   _WriteFlashMemory__FPcc
80077d50   _ReadZValue__Fv
80077d70   _WriteZEnable__Fi
80077d88   _ReadServoAlarm__Fi
80077de4   _ReadSensor__Fi
80077e80   _WriteDAPort__FiT1
80077fac   _WritePulseCommand__FiT1UiN31
80078010   _ReadInPos__Fi
80078068   _ReadChannel1__FPci
800780b4   _ReadChannel2__FPci
80078184   _ReadChannel__FPci
80078244   _WriteChannel1__FPcic
8007827c   _WriteChannel2__FPcis
800782fc   _WriteChannel__FPciT2
8007837c   _ReadMem1__FPci
800783bc   _ReadMem2__FPci
80078494   _ReadMem__FPci
8007856c   _WriteMem1__FPVciT2
800785a4   _WriteMem2__FPVciT2
80078624   _WriteMem__FPVciT2
800786a4   ___SetIoOutData__FiT1
8007876c   __dsp_set_io64__FiPi
80078828   ___SetIoBit__Fi
80078930   ___ResetIoBit__Fi
80078a40   _ResetEncoderTiming__Fi
80079128   __dsp_start_move__FidT2T1
8007926c   __dsp_move__FidT2T1
80079314   __dsp_start_r_move__FidT2T1
80079454   __dsp_r_move__FidT2T1
800794f4   __dsp_start_s_move__FidT2T1
80079634   __dsp_s_move__FidT2T1
800796d4   __dsp_start_rs_move__FidT2T1
80079814   __dsp_rs_move__FidT2T1
800798b4   __dsp_start_p_move__FidT2T1
800799f4   __dsp_p_move__FidT2T1
80079a94   __dsp_start_t_move__FidT2N21
80079bdc   __dsp_t_move__FidT2N21
80079c80   __dsp_start_ts_move__FidT2N21
80079dcc   __dsp_ts_move__FidT2N21
80079e70   __dsp_start_tr_move__FidT2N21
80079fbc   __dsp_tr_move__FidT2N21
8007a060   __dsp_start_trs_move__FidT2N21
8007a1ac   __dsp_trs_move__FidT2N21
8007a250   __dsp_start_move_all__FiPiPdT3T2
8007a4b8   __dsp_move_all__FiPiPdT3T2
8007a558   __dsp_start_s_move_all__FiPiPdT3T2
8007a7a0   __dsp_s_move_all__FiPiPdT3T2
8007a848   __dsp_start_t_move_all__FiPiPdT3N22
8007aa8c   __dsp_t_move_all__FiPiPdT3N22
8007ab40   __dsp_start_ts_move_all__FiPiPdT3N22
8007ad8c   __dsp_ts_move_all__FiPiPdT3N22
8007ae40   __dsp_wait_for_done__Fi
8007aed4   __dsp_wait_for_all__FiPi
8007afe8   __dsp_v_move__FidT1
8007b124   __dsp_PTP_Move__FidT2N31
8007b580   __scanfi
8007d308   _PushAck__FP11FILECMD_ACK
8007d418   _FlashWriteEnable__Fi
8007d4ac   _ChangeBootFile__FPc
8007d548   _WriteBootLoader__FP9FILE_DESC
8007d694   _WriteFile__FP9FILE_DESC
8007d764   _DeleteFile__FPc
8007d7d0   _InitializeFileSystemFunction__Fv
8007d828   __FormatFileSystem__Fv
8007d878   _FSExchange__Fv
8007e8a0   _COM_SelectAxis__Fc
8007e964   _COM_ReturnDataStatus__Fv
8007e97c   _COM_OpenPort__Fv
8007ea20   _COM_InitPort__FPiiN32
8007eae4   _COM_SetBaudRate__FPii
8007eb64   _COM_Init__Fv
8007ec68   _COM_DisableRecieve__Fv
8007ec70   _COM_EnableRecieve__Fv
8007ed8c   _COM_ClosePort__Fv
8007edc8   _COM_IncreaseTime__Fv
8007ee08   _c_int03__Fv
8007efd0   _COM_AllocQ__Fi
8007f090   _COM_PutQ__FP5QUEUEc
8007f180   _COM_GetQ__FP5QUEUE
8007f260   _COM_InitQ__FP5QUEUE
8007f2b0   _COM_GetAbsPos__FPi
8007f324   _COM_MakeASCII__Fc
8007f39c   _COM_DoOverAgain__Fv
8007f44c   _COM_Disable_State__Fv
8007f4bc   _COM_Error__Fv
8007f538   _COM_WaitSTX_State__Fv
8007f634   _COM_WaitETX_State__Fv
8007f8e4   _COM_AnalysePacket__Fv
8007fc40   _Appl_Int10__Fv
8007fc48   ___App_First__Fv
8007fcd8   _PutPrompt__Fv
8007fd30   _Appl_Prev_Main__Fv
8007fd60   _Appl_Body_Main__Fv
800800a8   _RemoveChar__FPvUc
800801b8   _PutHelp__FPc
80080230   _Do_help__Fv
800802e8   _DoCmd__FPci
8008056c   _Do_boot__FPc
800806e8   _Do_mk__FPc
80080804   _Do_cpu__Fv
8008089c   _Do_ls__Fv
80080bc8   _Do_rm__FPc
8008103c   __dsp_set_amp_enable_level__FiT1
800810a4   __dsp_fset_amp_enable_level__FiT1
80081110   __dsp_get_amp_enable_level__FiPi
80081160   __dsp_set_amp_enable__FiT1
800811d0   __dsp_get_amp_enable__FiPi
80081260   __dsp_amp_fault_reset__Fi
8008129c   __dsp_amp_fault_set__Fi
800812d8   __dsp_set_pulse_ratio__FiT1
80081358   __dsp_fset_pulse_ratio__FiT1
800813d8   __dsp_get_pulse_ratio__FiPi
80081438   __dsp_get_control__FiPi
80081498   __dsp_set_control__FiT1
80081500   __dsp_fget_control__FiPi
80081540   __dsp_fset_control__FiT1
800815c4   __dsp_set_electric_gear__Fid
8008166c   __dsp_fset_electric_gear__Fid
80081710   __dsp_get_electric_gear__FiPd
80081784   __dsp_set_step_mode__FiT1
800817e4   __dsp_fset_step_mode__FiT1
80081864   __dsp_get_step_mode__FiPi
800818b4   __dsp_fget_step_mode__FiPi
800818f4   __dsp_set_sync_map_axes__FiT1
80081ab0   __dsp_set_sync_control__Fi
80081af4   __dsp_get_sync_control__FPi
80081b40   __dsp_fget_sync_control__FPi
80081b78   __dsp_set_sync_gain__Fi
80081bc4   __dsp_get_sync_gain__FPi
80081c10   __dsp_compensation_pos__FiPiPdT2
80081c38   __dsp_version_chk__FiPi
80081cac   _get_axis_var__FiPiPA4_iPA4_f
80081cd4   __dsp_get_tracking_factor__FiPd
80081d30   __dsp_fget_tracking_factor__FiPd
80081d74   __dsp_set_tracking_factor__Fid
80081dc4   __dsp_fset_tracking_factor__Fid
80082054   _minit
800820bc   _malloc
800822c4   _calloc
80082380   _realloc
80082710   _free
80082ac8   _memalign
80083180   _add_device
80083418   _remove_device
800834e0   _open
80083714   _read
80083850   _write
80083990   _lseek
80083ad0   _close
80083be0   _unlink
80083c80   _rename
80083da0   _HOSTopen
80083f40   _HOSTclose
80084034   _HOSTread
80084184   _HOSTwrite
800842c4   _HOSTlseek
80084428   _HOSTunlink
80084578   _HOSTrename
8008480c   _getenv
800849ac   _HOSTtime
80084a94   _HOSTclock
80084b80   ___GetAck_eeprom__Fv
80084d28   ___Writeeeprom__Fc
80084ee4   ___Stop_eeprom__Fv
80084f84   ___Start_eeprom__Fv
8008502c   ___Readeeprom__Fi
80085230   _EepromReady__FUi
800852a4   _WaitEepromReady__FUi
80085340   _WriteEepromString__FUiPci
80085480   _WriteEepromShort__FUiUs
800854ac   _WriteEepromInt__FUiT1
800854d8   _WriteEepromChar__FUiUc
80085504   _ReadEepromString__FUiPci
800856b8   _ReadEepromShort__FUi
800856e4   _ReadEepromInt__FUi
80085710   _ReadEepromChar__FUi
8008573c   _Init_eeprom__Fv
80085894   __dsp_fset_p_integration__FiT1
80085948   __dsp_set_p_integration__FiT1
800859d8   __dsp_get_p_integration__FiPi
80085a74   __dsp_set_v_integration__FiT1
80085b4c   __dsp_fset_v_integration__FiT1
80085c48   __dsp_get_v_integration__FiPi
80085ce4   _Gain_RW
80086360   _CAP_Init__Fv
800864d4   _CAP_SetBitNo__Fi
80086500   _CAP_SetFlag__Fi
8008652c   _CAP_GetBitNo__Fv
80086544   _CAP_SetAx__Fi
80086570   _CAP_GetAx__Fv
80086588   _CAP_PutPt__Fic
80086658   _CAP_GetPt__FPiPc
80086778   _CAP_GetFilledQ__Fv
80086790   _CAP_GetLeftQ__Fv
800867c4   _CAP_IsFull__Fv
800867fc   _CAP_IsEmpty__Fv
8008684c   _CAP_ClearPtBuf__Fv
8008690c   _CAP_Enable__Fv
80086928   _CAP_Disable__Fv
80086944   _CAP_ReadIO__Fv
80086a00   _CAP_GetFilteredSig__Fc
80086a8c   _CAP_DoCapture__Fv
80086d80   _ProcessBootPara__FiN21
80087240   __dsp_io_interrupt_enable__FiT1
80087304   __dsp_fio_interrupt_enable__FiT1
80087380   __dsp_io_interrupt_on_stop__FiT1
80087410   __dsp_fio_interrupt_on_stop__FiT1
8008748c   __dsp_io_interrupt_on_e_stop__FiT1
8008751c   __dsp_fio_interrupt_on_e_stop__FiT1
80087598   __dsp_io_interrupt_pcirq__FiT1
80087634   __dsp_fio_interrupt_pcirq__FiT1
800876b0   __dsp_io_interrupt_pcirq_eoi__Fi
800877cc   __dsp_set_stop__Fi
80087808   __dsp_set_stop_rate__FiT1
800878fc   __dsp_fset_stop_rate__FiT1
800879a0   __dsp_get_stop_rate__FiPi
80087a00   __dsp_fget_stop_rate__FiPi
80087a40   __dsp_set_sw_pause_event_st__FiT1
80087b24   __dsp_set_sw_pause_checkbit__FiN21
80087be8   __dsp_set_sw_pause__FiT1
80087c48   __dsp_fset_sw_pause_checkbit__FiN21
80087c90   __dsp_fset_sw_pause__FiT1
80087cd0   __dsp_get_sw_pause_event_st__FiPi
80087d1c   __dsp_get_sw_pause_checkbit__FiPiT2
80087d84   __dsp_get_sw_pause__FiPi
80087dc0   __dsp_set_e_stop__Fi
80087e0c   __dsp_set_e_stop_rate__FiT1
80087ebc   __dsp_fset_e_stop_rate__FiT1
80087f60   __dsp_get_e_stop_rate__FiPi
80087fc0   __dsp_fget_e_stop_rate__FiPi
80088000   __dsp_amc_init__Fv
800880e0   __dsp_set_position__Fid
80088168   __dsp_get_counter__FiPd
800881fc   __dsp_get_sync_position__FPdT1
80088328   __dsp_get_position__FiPd
800883cc   __dsp_set_command__Fid
80088454   __dsp_get_command__FiPd
80088518   __dsp_get_error__FiPd
80088580   __dsp_get_com_velocity__Fi
800885ec   __dsp_get_act_velocity__Fi
8008865c   __dsp_get_com_velocity_rpm__Fi
800886fc   __dsp_get_act_velocity_rpm__Fi
800887a0   _strtod
80088ec0   _strtold
800895e0   _I2C_Triggering1__Fv
800896d8   _I2C_Triggering0__Fv
800897d8   _I2C_IsrSendBytes1__Fv
80089910   _I2C_IsrSendBytes0__Fv
80089a44   _I2C_Init1__Fv
80089b64   _I2C_Init0__Fv
80089ca0   __dsp_home_switch__Fi
80089d14   __dsp_pos_switch__Fi
80089d80   __dsp_neg_switch__Fi
80089df4   __dsp_amp_fault_switch__Fi
80089e60   __dsp_set_io_mode__FiT1
80089f18   __dsp_get_io_mode__FiPi
80089fdc   __dsp_set_io__Fi
8008a028   __dsp_set_io2__FiT1
8008a06c   __dsp_get_io__FPi
8008a0c4   __dsp_get_io2__FPiT1
8008a108   __dsp_set_bit__Fi
8008a144   __dsp_reset_bit__Fi
8008a180   __dsp_SetReset_Bit_IO__FiT1
8008a248   __dsp_Find_IO_Bit__Fi
8008a2b8   __dsp_Find_IO_Port__Fi
8008a350   __dsp_in_sequence__Fi
8008a3b0   __dsp_in_motion__Fi
8008a410   __dsp_in_position__Fi
8008a470   __dsp_motion_done__Fi
8008a4e8   __dsp_axis_done__Fi
8008a588   __dsp_axis_state__Fi
8008a5c8   __dsp_axis_source__Fi
8008a61c   __dsp_clear_status__Fi
8008a6a8   __dsp_clear_stop__Fi
8008a764   __dsp_frames_clear__Fi
8008a800   __remul
8008a8c0   __divul
8008ab04   __remli
8008abc0   __divli
8008acc0   _fopen
8008ad28   _freopen
8008b09c   __cleanup
8008b180   _strtol
8008b640   _strtoul
8008bae0   _puts
8008bb54   _fputs
8008bf60   _fcvt
8008c3e0   _ecvt
8008c860   _sin
8008cc20   _mmc_axes__FiPi
8008cc40   _mmc_all_axes__Fv
8008cc58   __dsp_set_stepper__Fi
8008cc98   __dsp_fset_stepper__Fi
8008ccf8   __dsp_get_micro_stepper__Fi
8008cd38   __dsp_set_micro_stepper__Fi
8008cd78   __dsp_fset_micro_stepper__Fi
8008cdd8   _Stepper
8008d218   ___sti__AxisGlb_c_BootPara
8008d260   __frcdivd
8008d560   _atan
8008d820   __crc32_gen_table__Fv
8008da18   __crc32_get_crc__FPci
8008dae0   __dsp_get_analog__FiPi
8008dbbc   __dsp_get_dac_output__FiPi
8008dc08   __dsp_set_dac_output__FiT1
8008dca0   __dsp_set_analog_offset__FiT1
8008dd00   __dsp_get_analog_offset__FiPi
8008dd4c   __dsp_Find_Analog_Channel__Fi
8008dd80   _sqrt
8008e020   _sscanf
8008e280   __divd
8008e4c0   _memcpy
8008e700   ___dsplib_callback_init__Fv
8008e768   ___dsplib_set_callback__FiPFv_v
8008e7e0   ___dsplib_set_callback_param4__FiPFPviT1Pi_v
8008e830   ___dsplib_call_callback__Fi
8008e8a4   ___dsplib_call_callback_param4__FiPvT1T2Pi
8008e940   _exit
8008ea78   _atexit
8008eb54   _abort
8008eb54   C$$EXIT
8008eb60   __round
8008ed40   _fflush
8008ee3c   __doflush
8008ef20   __rd_ok
8008efe0   __wrt_ok
8008f0e0   _setvbuf
8008f2a0   _sqrtf
8008f460   _atan2
8008f600   __divf
8008f780   _ldexp
8008f900   _putc
8008f910   _putchar
8008f92c   _fputc
8008fa80   _getc
8008fa90   _getchar
8008faa8   _fgetc
8008fc00   _atoi
8008fd80   _writemsg
8008fe20   C$$IO$$
8008fe2c   _readmsg
8008fee0   _sprintf
80090040   __buff_read
800901a0   _rand
80090264   _srand
800902e0   _ltoa
80090420   _frexp
80090560   _fclose
800906a0   _ldexpf
800907e0   _memset
80090900   __divi
80090a20   __remi
80090b20   _frexpf
80090c20   _fseek
80090d20   _strncpy
80090e20   ___GetWatchdogStatus__Fv
80090e68   ___EnableWatchdog__Fi
80090e8c   ___ClrWatchdog__Fi
80090f20   __frcdivf
80091020   __dsp_dwell__FiT1
80091068   __dsp_io_trigger__FiN21
800910b4   _mmcDelay__Fi
80091120   __auto_init
80091220   __strasg
80091300   _modf
800913e0   ___nw__FUi
800914a0   _printf
80091560   __divu
80091620   __fixdli
800916e0   __fixdu
800917a0   __remu
80091840   _memccpy
800918e0   _strcpy
80091960   _strcmp
800919e0   __fltlif
80091a60   _c_int00
80091ae0   _strncmp
80091b40   _ceil
80091ba0   _strlen
80091c00   _set_new_handler__3stdFPFv_v
80091c14   _default_new_handler__3stdFv
80091c40   __trunc
80091c80   _strchr
80091cc0   __nop
80091cc8   __register_lock
80091cdc   __register_unlock
80091d00   _remove
80091d20   _fabsf
80091d40   etext
80091d40   ___etext__
80091d40   __CIOBUF_
80091e60   _BootPara
800920c4   _G_fSampling_Time
800920c8   _GBuf
80092100   _CBuf
80092a20   _pGBuf
80092a24   _pCBuf
80092a34   _JpcMovSt
80092a9c   _axis_mov
80092b20   _Pause
80092b70   _Q_Buf
80097fd0   _Traj
80098070   _PauseRstrt
80098110   _Last_Pos
80098120   _delt_s_psh
80098130   _delt_s_b
80098140   _delt_s_count
80098150   _delt_s_addr
80098160   _delt_g_addr
80098170   _jnt_run
80098180   _delt_s_buff
800981d0   _M_J_Command
800981e0   _virtual_pos
80098200   _acc_traj
80098210   _dcc_traj
80098220   _f_dest_pls
80098230   _f_cur_pls
80098240   _f_cur_pls_b
80098250   _f_delt_s
80098260   _vm_cur_pls
80098270   _vm_cur_pls_b
80098280   _acc_time
80098290   _dcc_time
800982a0   _delt_s
800982b0   _p_offs
8046aaf4   _Q_out_num
8046ab04   _Q_in_num
8046ab14   _Interpolation_Flag
8046ab24   _Dwell_Flag
8046ab34   _Dwell_Value
8046ab48   _inter_k
8046ab50   _inter_k2
8046ab58   _Max_Smpcnt
8046ab5c   _Pid_Dividend
8046ab60   _Pos_Limit
8046ab64   _Pos_Stepper_Limit
8046ab68   _lITPCmd
8046ab78   _lITPSt
8046ab98   _nITPMode
8046aba8   _g_i
8046abac   _g_ii
8046abb0   _g_iii
8046abb4   _g_f
8046abb8   _g_ff
8046abbc   _g_fff
8046abc0   _userio_mode_select
8046abc4   _userio_int_enable
8046abc8   _userio_int_data
8046abcc   _userio_int_data_b
8046abd0   _userio_int_flag
8046abd4   _userio_int_edge
8046abd8   _userio_axis_int
8046abdc   _userio_global_int_enable
8046abe0   _userio_axis_enable
8046abe4   _userio_ax
8046ace4   _Boot_Checksum_Flag
8046ace8   _g_sNDOKSerialStxEtxString
8046b6e8   _g_nNDOKSerialStxEtxStrIndex
8046b6ec   _g_nNDOKSerialMode
8046b6f0   _g_nDisplayMode
8046b6f4   _FormatCallBack
8046b6f8   _g_FS_ShadowFileTable
8046b6fc   _g_FS_ShadowClusterTable
8046b700   _g_FS_TotalNumOfBlocks
8046b704   _g_FS_TotalNumOfCluster
8046b708   _g_FS_FileHandle
8046b730   _g_FS_FileSystemReady
8046b734   _g_FS_ClusterBase
8046b738   _g_nSerBaudrate
8046b73c   _g_nSerDataBit
8046b740   _g_nSerParity
8046b744   _g_nSerStopBit
8046b748   _g_stQueue
8046c3a8   _SendQ
8046d068   ___sz
8046d074   _g_SerHookFunc
8046d078   _g_pSerParam
8046d07c   _SerialCallback
8046d080   _DMA_STATUS_REG
8046d084   _IsrTable
8046d0c4   _XIsrTable
8046d104   _DMAIsrTable
8046d144   _g_bENUMOK
8046d148   _g_bGotSetup
8046d14c   _g_bReadIntr
8046d150   _g_bEP0BUFReady
8046d154   _g_bBusActivity
8046d158   _g_bReady
8046d15c   _g_bFlags
8046d160   _g_bWaste
8046d164   _g_bIsIntr
8046d168   _g_bEnableTransferFlag
8046d16c   _g_bUSBOpened
8046d170   _USB_SETUP_PACKET
8046d178   _UDM_bInit
8046d17c   _UDM_Frame
8049d17c   _UDM_StartClk
8049d180   _UDM_StartDisp
8049d184   _UDM_nDispInterval
8049d188   _plsCmd
8049d200   _dbuf
804a4f00   _dbuf_cnt
804a4f08   _sum_rec
804b8788   _recording_cnt
804b878c   _delt_s_intaddr
804b879c   _delt_g_intaddr
804b87ac   _delt_s_intcount
804b87bc   _delt_s_interruptcount
804b87cc   _delt_s_intbuff
804b890c   _ABS_command
804b8914   _Service
804b8bc8   _mmHdr
804b8bd4   _uiEepromSaveAddr
804b8bd8   _eDumpHdr
804b8be8   _peDumpBody
804b8bf0   __ftable
804b8e20   __tmpnams
804b8f60   __ft_end
804b8f64   _CAP_bOn
804b8f68   _CAP_lPtNo
804b8f6c   _CAP_nAx
804b8f70   _CAP_nBit
804b8f74   _CAP_lPt
804b9104   _CAP_bEdge
804b9168   _CAP_nHead
804b916c   _CAP_nTail
804b9170   _CAP_nFlag
804b9174   _CAP_bUserIOState
804b9178   _CAP_nCount
804b917c   _CAP_bSignal
804b917e   _nothrow__3std
804b9180   _amc_error
804b9184   _Active_Axis_Num
804b9188   _CommDpram
804b918c   _AxisDpram
804b919c   _Mf
804b9214   _Mdisp
804b9334   _SyncMotion
804b98d4   __cleanup_ptr
804b98d8   __dtors_ptr
804b98dc   _COM_lpSerialPort
804b98e8   _ComData
804b98ec   _COM_lpRearm
804b98f0   _COM_lpEnable
804b98f4   _COM_lEnableImage
804b98f8   _COM_lpMux
804b98fc   _DISABLE_COMM
804b9900   _pRecQ
804b9904   _COM_strRecBuf
804b9924   _COM_bEnable
804b9928   _COM_nModuleState
804b992c   _COM_nDataStatus
804b9930   _COM_nRePacketSize
804b9934   _COM_nWaitSTXTimer
804b9938   _COM_nWaitByteTimer
804b993c   _COM_nChkSumErr
804b9940   _COM_lAbsPos
804b9944   _COM_nAxis
804b9a78   _n1msOpCount
804b9a7c   _n5msOpFlag
804b9a80   _n10msOpFlag
804b9a84   _nSimCount
804b9a88   _nIOCount
804b9a8c   _nGuideBits
804b9a90   ___nGuideSensorBits
804b9a98   ___nRcvCount
804b9b1c   _MOTOR_DIRECTION_CONTROL
804b9b20   _ptr_user_oport
804b9b24   _ptr_user_oport2
804b9b28   _ptr_user_oport3
804b9b2c   _ptr_user_oport4
804b9b30   _ptr_user_iport
804b9b34   _ptr_user_iport2
804b9b38   _ptr_user_iport3
804b9b3c   _ptr_user_iport4
804b9b40   _ptr_sys_sctrl
804b9b44   _ptr_sys_sstat
804b9b48   _ptr_sys_sabs
804b9b54   ___cb
804b9b78   _ptr_icon_oport1
804b9b7c   _ptr_icon_oport2
804b9b80   _ptr_icon_iport
804b9b84   _ptr_icon_lamp
804b9b88   __memory_size
804b9b90   __lock
804b9b94   __unlock
804b9ba0   _mmc_error
804b9ba4   _errno
804b9ba8   ___cinit__
804b9ba8   cinit
804baa10   _pBootPara
804baa54   _CommDPRAM
804baa58   _AxisDPRAM
804baa68   _pDownloadDPRAM
804baa74   _AxisInfo
804bab40   __ctypes_
804bac44   _USB_DESC_TBL
804bb87c   .bss
804bb87c   ___bss__
804bb87c   $bss
804bbd48   ___WD_bEn
804bbd4c   _new_handler_fun__3std
804bbd54   _m_nAddress
804bbd58   end
804bbd58   ___end__
804bbd58   __stack
804fbd58   pinit
804fbd58   ___pinit__
81000000   __sys_memory

[1224 symbols]
