******************************************************************************
          TMS320C6x COFF Linker PC Version 4.32                
******************************************************************************
>> Linked Fri Oct 19 16:32:28 2007

OUTPUT FILE NAME:   <./Debug/Appl.out>
ENTRY POINT SYMBOL: "_c_int00"  address: 80083aa0


MEMORY CONFIGURATION

                  name            origin    length      used    attr    fill
         ----------------------  --------  ---------  --------  ----  --------
         SDRAM                   80040000   00fc0000  00cf37e2  RWIX
         SDRAM2                  81000000   01000000  00000000  RWIX


SECTION ALLOCATION MAP

 output                                  attributes/
section   page    origin      length       input sections
--------  ----  ----------  ----------   ----------------
.data      0    80040000    00000000     UNINITIALIZED

.system    0    80040000    00000000     UNINITIALIZED

.switch    0    80040000    00000000     UNINITIALIZED

.vectors   0    80040000    00000260     
                  80040000    00000260     IconLabKernel1714.lib : vectors.obj (.vectors)

.text      0    80040260    00043b80     
                  80040260    0000afc0     IconLabKernel1714.lib : ndok1714.obj (.text)
                  8004b220    0000a1a0     CTS_SMR.lib : AXISDPR.obj (.text)
                  800553c0    000093a0                 : AXISMAIN.obj (.text)
                  8005e760    00004020                 : internalFuncs.obj (.text)
                  80062780    00003a00                 : AXISINT.obj (.text)
                  80066180    000033e0                 : dsp_if_plimit.obj (.text)
                  80069560    00003220                 : axisctrl.obj (.text)
                  8006c780    00002a00     rts6701.lib : _printfi.obj (.text)
                  8006f180    00002560     CTS_SMR.lib : hardware.obj (.text)
                  800716e0    00002380                 : dsp_if_pmove.obj (.text)
                  80073a60    000013a0                 : axisAbs.obj (.text)
                  80074e00    00001160                 : dsp_if_petc.obj (.text)
                  80075f60    00001020     rts6701.lib : memory.obj (.text)
                  80076f80    00001000     CTS_SMR.lib : eeprom.obj (.text)
                  80077f80    00000f40     rts6701.lib : lowlev.obj (.text)
                  80078ec0    00000de0                 : trgdrv.obj (.text)
                  80079ca0    00000ba0     CTS_SMR.lib : dsp_if_pgain.obj (.text)
                  8007a840    00000a40                 : axiscap.obj (.text)
                  8007b280    00000980                 : dsp_if_pint.obj (.text)
                  8007bc00    00000940                 : dsp_if_stop.obj (.text)
                  8007c540    00000760                 : i2c.obj (.text)
                  8007cca0    00000640                 : dsp_if_pio.obj (.text)
                  8007d2e0    000005c0                 : dsp_if_traj.obj (.text)
                  8007d8a0    000004e0     Appl-Main.obj (.text)
                  8007dd80    000004e0     CTS_SMR.lib : dsp_if_status.obj (.text)
                  8007e260    000004c0     rts6701.lib : fopen.obj (.text)
                  8007e720    000004c0                 : imath40.obj (.text)
                  8007ebe0    00000480                 : fcvt.obj (.text)
                  8007f060    00000480                 : fputs.obj (.text)
                  8007f4e0    00000480                 : ecvt.obj (.text)
                  8007f960    000003c0                 : sin.obj (.text)
                  8007fd20    00000360     CTS_SMR.lib : dsp_if_panalog.obj (.text)
                  80080080    00000340                 : dsp_if_pacfg.obj (.text)
                  800803c0    00000300     rts6701.lib : frcdivd.obj (.text)
                  800806c0    000002c0                 : atan.obj (.text)
                  80080980    00000240                 : memcpy62.obj (.text)
                  80080bc0    00000240     CTS_SMR.lib : callback.obj (.text)
                  80080e00    00000240     rts6701.lib : divd.obj (.text)
                  80081040    00000220     CTS_SMR.lib : crc32.obj (.text)
                  80081260    00000220     rts6701.lib : exit.obj (.text)
                  80081480    000001e0                 : fflush.obj (.text)
                  80081660    000001e0                 : round.obj (.text)
                  80081840    000001c0                 : _io_perm.obj (.text)
                  80081a00    000001c0                 : setvbuf.obj (.text)
                  80081bc0    000001a0                 : atan2.obj (.text)
                  80081d60    00000180                 : fputc.obj (.text)
                  80081ee0    00000180                 : atoi.obj (.text)
                  80082060    00000180                 : divf.obj (.text)
                  800821e0    00000180                 : ldexp.obj (.text)
                  80082360    00000180                 : fgetc.obj (.text)
                  800824e0    00000160                 : sprintf.obj (.text)
                  80082640    00000160                 : _bufread.obj (.text)
                  800827a0    00000160                 : trgmsg.obj (.text)
                  80082900    00000140                 : frexp.obj (.text)
                  80082a40    00000140     CTS_SMR.lib : watchdog.obj (.text)
                  80082b80    00000140     rts6701.lib : rand.obj (.text)
                  80082cc0    00000140                 : fclose.obj (.text)
                  80082e00    00000140                 : ltoa.obj (.text)
                  80082f40    00000120                 : memset.obj (.text)
                  80083060    00000120                 : divi.obj (.text)
                  80083180    00000100                 : fseek.obj (.text)
                  80083280    00000100                 : remi.obj (.text)
                  80083380    00000100                 : frcdivf.obj (.text)
                  80083480    00000100                 : autoinit.obj (.text)
                  80083580    000000e0                 : modf.obj (.text)
                  80083660    000000c0                 : divu.obj (.text)
                  80083720    000000c0                 : printf.obj (.text)
                  800837e0    000000c0                 : new_sof.obj (.text)
                  800838a0    000000c0                 : fixdli.obj (.text)
                  80083960    000000a0                 : memccpy.obj (.text)
                  80083a00    000000a0                 : remu.obj (.text)
                  80083aa0    00000080                 : boot.obj (.text)
                  80083b20    00000080                 : fltlif.obj (.text)
                  80083ba0    00000080                 : strcmp.obj (.text)
                  80083c20    00000080                 : strcpy.obj (.text)
                  80083ca0    00000060                 : strlen.obj (.text)
                  80083d00    00000040                 : new_.obj (.text)
                  80083d40    00000040                 : _lock.obj (.text)
                  80083d80    00000040                 : trunc.obj (.text)
                  80083dc0    00000020                 : remove.obj (.text)

.cio       0    80083de0    00000120     UNINITIALIZED
                  80083de0    00000120     rts6701.lib : trgmsg.obj (.cio)

.far       0    80083f00    0006def0     UNINITIALIZED
                  80083f00    000324a0     IconLabKernel1714.lib : ndok1714.obj (.far)
                  800b63a0    0002c790     CTS_SMR.lib : AXISMAIN.obj (.far)
                  800e2b30    0000db40                 : axisctrl.obj (.far)
                  800f0670    00000438                 : AXISDPR.obj (.far)
                  800f0aa8    00000404                 : crc32.obj (.far)
                  800f0eac    00000374     rts6701.lib : defs.obj (.far)
                  800f1220    0000021a     CTS_SMR.lib : axiscap.obj (.far)
                  800f143a    00000001     rts6701.lib : new_.obj (.far)
                  800f143c    000001c4     CTS_SMR.lib : dsp_if.obj (.far)
                  800f1600    00000190     rts6701.lib : _printfi.obj (.far)
                  800f1790    00000190                 : fcvt.obj (.far)
                  800f1920    0000011c                 : lowlev.obj (.far)
                  800f1a3c    000000d0                 : trgdrv.obj (.far)
                  800f1b0c    0000008c                 : exit.obj (.far)
                  800f1b98    0000006c     CTS_SMR.lib : axisAbs.obj (.far)
                  800f1c04    00000064     rts6701.lib : ecvt.obj (.far)
                  800f1c68    00000060                 : atan.obj (.far)
                  800f1cc8    0000005c     CTS_SMR.lib : AXISINT.obj (.far)
                  800f1d28    00000040     rts6701.lib : sin.obj (.far)
                  800f1d68    00000038     CTS_SMR.lib : hardware.obj (.far)
                  800f1da0    00000024                 : callback.obj (.far)
                  800f1dc4    00000008     rts6701.lib : memory.obj (.far)
                  800f1dd0    00000008                 : rand.obj (.far)
                  800f1dd8    00000008                 : _lock.obj (.far)
                  800f1de0    00000004     CTS_SMR.lib : watchdog.obj (.far)
                  800f1de4    00000004                 : dsp_if_pgain.obj (.far)
                  800f1de8    00000004     rts6701.lib : errno.obj (.far)
                  800f1dec    00000004     CTS_SMR.lib : i2c.obj (.far)

.cinit     0    800f1df0    00000e8c     
                  800f1df0    000002bc     CTS_SMR.lib : AXISDPR.obj (.cinit)
                  800f20ac    00000004     --HOLE-- [fill = 0]
                  800f20b0    0000025c                 : AXISMAIN.obj (.cinit)
                  800f230c    00000004     --HOLE-- [fill = 0]
                  800f2310    00000244     rts6701.lib : defs.obj (.cinit)
                  800f2554    00000004     --HOLE-- [fill = 0]
                  800f2558    000001f4     IconLabKernel1714.lib : ndok1714.obj (.cinit)
                  800f274c    00000004     --HOLE-- [fill = 0]
                  800f2750    00000104     CTS_SMR.lib : axisAbs.obj (.cinit)
                  800f2854    00000004     --HOLE-- [fill = 0]
                  800f2858    000000d4                 : AXISINT.obj (.cinit)
                  800f292c    00000004     --HOLE-- [fill = 0]
                  800f2930    000000cc                 : hardware.obj (.cinit)
                  800f29fc    00000004     --HOLE-- [fill = 0]
                  800f2a00    00000070     rts6701.lib : atan.obj (.cinit)
                  800f2a70    0000005c                 : lowlev.obj (.cinit)
                  800f2acc    00000004     --HOLE-- [fill = 0]
                  800f2ad0    00000048                 : sin.obj (.cinit)
                  800f2b18    0000003c     Appl-Main.obj (.cinit)
                  800f2b54    00000004     --HOLE-- [fill = 0]
                  800f2b58    0000002c     rts6701.lib : exit.obj (.cinit)
                  800f2b84    00000004     --HOLE-- [fill = 0]
                  800f2b88    0000001c     CTS_SMR.lib : axisctrl.obj (.cinit)
                  800f2ba4    00000004     --HOLE-- [fill = 0]
                  800f2ba8    0000001c     rts6701.lib : _lock.obj (.cinit)
                  800f2bc4    00000004     --HOLE-- [fill = 0]
                  800f2bc8    0000001c                 : sysmem.obj (.cinit)
                  800f2be4    00000004     --HOLE-- [fill = 0]
                  800f2be8    00000010                 : rand.obj (.cinit)
                  800f2bf8    0000000c                 : new_.obj (.cinit:c)
                  800f2c04    00000004     --HOLE-- [fill = 0]
                  800f2c08    0000000c                 : memory.obj (.cinit)
                  800f2c14    00000004     --HOLE-- [fill = 0]
                  800f2c18    0000000c     CTS_SMR.lib : crc32.obj (.cinit)
                  800f2c24    00000004     --HOLE-- [fill = 0]
                  800f2c28    0000000c                 : callback.obj (.cinit)
                  800f2c34    00000004     --HOLE-- [fill = 0]
                  800f2c38    0000000c     Appl-Main.obj (.cinit:c)
                  800f2c44    00000004     --HOLE-- [fill = 0]
                  800f2c48    0000000c     rts6701.lib : errno.obj (.cinit)
                  800f2c54    00000004     --HOLE-- [fill = 0]
                  800f2c58    0000000c     CTS_SMR.lib : watchdog.obj (.cinit)
                  800f2c64    00000004     --HOLE-- [fill = 0]
                  800f2c68    0000000c                 : dsp_if.obj (.cinit)
                  800f2c74    00000008     --HOLE-- [fill = 0]

.const     0    800f2c7c    00000b26     
                  800f2c7c    00000129     CTS_SMR.lib : hardware.obj (.const)
                  800f2da5    00000002     rts6701.lib : fputs.obj (.const)
                  800f2da7    00000001     --HOLE-- [fill = 0]
                  800f2da8    00000101                 : ctype.obj (.const)
                  800f2ea9    00000003     --HOLE-- [fill = 0]
                  800f2eac    000000dc     IconLabKernel1714.lib : ndok1714.obj (.const)
                  800f2f88    000005d1     CTS_SMR.lib : AXISMAIN.obj (.const)
                  800f3559    000001b1                 : AXISDPR.obj (.const)
                  800f370a    0000003e                 : AXISINT.obj (.const)
                  800f3748    00000030                 : internalFuncs.obj (.const)
                  800f3778    0000002a     rts6701.lib : _printfi.obj (.const)

.bss       0    800f37a4    00000034     UNINITIALIZED
                  800f37a4    0000002c     Appl-Main.obj (.bss)
                  800f37d0    00000004     rts6701.lib : new_.obj (.bss:c)
                  800f37d4    00000004     Appl-Main.obj (.bss:c)

.stack     0    800f37d8    00040000     UNINITIALIZED
                  800f37d8    00000008     rts6701.lib : boot.obj (.stack)

.pinit     0    801337d8    0000000c     
                  801337d8    00000004     CTS_SMR.lib : AXISMAIN.obj (.pinit)
                  801337dc    00000008     --HOLE-- [fill = 0]

.sysmem    0    801337e8    00c00000     UNINITIALIZED


GLOBAL SYMBOLS: SORTED ALPHABETICALLY BY Name 

address    name
--------   ----
800f37a4   $bss
800f37a4   .bss
80040000   .data
80040260   .text
80081474   C$$EXIT
80082840   C$$IO$$
800f07f0   _ABS_command
80062864   _AMC_Int10ms__Fv
8006296c   _AMC_Int5ms__Fv
8005d4c8   _AMPEnableTesting__Fv
8005d370   _AMPFaultTesting__Fv
8005b244   _AMPResetLevelTesting__Fv
80053c2c   _AcceptString__Fv
800f1440   _Active_Axis_Num
8004d5fc   _Alarm_Reset__Fv
8004d64c   _Alarm_Set__Fv
8006aff0   _AmpFaultReset__FP10CONTROLBUF
8006b03c   _AmpFaultSet__FP10CONTROLBUF
8007da84   _Appl_Body_Main__Fv
8007d8a0   _Appl_Int10__Fv
8007da8c   _Appl_Prev_Main__Fv
800f2cd4   _AxisDPRAM
800f1448   _AxisDpram
800f2cf0   _AxisInfo
80048b8c   _Beep__Fi
800b63c8   _BootPara
800e2b1c   _Boot_Checksum_Flag
8007ad2c   _CAP_ClearPtBuf__Fv
8007ae08   _CAP_Disable__Fv
8007af88   _CAP_DoCapture__Fv
8007adec   _CAP_Enable__Fv
8007aa50   _CAP_GetAx__Fv
8007aa0c   _CAP_GetBitNo__Fv
8007ac58   _CAP_GetFilledQ__Fv
8007aee0   _CAP_GetFilteredSig__Fc
8007ac70   _CAP_GetLeftQ__Fv
8007ab38   _CAP_GetPt__FPiPc
8007a840   _CAP_Init__Fv
8007acdc   _CAP_IsEmpty__Fv
8007aca4   _CAP_IsFull__Fv
8007aa68   _CAP_PutPt__Fic
8007ae24   _CAP_ReadIO__Fv
8007aa24   _CAP_SetAx__Fi
8007a9b4   _CAP_SetBitNo__Fi
8007a9e0   _CAP_SetFlag__Fi
800f13c0   _CAP_bEdge
800f1220   _CAP_bOn
800f1438   _CAP_bSignal
800f1430   _CAP_bUserIOState
800f1230   _CAP_lPt
800f1224   _CAP_lPtNo
800f1228   _CAP_nAx
800f122c   _CAP_nBit
800f1434   _CAP_nCount
800f142c   _CAP_nFlag
800f1424   _CAP_nHead
800f1428   _CAP_nTail
800b6668   _CBuf
80074190   _COM_AllocQ__Fi
80074aa4   _COM_AnalysePacket__Fv
80073f4c   _COM_ClosePort__Fv
80073e28   _COM_DisableRecieve__Fv
8007460c   _COM_Disable_State__Fv
8007455c   _COM_DoOverAgain__Fv
80073e30   _COM_EnableRecieve__Fv
8007467c   _COM_Error__Fv
80074470   _COM_GetAbsPos__FPi
80074340   _COM_GetQ__FP5QUEUE
80073f88   _COM_IncreaseTime__Fv
80073be0   _COM_InitPort__FPiiN32
80074420   _COM_InitQ__FP5QUEUE
80073d24   _COM_Init__Fv
800744e4   _COM_MakeASCII__Fc
80073b3c   _COM_OpenPort__Fv
80074250   _COM_PutQ__FP5QUEUEc
80073b24   _COM_ReturnDataStatus__Fv
80073a60   _COM_SelectAxis__Fc
80073ca4   _COM_SetBaudRate__FPii
800747f4   _COM_WaitETX_State__Fv
800746f8   _COM_WaitSTX_State__Fv
800f1be0   _COM_bEnable
800f1bfc   _COM_lAbsPos
800f1bb0   _COM_lEnableImage
800f1bac   _COM_lpEnable
800f1bb4   _COM_lpMux
800f1ba8   _COM_lpRearm
800f1b98   _COM_lpSerialPort
800f1c00   _COM_nAxis
800f1bf8   _COM_nChkSumErr
800f1be8   _COM_nDataStatus
800f1be4   _COM_nModuleState
800f1bec   _COM_nRePacketSize
800f1bf4   _COM_nWaitByteTimer
800f1bf0   _COM_nWaitSTXTimer
800f1bc0   _COM_strRecBuf
8004c370   _CP_Line_Move__Fv
8004c380   _CP_Move__Fv
80062924   _CheckAndClear_PauseRst__FP10CONTROLBUFi
8006ad68   _CheckEnvelope__FP10CONTROLBUF
80065f2c   _CheckGuideSensor__Fv
8006c3bc   _CheckInPosSignal__FP10CONTROLBUFi
80064548   _CheckInPos__Fv
8006476c   _CheckPause__Fi
8006c230   _CheckSWInPos__FP10CONTROLBUFi
80069f24   _CheckSWLimit__FP10CONTROLBUFi
8006a05c   _CheckSWPauseCondition__FP10CONTROLBUFi
8006b0c4   _CheckSensor__FP10CONTROLBUFi
8006ae1c   _CheckServo__FP10CONTROLBUFi
8006c4c8   _CheckUserIOInt__Fi
8006b564   _ChkHomeLimit__FP10CONTROLBUFi
8006b638   _ChkHomeReset__FP10CONTROLBUF
8006b684   _ChkHomeSet__FP10CONTROLBUF
8006b3c0   _ChkNegLimit__FP10CONTROLBUFi
8006b494   _ChkNegReset__FP10CONTROLBUF
8006b4dc   _ChkNegSet__FP10CONTROLBUF
8006b21c   _ChkPosLimit__FP10CONTROLBUFi
8006b2f0   _ChkPosReset__FP10CONTROLBUF
8006b33c   _ChkPosSet__FP10CONTROLBUF
8006f654   _ClearDPRInt__Fv
800643c0   _ClearPauseFlag__Fi
80064248   _ClearSWPauseFlag__Fi
8004d69c   _Clear_Status__Fv
8004eff8   _Clear_Stop__Fv
800f1ba4   _ComData
800f2cd0   _CommDPRAM
800f1444   _CommDpram
80043574   _ControlFLASH__FiT1
8006f5c8   _ControlIdle__Fv
8005c190   _ControlLoopSetting__Fv
8006a420   _ControlPosition__FP10CONTROLBUFi
8006b90c   _ControlServo__FP10CONTROLBUF
8006bbf4   _ControlStepper__FP10CONTROLBUF
80069ae0   _ControlVelocity__FP10CONTROLBUFi
80069630   _Control_Int1ms__Fv
8004453c   _Conv__FcUc
8006c454   _ConvertTorque__FP10CONTROLBUF
80051b9c   _Copy_BootPara_2_Para__Fv
80051060   _Copy_Para_2_BootPara__Fv
8005d838   _DACOffsetTesting__Fv
8005c3b0   _DACPolSetting__Fv
800f1bb8   _DISABLE_COMM
8008631c   _DMAIsrTable
80047808   _DMA_ISR__Fv
80086298   _DMA_STATUS_REG
8005ad88   _DSPLibTesting__Fv
80047970   _Delay__Fi
80054dc4   _DnloadParamFromIPC__Fv
8004bf28   _Dpr_Int__Fv
80047800   _DumXIsr__Fv
800476dc   _DummyIsr__Fv
800e295c   _Dwell_Flag
800e296c   _Dwell_Value
8006fff4   _EchoCommand__Fi
80077844   _EepromReady__FUi
8005e17c   _Eeprom_Test__Fv
80047c58   _EnableInterrupt__FiT1
800440ec   _EnableLight__FUi
80044054   _EnableOutPort__FUi
8005b07c   _EncoderOffsetTesting__Fv
800504ac   _Exist_Check__Fv
800476e4   _ExtIsr__Fv
80043fdc   _FLASH_BeginRead__FUi
800439a0   _FLASH_EraseBlock__Fi
80043718   _FLASH_Erase__FUi
80043fa8   _FLASH_GetPhysicalAddr__FUi
800436c8   _FLASH_Init__Fv
80043f10   _FLASH_Read__FUiPvi
80043d08   _FLASH_Write__FUiPCvi
800434e0   _FMMU_EraseFileSystemBlock__FUi
80043340   _FMMU_EraseSystemDataBlock__Fv
80043254   _FMMU_GetBlockSize__Fv
80043264   _FMMU_GetBootLoaderBase__Fv
800432b4   _FMMU_GetFPGABase__Fv
80043308   _FMMU_GetSystemDataBase__Fv
800433c8   _FMMU_InitializeFileSystem__Fv
80043440   _FMMU_ReadFileSystemMem__FUiPvi
80043298   _FMMU_WriteBootLoader__FPvUi
800432ec   _FMMU_WriteFPGA__FPvUi
80043490   _FMMU_WriteFileSystemMem__FUiPCvi
80043374   _FMMU_WriteSystemDataMem__FUiPCvi
8005c29c   _FeedbackSetting__Fv
8004274c   _FileClose__FUi
800418f4   _FileDelete__FPCc
80042e34   _FileGetSize__FUi
80041af8   _FileOpen__FPCcUi
80042424   _FileRead__FUiPvT1
80041ff8   _FileWrite__FUiPCvT1
8004108c   _FindEmptyCluster__Fv
8004121c   _FindEmptyFileDesc__Fv
800417b8   _FindFile__FPCc
8004073c   _FormatBlankFunc__Fi
8008490c   _FormatCallBack
800416e8   _FormatFileSystem__Fv
8005b4c8   _FrameBufferTest__Fv
800b662c   _GBuf
8004cfa0   _GET_Boot_Memory__Fv
8004cd34   _GET_Error_Limit__Fv
8004c4dc   _GET_Gain__Fv
8004d15c   _GET_IO_Port__Fv
8004cbec   _GET_In_Position__Fv
8004c908   _GET_Position__Fv
8004d4cc   _GET_Stepper__Fv
8004c79c   _GET_VGain__Fv
8005c658   _GainSetting__Fv
8007a1bc   _Gain_RW
80048adc   _GenChkSum__FPUci
8006be88   _GenerateOutput__FP10CONTROLBUFi
8005a454   _GetDS__Fi
8004b1f4   _GetDisplayFrame__Fv
8004b210   _GetDisplayHeight__Fv
8004b204   _GetDisplayWidth__Fv
80062674   _GetEncoderOffset__Fv
80043034   _GetFileName__FiPcT1
8006a338   _GetGoalDist__FP10CONTROLBUF
80052a94   _GetITPQ__Fi
80052bf4   _GetLeftQ__Fi
80047550   _GetLength__FPc
80042f7c   _GetNumberOfDeletedFile__Fv
80042ebc   _GetNumberOfFile__Fv
8005b434   _GetOutIOTest__Fv
8004136c   _GetRemainSpace__Fv
80069a58   _GetValueWithLimit__FfT1
8004ff94   _Get_Abs_Encoder__Fv
8004e5fc   _Get_Amp_Fault_Level__Fv
8004e4f4   _Get_Amp_Fault__Fv
8004ecfc   _Get_Amp_On_Level__Fv
8004e704   _Get_Amp_Reset_Level__Fv
8004eb2c   _Get_Axis_Boot_Memory__Fv
8004ebf8   _Get_Closed_Loop__Fv
8004c99c   _Get_Command__Fv
8004fb78   _Get_Compensation_Pos__Fv
8004f55c   _Get_Control_Cfg__Fv
8004e80c   _Get_Dac_Offset__Fv
8004d88c   _Get_E_Stop_Event__Fv
8004d8dc   _Get_E_Stop_Rate__Fv
8004e91c   _Get_Feedback_Device__Fv
8004eb7c   _Get_Frames_Clear__Fv
8004f88c   _Get_GearRatio__Fv
8004df5c   _Get_Home_Level__Fv
8004de54   _Get_Home_Sn_Event__Fv
8004ee04   _Get_IO_Int_Enable__Fv
8004f100   _Get_IO_Trigger__Fv
8004e064   _Get_Index_Req__Fv
8004e250   _Get_Int_E_Stop__Fv
8004e330   _Get_Int_PcIRQ__Fv
8004e170   _Get_Int_Stop__Fv
8004fee4   _Get_Interpolation__Fv
8004dd4c   _Get_Neg_Level__Fv
8004db3c   _Get_Neg_Sn_Event__Fv
8004f66c   _Get_PosImode__Fv
8004dc44   _Get_Pos_Level__Fv
8004da34   _Get_Pos_Sn_Event__Fv
8004fb80   _Get_Pulse_Mode__Fv
8004fdc8   _Get_Pulse_Ratio__Fv
80050860   _Get_Resolution__Fv
8004f34c   _Get_SW_Lower_Limit__Fv
8004f1c8   _Get_SW_Upper_Limit__Fv
8004d730   _Get_Stop_Event__Fv
8004d780   _Get_Stop_Rate__Fv
8004fa7c   _Get_SyncGain__Fv
8004f9d8   _Get_SyncMap__Fv
8004fa74   _Get_SyncOff__Fv
8004fa6c   _Get_SyncOn__Fv
8004ee98   _Get_Userio_Int_Edge__Fv
8004f77c   _Get_VelImode__Fv
8004ea24   _Get_Voltage_Device__Fv
8005da34   _GuideTesting__Fv
80079bb4   _HOSTclock
80079060   _HOSTclose
800793e4   _HOSTlseek
80078ec0   _HOSTopen
80079154   _HOSTread
80079698   _HOSTrename
80079acc   _HOSTtime
80079548   _HOSTunlink
800792a4   _HOSTwrite
8005d0d8   _HomeSensorTesting__Fv
8007c830   _I2C_Init0__Fv
8007c99c   _I2C_Init1__Fv
8007c540   _I2C_IsrSendBytes0__Fv
8007c6b8   _I2C_IsrSendBytes1__Fv
8007cb08   _I2C_Triggering0__Fv
8007cbd0   _I2C_Triggering1__Fv
8005de20   _ICon_IOTesting__Fv
8005dd34   _ICon_OutTesting__Fv
80050b4c   _IEEE2TMS__Fi
800b63a0   _IEEE_conv
8005cd18   _INPositionSetTesting__Fv
8004d314   _IO_Mode_Put__Fv
8004d2b4   _IO_Mode_Set__Fv
8005da88   _InTesting__Fv
800559a0   _InitBdParameter__Fv
8005314c   _InitBootParam__FP10_UBOOTPARA
8006f808   _InitDA__Fv
80041460   _InitFileSystem__Fv
80065e80   _InitGuideSensorPort__Fi
8006f180   _InitHardware__Fv
80052808   _InitITPQ__Fi
80047dc0   _InitJtagPort__Fv
8006f4bc   _InitMotorParameters__Fv
8006f6e4   _InitPIDGain__Fv
80048230   _InitPLL__Fv
800571c8   _InitPara__Fv
8006f86c   _InitPosition__Fv
8004858c   _InitSystem__FUi
8004adb0   _InitUsbDispModule__Fv
800777a8   _Init_eeprom__Fv
80065660   _Interpolation_10msec__FP10CONTROLBUFi
800e294c   _Interpolation_Flag
80058420   _Interpolation__Fv
80040000   _InterruptVectors
8004b1dc   _IsDispConnect__Fv
80041f48   _IsEndOfFile__FUi
80052c34   _IsQEmpty__Fi
8008629c   _IsrTable
800b6f5c   _JpcMovSt
800bb048   _Last_Pos
8005ceb4   _LimitEventTesting__Fv
8005bd8c   _LimitSwitchTesting__Fv
8005d958   _LimitTesting__Fv
8006a948   _LinearInterpolation__FP10CONTROLBUFi
80053b20   _LoadLongBlockFromEeprom__FUiPcPUiT3i
800f1d6c   _MOTOR_ACTION_CONTROL
800bb108   _M_J_Command
8004f074   _Main_Delay__Fv
80040990   _MakeFullFileName__FPCcT1Pc
800e2990   _Max_Smpcnt
800f14d0   _Mdisp
800f1458   _Mf
80047a58   _MicroDelay__Fi
8005bf7c   _MotorTypeSetting__Fv
800562a4   _NdokMain__Fv
8005ad78   _NdokOnIdleEvent__Fv
8005ad80   _NdokOnLowIdleEvent__Fv
8005ad5c   _NdokOnSerialEvent__FPCUci
8004c0f0   _NoOperation__Fv
80044180   _OnLED__FiUi
8005db08   _OutTesting__Fv
80058278   _PTPMove__FiT1
8004c16c   _PTP_Move__Fv
8004ca28   _PUT_Curr_Pos__Fv
8004ceb4   _PUT_Empty_Frame__Fv
8004cdfc   _PUT_Error_Limit__Fv
8004cb3c   _PUT_Error_Pls__Fv
8004c388   _PUT_Gain__Fv
8004cc94   _PUT_In_Position__Fv
8004cab4   _PUT_Position__Fv
80050c8c   _PUT_Query__Fv
8004d440   _PUT_Stepper__Fv
8004c648   _PUT_VGain__Fv
800b7048   _Pause
800bafb8   _PauseRst
800e2994   _Pid_Dividend
80059518   _PlanAsymTrapezoidal__FiN31fT1
80058af8   _PlanTrapezoidal__FiN21fT1
800e2998   _Pos_Limit
800e299c   _Pos_Stepper_Limit
8005b998   _PositionSetting__Fv
8005b69c   _Position_Command_Setting__Fv
8006a0c0   _PowerOffState__FP10CONTROLBUF
8007b280   _ProcessBootPara__FiN21
80040260   _ProcessUserCommand__FPc
8005c4bc   _PulseRatioSetting__Fv
80044ec0   _PutHexa2__Fc
80044e18   _PutHexa8__FPci
80044f9c   _PutHexa8__Fi
8005296c   _PutITPQ__FiT1
800504b4   _Put_ASIC__Fv
8004e684   _Put_Amp_Fault_Level__Fv
8004e57c   _Put_Amp_Fault__Fv
8004ed84   _Put_Amp_On_Level__Fv
8004e788   _Put_Amp_Reset_Level__Fv
8004e474   _Put_Axis_Source__Fv
8004e3f4   _Put_Axis_Stat__Fv
8004ef70   _Put_Buf_Position__Fv
800506b0   _Put_Captured_Position__Fv
8004ec7c   _Put_Closed_Loop__Fv
8004f5e4   _Put_Control_Cfg__Fv
8004e894   _Put_Dac_Offset__Fv
8004d9b4   _Put_E_Stop_Rate__Fv
8004ff14   _Put_Empty_Interpolation__Fv
8004fc84   _Put_Encoder__Fv
8004e9a4   _Put_Feedback_Device__Fv
8004f92c   _Put_GearRatio__Fv
8004dfe4   _Put_Home_Level__Fv
8004dedc   _Put_Home_Sn_Event__Fv
8004f4cc   _Put_IO_Out_Data__Fv
8004e0f0   _Put_Index_Req__Fv
8004ddd4   _Put_Neg_Level__Fv
8004dbc4   _Put_Neg_Sn_Event__Fv
8004f6f4   _Put_PosImode__Fv
8004dcc8   _Put_Pos_Level__Fv
8004dabc   _Put_Pos_Sn_Event__Fv
8004fc04   _Put_Pulse_Mode__Fv
8004fe5c   _Put_Pulse_Ratio__Fv
80050a48   _Put_Resolution__Fv
8004f414   _Put_SW_Lower_Limit__Fv
8004f294   _Put_SW_Upper_Limit__Fv
8004d804   _Put_Stop_Rate__Fv
8004fd0c   _Put_SyncEncoder__Fv
8004faf8   _Put_SyncGain__Fv
8004ef24   _Put_Userio_Int_Edge__Fv
8004f804   _Put_VelImode__Fv
8004eaa8   _Put_Voltage_Device__Fv
800b7098   _Q_Buf
800e293c   _Q_in_num
800e292c   _Q_out_num
8004c378   _RECT_Move__Fv
8004d254   _RESET_IO_Bit__Fv
80052f34   _ReadBootParam__FP10_UBOOTPARA
80070834   _ReadChannel1__FPci
8007087c   _ReadChannel2__FPci
8007093c   _ReadChannel__FPci
8006ffd0   _ReadCommandAxis__Fv
8006ff78   _ReadCommand__Fv
8006b70c   _ReadCurPos__FP10CONTROLBUFi
8007af6c   _ReadCurrPos__Fi
80077ea0   _ReadEepromChar__FUi
80077f30   _ReadEepromInt__FUi
80077ee8   _ReadEepromShort__FUi
80077b50   _ReadEepromString__FUiPci
800440d0   _ReadInPortBit__Fi
800440c4   _ReadInPort__Fv
800707dc   _ReadInPos__Fi
8006f488   _ReadInnerCounter__Fi
80047f4c   _ReadJtagTDO__Fv
80044168   _ReadLightValue__Fv
80070b38   _ReadMem1__FPci
80070b78   _ReadMem2__FPci
80070c50   _ReadMem__FPci
800440a8   _ReadOutPort__FUi
800705bc   _ReadSensor__Fi
80040340   _ReadSerialPort__Fv
80070560   _ReadServoAlarm__Fi
80070098   _ReadUserIn64__FPi
8007003c   _ReadUserIn__Fv
80070528   _ReadZValue__Fv
80050e88   _Read_Memory__Fv
8006fcdc   _RearmZInt__Fv
80040c58   _RearrangeCluster__Fv
80040b48   _RearrangeFileTable__Fv
8004ee90   _Reserved_Function__Fv
8006f520   _ResetEncCounter__Fv
80071140   _ResetEncoderTiming__Fi
8006f684   _ResetPulseOut__Fv
80063a70   _RestartFromPause__Fi
80054450   _RunConfigSaveFromIPC__Fv
80053fe0   _RunConfigUploadToIPC__Fv
8004b09c   _RunUsbDispModule__Fv
8004731c   _SERIALEX_Control__Fi
80047034   _SERIALEX_Open__Fi
80047354   _SERIALEX_ReadBytes__FiPvN21
80047078   _SERIALEX_SetPort__FiN41
800475c4   _SERIALEX_WriteBytes__FiPCvT1
80045720   _SERIAL_Enable__FUi
80045f90   _SERIAL_GenChecksum__FPvi
800455e4   _SERIAL_Init__Fv
800459a8   _SERIAL_ReadAByte__FPUci
80045ae0   _SERIAL_ReadBytes__FPviT2
80045e1c   _SERIAL_ReadStxEtxString__FPciT2
80046140   _SERIAL_ReceiveFile__FP14_SER_FILE_DESCi
80044d9c   _SERIAL_ReceivedDataCnt__Fv
800468c0   _SERIAL_ReleaseFileDesc__FP14_SER_FILE_DESC
80046900   _SERIAL_SendFile__FPcPUcUii
800457ec   _SERIAL_SetPort__FiN31
8004604c   _SERIAL_TestChecksum__FPviUc
80045d94   _SERIAL_WaitCommand__FUci
80045cdc   _SERIAL_WriteAByte__FUc
80045d1c   _SERIAL_WriteBytes__FPCvi
8004d37c   _SET_Delay__Fv
8004d1f4   _SET_IO_Bit__Fv
8006f414   _SHORT2INT__Fs
8004c360   _SPL_Arc_Move__Fv
8004c358   _SPL_Line_Move__Fv
8004c368   _SPL_Move__Fv
80040754   _SaperateFileNameAndExt__FPCcPcT2
80053068   _SaveBootParam__FP10_UBOOTPARA
80053ae4   _SaveLongBlockToEeprom__Fv
80050530   _Save_Boot_Frame__Fv
8006fce4   _SelectFlashROM__Fv
800855c0   _SendQ
80086294   _SerialCallback
80045048   _SerialChipInit__Fv
8004528c   _SerialISR__Fv
800456f4   _SerialSetCallback__FPFi_v
8005b074   _SerialTesting__Fv
800f07f8   _Service
8006fe7c   _ServoOff__Fi
8006fd80   _ServoOn__Fi
8004d5ac   _Servo_Off__Fv
8004d55c   _Servo_On__Fv
80064f18   _SetAbortEvent__Fi
80047bfc   _SetDMAVect__FiPFv_v
8006254c   _SetEncoderOffset__Fv
80042e60   _SetFileFormatCallBack__FPFi_v
80047e44   _SetJtagTCK__Fi
80047e9c   _SetJtagTDI__Fi
80047ef4   _SetJtagTMS__Fi
80065248   _SetStopEStopEvent__Fi
8006faac   _SetTimer__Fv
8004ae8c   _SetUsbDispInterval__Fi
80047b44   _SetVect__FiPFv_v
8005a91c   _SetVelocityRate__Fv
80047f6c   _SetupEmif__FUi
8004808c   _SetupL2Cache__Fi
80048ba4   _Sign__FUi
8005c9f0   _SoftwareLimitSetting__Fv
80050560   _Start_Capture__Fv
80080238   _Stepper
8005bb28   _StopRateTesting__Fv
80050680   _Stop_Capture__Fv
800f15f0   _SyncMotion
80048458   _SystemInit__Fv
80050b78   _TMS2IEEE__Ff
800489f4   _TestChkSum__FPUciUc
8004419c   _ToggleLED__Fi
800baf18   _Traj
80086394   _UDM_Frame
800b6394   _UDM_StartClk
800b6398   _UDM_StartDisp
80086390   _UDM_bInit
800b639c   _UDM_nDispInterval
80049b98   _USB_CheckSetupPacket__Fv
800f2eac   _USB_DESC_TBL
80049940   _USB_ENUM__Fv
8004ad24   _USB_EnableBulkTransfer__FUi
8004ac98   _USB_EnableInterrupts__FUi
80049144   _USB_Enumeration__Fv
80048c7c   _USB_ISR__Fv
800496ec   _USB_InitBL__Fv
80049350   _USB_Init__Fv
80049e60   _USB_IntrPoll__Fv
80049054   _USB_ReadCmdRegister__FUc
8004ab54   _USB_ReadEP0__FPviT2
8004a91c   _USB_ReceiveDataBy__FiPvN21
80086388   _USB_SETUP_PACKET
8004a184   _USB_SendDataBy__FiPvN21
80049a88   _USB_SendSX2Registers__Fv
8004ac30   _USB_SetEP0ByteCnt__Fi
80049b4c   _USB_WaitForEP0Ready__Fv
80048f0c   _USB_WriteCmdRegister__FUcT1
80048e70   _USB_WriteDelay__Fv
8004aa7c   _USB_WriteEP0__FPviT2
80054950   _UploadParamToIPC__Fv
8004aebc   _UsbDispCheckSetup__Fv
8004d01c   _VEL_Move__Fv
8005cba8   _VelLimitSetting__Fv
8005b5c8   _Vel_Monitoring__Fv
8005c080   _Vel_TorqSetting__Fv
80063c00   _VelocityMove_10msec__FP10CONTROLBUFi
80047d50   _WaitDMA__Fi
800778e0   _WaitEepromReady__FUi
800709fc   _WriteChannel1__FPciT2
80070a34   _WriteChannel2__FPciT2
80070ab8   _WriteChannel__FPciT2
80070658   _WriteDAPort__FiT1
80077dc8   _WriteEepromChar__FUiUc
80077e58   _WriteEepromInt__FUiT1
80077e10   _WriteEepromShort__FUiUs
80077988   _WriteEepromString__FUiPci
800702dc   _WriteEncoder__FiT1
80070334   _WriteFlashMemory__FPcc
800702a0   _WriteInnerCounter__FiT1
80044138   _WriteLightValue__FUc
80070d28   _WriteMem1__FPVciT2
80070d60   _WriteMem2__FPVciT2
80070de0   _WriteMem__FPVciT2
80044088   _WriteOutPortBit__FiUi
8004406c   _WriteOutPort__FUi
80070780   _WritePulseCommand__FiT1UiN31
80070548   _WriteZEnable__Fi
80050f1c   _Write_Block__Fv
80050bac   _Write_Memory__Fv
800862dc   _XIsrTable
80083de0   __CIOBUF_
80044b04   __IsSendingStopped__Fi
00040000   __STACK_SIZE
00c00000   __SYSMEM_SIZE
80053b14   __SaveLongBlockToEeprom__Fv
80044b6c   __SendQueuePush__FiPcT1
8007da24   ___App_First__Fv
80060930   ___ClearStatus__Fi
800614c8   ___ClearStop__Fi
80082a40   ___EnableWatchdog__Fi
800770d8   ___GetAck_eeprom__Fv
800613d4   ___GetBufPosition__Fi
80052e0c   ___GetChar__Fi
8005f6dc   ___GetCurPos__Fi
800610cc   ___GetDacOffset__Fi
80062514   ___GetEncoderOffset__Fi
8005f878   ___GetErrorLimit__FiPiPc
8005f74c   ___GetErrorPls__Fi
8005ed98   ___GetGain__FiPiN42
8007024c   ___GetIOMode__Fv
8005f7cc   ___GetInPosition__Fi
80052c8c   ___GetInt__Fi
80061b08   ___GetIoInData__FPiT1
80061aa4   ___GetIoOutData__FPiT1
8006011c   ___GetMotorType__Fi
8005f710   ___GetPos__Fi
80061c48   ___GetSWLowerLimit__FiPiPc
800619b4   ___GetSWUpperLimit__FiPiPc
80052d84   ___GetShort__Fi
8005f648   ___GetSyncEncoder__FPiT1
8005eeb4   ___GetVGain__FiPiN42
80082aa8   ___GetWatchdogStatus__Fv
80065dd4   ___InitGuideBuffer__Fi
80060cb0   ___IsPauseCondition__Fi
80060c74   ___IsPauseOn__Fi
8005ea7c   ___PtpMove__FiN41f
80057e24   ___PtpReMove__FiN41fT1
80052eec   ___PutChar__Fic
80061fec   ___PutCommand__FiT1
80061310   ___PutDacOffset__FiT1
8005ec70   ___PutGain__FiN51
80052e5c   ___PutInt__FiT1
800616b8   ___PutIoTrigger__FiT1c
80061cc8   ___PutPulseRatio__FiT1
80061a34   ___PutSWLowerLimit__FiT1c
80052ea0   ___PutShort__Fis
80061bf4   ___PutSyncMap__FiT1
8006f438   ___ReadEncoder__Fi
8007746c   ___Readeeprom__Fi
80060704   ___ResetAlarm__Fi
80071030   ___ResetIoBit__Fi
8005e9c4   ___RsvrOnOff__FiT1
800604c4   ___ServoOff__Fi
800602a4   ___ServoOn__Fi
80060834   ___SetAlarm__Fi
8005e7c8   ___SetClosedLoop__FiT1
8005ff14   ___SetDelay__FiN21
80060a94   ___SetEStopEvent__Fi
8006246c   ___SetEncoderOffset__FiT1
8005f808   ___SetErrorLimit__FiT1c
800611f4   ___SetFramesClear__Fi
80070160   ___SetIOMode__Fi
8005f788   ___SetInPosition__Fif
80060b2c   ___SetIndexReq__FiT1
80060f38   ___SetIntEStop__FiN21
80062320   ___SetIntPcIRQ__FiN21
80060da0   ___SetIntStop__FiN21
80061d5c   ___SetInterpolation__Fv
80070f28   ___SetIoBit__Fi
80061350   ___SetIoIntEnable__FiT1
80070e60   ___SetIoPortValue__FiT1
800601d0   ___SetMotorType__FiT1
8005f0fc   ___SetPosition__FiT1
80061944   ___SetSWUpperLimit__FiT1c
80060a00   ___SetStopEvent__Fi
8005efd4   ___SetVGain__FiN51
8004d004   ___Set_Boot_Para__Fi
80076fd8   ___Start_eeprom__Fv
800776a8   ___Stop_eeprom__Fv
8005f8f8   ___VelMove__FifT1
800f1de0   ___WD_bEn
800772ac   ___Writeeeprom__Fc
800f37a4   ___bss__
800f1da0   ___cb
800f1df0   ___cinit__
80040000   ___data__
80080cf0   ___dsplib_call_callback__Fi
80080d64   ___dsplib_call_callback_param4__FiPvT1T2Pi
80080bc0   ___dsplib_callback_init__Fv
80080c28   ___dsplib_set_callback__FiPFv_v
80080ca0   ___dsplib_set_callback_param4__FiPFPviT1T2_v
80040000   ___edata__
800f37d8   ___end__
80083de0   ___etext__
800f1ce0   ___nGuideSensorBits
800f1ce8   ___nRcvCount
800837e0   ___nw__FUi
801337d8   ___pinit__
8005e70c   ___sti__AXISMAIN_C_2ea0b2b0
80086280   ___sz
80040260   ___text__
80083480   __auto_init
80082640   __buff_read
8007e63c   __cleanup
800f1b90   __cleanup_ptr
80081040   __crc32_gen_table__Fv
80081168   __crc32_get_crc__FPci
800f2da8   __ctypes_
80080e00   __divd
80082060   __divf
80083060   __divi
8007eae0   __divli
80083660   __divu
8007e7e0   __divul
8008157c   __doflush
80080000   __dsp_Find_Analog_Channel__Fi
80066668   __dsp_Find_Bd_Jnt
8007d200   __dsp_Find_IO_Bit__Fi
8007d270   __dsp_Find_IO_Port__Fi
800735f0   __dsp_PTP_Move__FifT2N31
8007d180   __dsp_SetReset_Bit_IO__FiT1
8007d2e0   __dsp_amc_init__Fv
800752c0   __dsp_amp_fault_reset__Fi
800752fc   __dsp_amp_fault_set__Fi
8007cdf4   __dsp_amp_fault_switch__Fi
8007df48   __dsp_axis_done__Fi
8007e028   __dsp_axis_source__Fi
8007dfe8   __dsp_axis_state__Fi
8007e07c   __dsp_clear_status__Fi
8007e108   __dsp_clear_stop__Fi
80075c44   __dsp_compensation_pos__FiPiPfT2
80055310   __dsp_enable_watchdog__Fv
800691d0   __dsp_fget_closed_loop__FiPi
80075560   __dsp_fget_control__FiPi
8007c4f4   __dsp_fget_e_stop_rate__FiPi
8005e98c   __dsp_fget_encoder_offset__Fi
80067abc   __dsp_fget_error_limit__FiPfPi
80068ec4   __dsp_fget_feedback__FiPi
80067750   __dsp_fget_in_position__FiPf
80068314   __dsp_fget_index_required__FiPi
8006758c   __dsp_fget_negative_limit__FiPi
80066dac   __dsp_fget_negative_sw_limit__FiPfPi
80075d44   __dsp_fget_offset__FiPi
80067370   __dsp_fget_positive_limit__FiPi
80066a34   __dsp_fget_positive_sw_limit__FiPfPi
800758e4   __dsp_fget_step_mode__FiPi
8007bf0c   __dsp_fget_stop_rate__FiPi
80075b74   __dsp_fget_sync_control__FPi
80075e78   __dsp_fget_tracking_factor__FiPf
80068d40   __dsp_fget_unipolar__FiPi
8007b804   __dsp_fio_interrupt_enable__FiT1
8007ba1c   __dsp_fio_interrupt_on_e_stop__FiT1
8007b910   __dsp_fio_interrupt_on_stop__FiT1
8007bb34   __dsp_fio_interrupt_pcirq__FiT1
8007e194   __dsp_frames_clear__Fi
8007e214   __dsp_frames_left__Fi
80075100   __dsp_fset_amp_enable_level__FiT1
80068354   __dsp_fset_amp_fault__FiT1
80068548   __dsp_fset_amp_fault_level__FiT1
800694ac   __dsp_fset_amp_reset_level__FiT1
80069064   __dsp_fset_closed_loop__FiT1
800755a0   __dsp_fset_control__FiT1
8007c3f0   __dsp_fset_e_stop_rate__FiT1
800756c0   __dsp_fset_electric_gear__Fif
8005e930   __dsp_fset_encoder_offset__FiT1
80067880   __dsp_fset_error_limit__FifT1
80068f04   __dsp_fset_feedback__FiT1
8006865c   __dsp_fset_filter__FiPi
800680f4   __dsp_fset_home__FiT1
80067fb4   __dsp_fset_home_level__FiT1
80067670   __dsp_fset_in_position__Fif
80068284   __dsp_fset_index_required__FiT1
800801d8   __dsp_fset_micro_stepper__Fi
80067ddc   __dsp_fset_negative_level__FiT1
80067464   __dsp_fset_negative_limit__FiT1
80066b9c   __dsp_fset_negative_sw_limit__FifT1
80075dc8   __dsp_fset_offset__FiT1
80079d6c   __dsp_fset_p_integration__FiT1
80067c04   __dsp_fset_positive_level__FiT1
8006723c   __dsp_fset_positive_limit__FiT1
80066814   __dsp_fset_positive_sw_limit__FifT1
800753b8   __dsp_fset_pulse_ratio__FiT1
800692dc   __dsp_fset_servo__Fi
80075814   __dsp_fset_step_mode__FiT1
800800f8   __dsp_fset_stepper__Fi
8007be08   __dsp_fset_stop_rate__FiT1
8007c164   __dsp_fset_sw_pause_checkbit__FiN21
8007c1c8   __dsp_fset_sw_pause_flag__FiT1
80075f00   __dsp_fset_tracking_factor__Fif
80068bd0   __dsp_fset_unipolar__FiT1
800688d0   __dsp_fset_v_filter__FiPi
8007a024   __dsp_fset_v_integration__FiT1
80066df4   __dsp_get_accel_limit__FiPi
8007d82c   __dsp_get_act_velocity__Fi
80075228   __dsp_get_amp_enable__FiPi
80075168   __dsp_get_amp_enable_level__FiPi
80068420   __dsp_get_amp_fault__FiPi
800685b0   __dsp_get_amp_fault_level__FiPi
800694ec   __dsp_get_amp_reset_level__FiPi
8007fd20   __dsp_get_analog__FiPi
8007ffb4   __dsp_get_analog_offset__FiPi
80069128   __dsp_get_closed_loop__FiPi
8007d7d8   __dsp_get_com_velocity__Fi
8007d6c8   __dsp_get_command__FiPf
80075498   __dsp_get_control__FiPi
8007d434   __dsp_get_counter__FiPf
8007fe8c   __dsp_get_dac__FiPi
8007fe3c   __dsp_get_dac_offset__FiPi
8007c494   __dsp_get_e_stop_rate__FiPi
80075750   __dsp_get_electric_gear__FiPf
8005e8f8   __dsp_get_encoder_offset__Fi
8007d77c   __dsp_get_error__FiPf
800679bc   __dsp_get_error_limit__FiPfPi
80068e1c   __dsp_get_feedback__FiPi
80068820   __dsp_get_filter__FiPi
80068174   __dsp_get_home__FiPi
80067ff4   __dsp_get_home_level__FiPi
8006273c   __dsp_get_home_sn_event__Fi
800676f0   __dsp_get_in_position__FiPf
800682c4   __dsp_get_index_required__FiPi
8007d0c4   __dsp_get_io2__FPiT1
8007d06c   __dsp_get_io__FPi
8007cf18   __dsp_get_io_mode__FiPi
80080158   __dsp_get_micro_stepper__Fi
80067e1c   __dsp_get_negative_level__FiPi
800674f0   __dsp_get_negative_limit__FiPi
80066d00   __dsp_get_negative_sw_limit__FiPfPi
80075cf4   __dsp_get_offset__FiPi
800693c8   __dsp_get_out_io__FiPi
80079eb0   __dsp_get_p_integration__FiPi
8007d5c4   __dsp_get_position__FiPf
80067c44   __dsp_get_positive_level__FiPi
800672c8   __dsp_get_positive_limit__FiPi
80066978   __dsp_get_positive_sw_limit__FiPfPi
80075438   __dsp_get_pulse_ratio__FiPi
80069210   __dsp_get_servo__Fi
80075894   __dsp_get_step_mode__FiPi
80069390   __dsp_get_stepper__Fi
8007beac   __dsp_get_stop_rate__FiPi
8007c254   __dsp_get_sw_pause_checkbit__FiPiT2
8007c208   __dsp_get_sw_pause_event__Fi
8007c2c0   __dsp_get_sw_pause_flag__FiPi
80075b28   __dsp_get_sync_control__FPi
80075bf8   __dsp_get_sync_gain__FPi
8007d4b8   __dsp_get_sync_position__FPfT1
80075e28   __dsp_get_tracking_factor__FiPf
80068c98   __dsp_get_unipolar__FiPi
80068a88   __dsp_get_v_filter__FiPi
8007a120   __dsp_get_v_integration__FiPi
80066fa0   __dsp_get_vel_limit__FiPf
80055360   __dsp_getstatus_watchdog__Fv
8007cca0   __dsp_home_switch__Fi
8007de10   __dsp_in_motion__Fi
8007de70   __dsp_in_position__Fi
8007ddb0   __dsp_in_sequence__Fi
8007b740   __dsp_io_interrupt_enable__FiT1
8007b98c   __dsp_io_interrupt_on_e_stop__FiT1
8007b880   __dsp_io_interrupt_on_stop__FiT1
8007ba98   __dsp_io_interrupt_pcirq__FiT1
8007bbb0   __dsp_io_interrupt_pcirq_eoi__Fi
8007ded0   __dsp_motion_done__Fi
800718c0   __dsp_move__FifT2T1
80072a50   __dsp_move_all__FiPiPfT3T2
8007cd80   __dsp_neg_switch__Fi
80071ffc   __dsp_p_move__FifT2T1
8005e84c   __dsp_param_flush__Fv
8007cd14   __dsp_pos_switch__Fi
80071a8c   __dsp_r_move__FifT2T1
8007d144   __dsp_reset_bit__Fi
80071e2c   __dsp_rs_move__FifT2T1
80071c5c   __dsp_s_move__FifT2T1
80072d24   __dsp_s_move_all__FiPiPfT3T2
80066e94   __dsp_set_accel_limit__FiT1
800751b8   __dsp_set_amp_enable__FiT1
80075098   __dsp_set_amp_enable_level__FiT1
800683bc   __dsp_set_amp_fault__FiT1
800684c8   __dsp_set_amp_fault_level__FiT1
8006942c   __dsp_set_amp_reset_level__FiT1
8007ff70   __dsp_set_analog_offset__FiT1
8007d108   __dsp_set_bit__Fi
80068fc8   __dsp_set_closed_loop__FiT1
8007d658   __dsp_set_command__Fif
800754f8   __dsp_set_control__FiT1
8007fed8   __dsp_set_dac__FiT1
8007fdf8   __dsp_set_dac_offset__FiT1
8007c2f0   __dsp_set_e_stop__Fi
8007c340   __dsp_set_e_stop_rate__FiT1
80075624   __dsp_set_electric_gear__Fif
8005e8b8   __dsp_set_encoder_offset__FiT1
80067790   __dsp_set_error_limit__FifT1
80068d80   __dsp_set_feedback__FiT1
80068750   __dsp_set_filter__FiPi
80068090   __dsp_set_home__FiT1
80067eb8   __dsp_set_home_level__FiT1
800626fc   __dsp_set_home_sn_event__FiT1
800675cc   __dsp_set_in_position__Fif
8006821c   __dsp_set_index_required__FiT1
8007d028   __dsp_set_io2__FiT1
8007cfdc   __dsp_set_io__Fi
8007ce60   __dsp_set_io_mode__FiT1
80080198   __dsp_set_micro_stepper__Fi
80067ce0   __dsp_set_negative_level__FiT1
800673c8   __dsp_set_negative_limit__FiT1
80066a80   __dsp_set_negative_sw_limit__FifT1
80075d84   __dsp_set_offset__FiT1
80079e20   __dsp_set_p_integration__FiT1
8007d3c0   __dsp_set_position__FiT1
80067b08   __dsp_set_positive_level__FiT1
800671a0   __dsp_set_positive_limit__FiT1
80066704   __dsp_set_positive_sw_limit__FifT1
80075338   __dsp_set_pulse_ratio__FiT1
80069248   __dsp_set_servo__Fi
800757b4   __dsp_set_step_mode__FiT1
800800b8   __dsp_set_stepper__Fi
8007bcd4   __dsp_set_stop__Fi
8007bd10   __dsp_set_stop_rate__FiT1
8007c064   __dsp_set_sw_pause_checkbit__FiN21
8007bf4c   __dsp_set_sw_pause_event__FiT1
8007c128   __dsp_set_sw_pause_flag__FiT1
80075ae4   __dsp_set_sync_control__Fi
80075bac   __dsp_set_sync_gain__Fi
80075924   __dsp_set_sync_map_axes__FiT1
80075ebc   __dsp_set_tracking_factor__Fif
80068b34   __dsp_set_unipolar__FiT1
800689c4   __dsp_set_v_filter__FiPi
80079f4c   __dsp_set_v_integration__FiT1
80067070   __dsp_set_vel_limit__Fif
80071788   __dsp_start_move__FifT2T1
80072818   __dsp_start_move_all__FiPiPfT3T2
80071ec0   __dsp_start_p_move__FifT2T1
80071954   __dsp_start_r_move__FifT2T1
80071cf4   __dsp_start_rs_move__FifT2T1
80071b20   __dsp_start_s_move__FifT2T1
80072af0   __dsp_start_s_move_all__FiPiPfT3T2
80072094   __dsp_start_t_move__FifT2N21
80072dcc   __dsp_start_t_move_all__FiPiPfT3N22
80072458   __dsp_start_tr_move__FifT2N21
80072638   __dsp_start_trs_move__FifT2N21
80072278   __dsp_start_ts_move__FifT2N21
800730c0   __dsp_start_ts_move_all__FiPiPfT3N22
800721dc   __dsp_t_move__FifT2N21
80073008   __dsp_t_move_all__FiPiPfT3N22
8007259c   __dsp_tr_move__FifT2N21
8007277c   __dsp_trs_move__FifT2N21
800723bc   __dsp_ts_move__FifT2N21
800732f8   __dsp_ts_move_all__FiPiPfT3N22
80073554   __dsp_v_move__FifT1
80075c6c   __dsp_version_chk__FiPi
80073440   __dsp_wait_for_all__FiPi
800733ac   __dsp_wait_for_done__Fi
800f1b94   __dtors_ptr
800838a0   __fixdli
80083b20   __fltlif
800803c0   __frcdivd
80083380   __frcdivf
800f121c   __ft_end
800f0eac   __ftable
800f1dd8   __lock
800f1dc4   __memory_size
80083d40   __nop
8006c780   __printfi
80044dd0   __puthex__Fc
80081840   __rd_ok
80083d48   __register_lock
80083d5c   __register_unlock
80083280   __remi
8007ea24   __remli
80083a00   __remu
8007e720   __remul
80081660   __round
800f37d8   __stack
801337e8   __sys_memory
800f10dc   __tmpnams
80083d80   __trunc
800f1ddc   __unlock
80081900   __wrt_ok
80081474   _abort
800bb1b8   _acc_time
800bb138   _acc_traj
800782a0   _add_device
800f143c   _amc_error
800806c0   _atan
80081bc0   _atan2
80081398   _atexit
80081ee0   _atoi
800b6fc4   _axis_mov
80083aa0   _c_int00
8005259c   _c_int02__Fv
80073fc8   _c_int03__Fv
800763e4   _calloc
80078bf0   _close
800e2ba8   _dbuf
800ea8a8   _dbuf_cnt
800bb1c8   _dcc_time
800bb148   _dcc_traj
80083d14   _default_new_handler__3stdFv
800bb098   _delt_g_addr
800f0680   _delt_g_intaddr
800bb1d8   _delt_s
800bb088   _delt_s_addr
800bb068   _delt_s_b
800bb0b8   _delt_s_buff
800bb078   _delt_s_count
800f0670   _delt_s_intaddr
800f06b0   _delt_s_intbuff
800f0690   _delt_s_intcount
800f06a0   _delt_s_interruptcount
800bb058   _delt_s_psh
80065dcc   _dummy_axisint_c__Fv
80050ba4   _dummyfunc__Fv
800f0a90   _eDumpHdr
8007f4e0   _ecvt
800f1de8   _errno
80081260   _exit
800bb168   _f_cur_pls
800bb178   _f_cur_pls_b
800bb188   _f_delt_s
800bb158   _f_dest_pls
80082cc0   _fclose
8007ebe0   _fcvt
80081480   _fflush
80082388   _fgetc
8007e260   _fopen
80081d8c   _fputc
8007f0d4   _fputs
8004cf34   _frames_left__Fi
80076830   _free
8007e2c8   _freopen
80082900   _frexp
80083180   _fseek
8008494c   _g_FS_ClusterBase
80084920   _g_FS_FileHandle
80084948   _g_FS_FileSystemReady
80084914   _g_FS_ShadowClusterTable
80084910   _g_FS_ShadowFileTable
80084918   _g_FS_TotalNumOfBlocks
8008491c   _g_FS_TotalNumOfCluster
8008628c   _g_SerHookFunc
8008636c   _g_bBusActivity
8008635c   _g_bENUMOK
80086368   _g_bEP0BUFReady
80086380   _g_bEnableTransferFlag
80086374   _g_bFlags
80086360   _g_bGotSetup
8008637c   _g_bIsIntr
80086364   _g_bReadIntr
80086370   _g_bReady
80086384   _g_bUSBOpened
80086378   _g_bWaste
800e29ec   _g_f
800e29f0   _g_ff
800e29f4   _g_fff
800e29e0   _g_i
800e29e4   _g_ii
800e29e8   _g_iii
80084908   _g_nDisplayMode
80084904   _g_nNDOKSerialMode
80084900   _g_nNDOKSerialStxEtxStrIndex
80084950   _g_nSerBaudrate
80084954   _g_nSerDataBit
80084958   _g_nSerParity
8008495c   _g_nSerStopBit
80086290   _g_pSerParam
80083f00   _g_sNDOKSerialStxEtxString
80084960   _g_stQueue
80075ccc   _get_axis_var__FiPiPA4_iPA4_f
80082360   _getc
80082370   _getchar
8007992c   _getenv
800e2980   _inter_k
800e2988   _inter_k2
800bb0a8   _jnt_run
800e29a0   _lITPCmd
800e29b0   _lITPSt
800821e0   _ldexp
80078ab0   _lseek
80082e00   _ltoa
800f1dec   _m_nAddress
80040668   _main
800761dc   _malloc
80076be8   _memalign
80083960   _memccpy
80080980   _memcpy
80082f40   _memset
80076174   _minit
800f0a80   _mmHdr
800800a0   _mmc_all_axes__Fv
80080080   _mmc_axes__FiPi
800f1de4   _mmc_error
80083580   _modf
800f1cd0   _n10msOpFlag
800f1cc8   _n1msOpCount
800f1ccc   _n5msOpFlag
800f1cdc   _nGuideBits
800f1cd8   _nIOCount
800e29d0   _nITPMode
800f1cd4   _nSimCount
800f37d0   _new_handler_fun__3std
80048bbc   _nop__Fv
800f143a   _nothrow__3std
80078600   _open
800f2c7c   _pBootPara
800b6f4c   _pCBuf
800f2ce4   _pDownloadDPRAM
800b6f48   _pGBuf
800f1bbc   _pRecQ
800bb1e8   _p_offs
800f0aa0   _peDumpBody
800e2b30   _plsCmd
80083720   _printf
800b63c4   _ptr_IEEE
800e2b28   _ptr_icon_iport
800e2b2c   _ptr_icon_lamp
800e2b20   _ptr_icon_oport1
800e2b24   _ptr_icon_oport2
800f1d98   _ptr_sys_sabs
800f1d90   _ptr_sys_sctrl
800f1d94   _ptr_sys_sstat
800f1d80   _ptr_user_iport
800f1d84   _ptr_user_iport2
800f1d88   _ptr_user_iport3
800f1d8c   _ptr_user_iport4
800f1d70   _ptr_user_oport
800f1d74   _ptr_user_oport2
800f1d78   _ptr_user_oport3
800f1d7c   _ptr_user_oport4
80081d60   _putc
80081d70   _putchar
8007f060   _puts
8004498c   _queue_datsize__Fi
80044600   _queue_initialize__Fi
8004480c   _queue_pop__FiPUc
80044674   _queue_push__FiUc
80082b80   _rand
80078834   _read
8008284c   _readmsg
800764a0   _realloc
800f066c   _recording_cnt
80083dc0   _remove
80078538   _remove_device
80078da0   _rename
80083d00   _set_new_handler__3stdFPFv_v
80081a00   _setvbuf
8007f960   _sin
800824e0   _sprintf
80082c44   _srand
80083ba0   _strcmp
80083c20   _strcpy
80083ca0   _strlen
800ea8ac   _sum_rec
800444d4   _toAscii__Fc
800f0a8c   _uiEepromSaveAddr
80078d00   _unlink
800e2a1c   _userio_ax
800e2a18   _userio_axis_enable
800e2a10   _userio_axis_int
800e2a14   _userio_global_int_enable
800e2a00   _userio_int_data
800e2a04   _userio_int_data_b
800e2a0c   _userio_int_edge
800e29fc   _userio_int_enable
800e2a08   _userio_int_flag
800e29f8   _userio_mode_select
800bb118   _virtual_pos
800bb198   _vm_cur_pls
800bb1a8   _vm_cur_pls_b
80078970   _write
800827a0   _writemsg
800f1df0   cinit
80040000   edata
800f37d8   end
80083de0   etext
801337d8   pinit


GLOBAL SYMBOLS: SORTED BY Symbol Address 

address    name
--------   ----
00040000   __STACK_SIZE
00c00000   __SYSMEM_SIZE
80040000   ___data__
80040000   edata
80040000   ___edata__
80040000   .data
80040000   _InterruptVectors
80040260   _ProcessUserCommand__FPc
80040260   ___text__
80040260   .text
80040340   _ReadSerialPort__Fv
80040668   _main
8004073c   _FormatBlankFunc__Fi
80040754   _SaperateFileNameAndExt__FPCcPcT2
80040990   _MakeFullFileName__FPCcT1Pc
80040b48   _RearrangeFileTable__Fv
80040c58   _RearrangeCluster__Fv
8004108c   _FindEmptyCluster__Fv
8004121c   _FindEmptyFileDesc__Fv
8004136c   _GetRemainSpace__Fv
80041460   _InitFileSystem__Fv
800416e8   _FormatFileSystem__Fv
800417b8   _FindFile__FPCc
800418f4   _FileDelete__FPCc
80041af8   _FileOpen__FPCcUi
80041f48   _IsEndOfFile__FUi
80041ff8   _FileWrite__FUiPCvT1
80042424   _FileRead__FUiPvT1
8004274c   _FileClose__FUi
80042e34   _FileGetSize__FUi
80042e60   _SetFileFormatCallBack__FPFi_v
80042ebc   _GetNumberOfFile__Fv
80042f7c   _GetNumberOfDeletedFile__Fv
80043034   _GetFileName__FiPcT1
80043254   _FMMU_GetBlockSize__Fv
80043264   _FMMU_GetBootLoaderBase__Fv
80043298   _FMMU_WriteBootLoader__FPvUi
800432b4   _FMMU_GetFPGABase__Fv
800432ec   _FMMU_WriteFPGA__FPvUi
80043308   _FMMU_GetSystemDataBase__Fv
80043340   _FMMU_EraseSystemDataBlock__Fv
80043374   _FMMU_WriteSystemDataMem__FUiPCvi
800433c8   _FMMU_InitializeFileSystem__Fv
80043440   _FMMU_ReadFileSystemMem__FUiPvi
80043490   _FMMU_WriteFileSystemMem__FUiPCvi
800434e0   _FMMU_EraseFileSystemBlock__FUi
80043574   _ControlFLASH__FiT1
800436c8   _FLASH_Init__Fv
80043718   _FLASH_Erase__FUi
800439a0   _FLASH_EraseBlock__Fi
80043d08   _FLASH_Write__FUiPCvi
80043f10   _FLASH_Read__FUiPvi
80043fa8   _FLASH_GetPhysicalAddr__FUi
80043fdc   _FLASH_BeginRead__FUi
80044054   _EnableOutPort__FUi
8004406c   _WriteOutPort__FUi
80044088   _WriteOutPortBit__FiUi
800440a8   _ReadOutPort__FUi
800440c4   _ReadInPort__Fv
800440d0   _ReadInPortBit__Fi
800440ec   _EnableLight__FUi
80044138   _WriteLightValue__FUc
80044168   _ReadLightValue__Fv
80044180   _OnLED__FiUi
8004419c   _ToggleLED__Fi
800444d4   _toAscii__Fc
8004453c   _Conv__FcUc
80044600   _queue_initialize__Fi
80044674   _queue_push__FiUc
8004480c   _queue_pop__FiPUc
8004498c   _queue_datsize__Fi
80044b04   __IsSendingStopped__Fi
80044b6c   __SendQueuePush__FiPcT1
80044d9c   _SERIAL_ReceivedDataCnt__Fv
80044dd0   __puthex__Fc
80044e18   _PutHexa8__FPci
80044ec0   _PutHexa2__Fc
80044f9c   _PutHexa8__Fi
80045048   _SerialChipInit__Fv
8004528c   _SerialISR__Fv
800455e4   _SERIAL_Init__Fv
800456f4   _SerialSetCallback__FPFi_v
80045720   _SERIAL_Enable__FUi
800457ec   _SERIAL_SetPort__FiN31
800459a8   _SERIAL_ReadAByte__FPUci
80045ae0   _SERIAL_ReadBytes__FPviT2
80045cdc   _SERIAL_WriteAByte__FUc
80045d1c   _SERIAL_WriteBytes__FPCvi
80045d94   _SERIAL_WaitCommand__FUci
80045e1c   _SERIAL_ReadStxEtxString__FPciT2
80045f90   _SERIAL_GenChecksum__FPvi
8004604c   _SERIAL_TestChecksum__FPviUc
80046140   _SERIAL_ReceiveFile__FP14_SER_FILE_DESCi
800468c0   _SERIAL_ReleaseFileDesc__FP14_SER_FILE_DESC
80046900   _SERIAL_SendFile__FPcPUcUii
80047034   _SERIALEX_Open__Fi
80047078   _SERIALEX_SetPort__FiN41
8004731c   _SERIALEX_Control__Fi
80047354   _SERIALEX_ReadBytes__FiPvN21
80047550   _GetLength__FPc
800475c4   _SERIALEX_WriteBytes__FiPCvT1
800476dc   _DummyIsr__Fv
800476e4   _ExtIsr__Fv
80047800   _DumXIsr__Fv
80047808   _DMA_ISR__Fv
80047970   _Delay__Fi
80047a58   _MicroDelay__Fi
80047b44   _SetVect__FiPFv_v
80047bfc   _SetDMAVect__FiPFv_v
80047c58   _EnableInterrupt__FiT1
80047d50   _WaitDMA__Fi
80047dc0   _InitJtagPort__Fv
80047e44   _SetJtagTCK__Fi
80047e9c   _SetJtagTDI__Fi
80047ef4   _SetJtagTMS__Fi
80047f4c   _ReadJtagTDO__Fv
80047f6c   _SetupEmif__FUi
8004808c   _SetupL2Cache__Fi
80048230   _InitPLL__Fv
80048458   _SystemInit__Fv
8004858c   _InitSystem__FUi
800489f4   _TestChkSum__FPUciUc
80048adc   _GenChkSum__FPUci
80048b8c   _Beep__Fi
80048ba4   _Sign__FUi
80048bbc   _nop__Fv
80048c7c   _USB_ISR__Fv
80048e70   _USB_WriteDelay__Fv
80048f0c   _USB_WriteCmdRegister__FUcT1
80049054   _USB_ReadCmdRegister__FUc
80049144   _USB_Enumeration__Fv
80049350   _USB_Init__Fv
800496ec   _USB_InitBL__Fv
80049940   _USB_ENUM__Fv
80049a88   _USB_SendSX2Registers__Fv
80049b4c   _USB_WaitForEP0Ready__Fv
80049b98   _USB_CheckSetupPacket__Fv
80049e60   _USB_IntrPoll__Fv
8004a184   _USB_SendDataBy__FiPvN21
8004a91c   _USB_ReceiveDataBy__FiPvN21
8004aa7c   _USB_WriteEP0__FPviT2
8004ab54   _USB_ReadEP0__FPviT2
8004ac30   _USB_SetEP0ByteCnt__Fi
8004ac98   _USB_EnableInterrupts__FUi
8004ad24   _USB_EnableBulkTransfer__FUi
8004adb0   _InitUsbDispModule__Fv
8004ae8c   _SetUsbDispInterval__Fi
8004aebc   _UsbDispCheckSetup__Fv
8004b09c   _RunUsbDispModule__Fv
8004b1dc   _IsDispConnect__Fv
8004b1f4   _GetDisplayFrame__Fv
8004b204   _GetDisplayWidth__Fv
8004b210   _GetDisplayHeight__Fv
8004bf28   _Dpr_Int__Fv
8004c0f0   _NoOperation__Fv
8004c16c   _PTP_Move__Fv
8004c358   _SPL_Line_Move__Fv
8004c360   _SPL_Arc_Move__Fv
8004c368   _SPL_Move__Fv
8004c370   _CP_Line_Move__Fv
8004c378   _RECT_Move__Fv
8004c380   _CP_Move__Fv
8004c388   _PUT_Gain__Fv
8004c4dc   _GET_Gain__Fv
8004c648   _PUT_VGain__Fv
8004c79c   _GET_VGain__Fv
8004c908   _GET_Position__Fv
8004c99c   _Get_Command__Fv
8004ca28   _PUT_Curr_Pos__Fv
8004cab4   _PUT_Position__Fv
8004cb3c   _PUT_Error_Pls__Fv
8004cbec   _GET_In_Position__Fv
8004cc94   _PUT_In_Position__Fv
8004cd34   _GET_Error_Limit__Fv
8004cdfc   _PUT_Error_Limit__Fv
8004ceb4   _PUT_Empty_Frame__Fv
8004cf34   _frames_left__Fi
8004cfa0   _GET_Boot_Memory__Fv
8004d004   ___Set_Boot_Para__Fi
8004d01c   _VEL_Move__Fv
8004d15c   _GET_IO_Port__Fv
8004d1f4   _SET_IO_Bit__Fv
8004d254   _RESET_IO_Bit__Fv
8004d2b4   _IO_Mode_Set__Fv
8004d314   _IO_Mode_Put__Fv
8004d37c   _SET_Delay__Fv
8004d440   _PUT_Stepper__Fv
8004d4cc   _GET_Stepper__Fv
8004d55c   _Servo_On__Fv
8004d5ac   _Servo_Off__Fv
8004d5fc   _Alarm_Reset__Fv
8004d64c   _Alarm_Set__Fv
8004d69c   _Clear_Status__Fv
8004d730   _Get_Stop_Event__Fv
8004d780   _Get_Stop_Rate__Fv
8004d804   _Put_Stop_Rate__Fv
8004d88c   _Get_E_Stop_Event__Fv
8004d8dc   _Get_E_Stop_Rate__Fv
8004d9b4   _Put_E_Stop_Rate__Fv
8004da34   _Get_Pos_Sn_Event__Fv
8004dabc   _Put_Pos_Sn_Event__Fv
8004db3c   _Get_Neg_Sn_Event__Fv
8004dbc4   _Put_Neg_Sn_Event__Fv
8004dc44   _Get_Pos_Level__Fv
8004dcc8   _Put_Pos_Level__Fv
8004dd4c   _Get_Neg_Level__Fv
8004ddd4   _Put_Neg_Level__Fv
8004de54   _Get_Home_Sn_Event__Fv
8004dedc   _Put_Home_Sn_Event__Fv
8004df5c   _Get_Home_Level__Fv
8004dfe4   _Put_Home_Level__Fv
8004e064   _Get_Index_Req__Fv
8004e0f0   _Put_Index_Req__Fv
8004e170   _Get_Int_Stop__Fv
8004e250   _Get_Int_E_Stop__Fv
8004e330   _Get_Int_PcIRQ__Fv
8004e3f4   _Put_Axis_Stat__Fv
8004e474   _Put_Axis_Source__Fv
8004e4f4   _Get_Amp_Fault__Fv
8004e57c   _Put_Amp_Fault__Fv
8004e5fc   _Get_Amp_Fault_Level__Fv
8004e684   _Put_Amp_Fault_Level__Fv
8004e704   _Get_Amp_Reset_Level__Fv
8004e788   _Put_Amp_Reset_Level__Fv
8004e80c   _Get_Dac_Offset__Fv
8004e894   _Put_Dac_Offset__Fv
8004e91c   _Get_Feedback_Device__Fv
8004e9a4   _Put_Feedback_Device__Fv
8004ea24   _Get_Voltage_Device__Fv
8004eaa8   _Put_Voltage_Device__Fv
8004eb2c   _Get_Axis_Boot_Memory__Fv
8004eb7c   _Get_Frames_Clear__Fv
8004ebf8   _Get_Closed_Loop__Fv
8004ec7c   _Put_Closed_Loop__Fv
8004ecfc   _Get_Amp_On_Level__Fv
8004ed84   _Put_Amp_On_Level__Fv
8004ee04   _Get_IO_Int_Enable__Fv
8004ee90   _Reserved_Function__Fv
8004ee98   _Get_Userio_Int_Edge__Fv
8004ef24   _Put_Userio_Int_Edge__Fv
8004ef70   _Put_Buf_Position__Fv
8004eff8   _Clear_Stop__Fv
8004f074   _Main_Delay__Fv
8004f100   _Get_IO_Trigger__Fv
8004f1c8   _Get_SW_Upper_Limit__Fv
8004f294   _Put_SW_Upper_Limit__Fv
8004f34c   _Get_SW_Lower_Limit__Fv
8004f414   _Put_SW_Lower_Limit__Fv
8004f4cc   _Put_IO_Out_Data__Fv
8004f55c   _Get_Control_Cfg__Fv
8004f5e4   _Put_Control_Cfg__Fv
8004f66c   _Get_PosImode__Fv
8004f6f4   _Put_PosImode__Fv
8004f77c   _Get_VelImode__Fv
8004f804   _Put_VelImode__Fv
8004f88c   _Get_GearRatio__Fv
8004f92c   _Put_GearRatio__Fv
8004f9d8   _Get_SyncMap__Fv
8004fa6c   _Get_SyncOn__Fv
8004fa74   _Get_SyncOff__Fv
8004fa7c   _Get_SyncGain__Fv
8004faf8   _Put_SyncGain__Fv
8004fb78   _Get_Compensation_Pos__Fv
8004fb80   _Get_Pulse_Mode__Fv
8004fc04   _Put_Pulse_Mode__Fv
8004fc84   _Put_Encoder__Fv
8004fd0c   _Put_SyncEncoder__Fv
8004fdc8   _Get_Pulse_Ratio__Fv
8004fe5c   _Put_Pulse_Ratio__Fv
8004fee4   _Get_Interpolation__Fv
8004ff14   _Put_Empty_Interpolation__Fv
8004ff94   _Get_Abs_Encoder__Fv
800504ac   _Exist_Check__Fv
800504b4   _Put_ASIC__Fv
80050530   _Save_Boot_Frame__Fv
80050560   _Start_Capture__Fv
80050680   _Stop_Capture__Fv
800506b0   _Put_Captured_Position__Fv
80050860   _Get_Resolution__Fv
80050a48   _Put_Resolution__Fv
80050b4c   _IEEE2TMS__Fi
80050b78   _TMS2IEEE__Ff
80050ba4   _dummyfunc__Fv
80050bac   _Write_Memory__Fv
80050c8c   _PUT_Query__Fv
80050e88   _Read_Memory__Fv
80050f1c   _Write_Block__Fv
80051060   _Copy_Para_2_BootPara__Fv
80051b9c   _Copy_BootPara_2_Para__Fv
8005259c   _c_int02__Fv
80052808   _InitITPQ__Fi
8005296c   _PutITPQ__FiT1
80052a94   _GetITPQ__Fi
80052bf4   _GetLeftQ__Fi
80052c34   _IsQEmpty__Fi
80052c8c   ___GetInt__Fi
80052d84   ___GetShort__Fi
80052e0c   ___GetChar__Fi
80052e5c   ___PutInt__FiT1
80052ea0   ___PutShort__Fis
80052eec   ___PutChar__Fic
80052f34   _ReadBootParam__FP10_UBOOTPARA
80053068   _SaveBootParam__FP10_UBOOTPARA
8005314c   _InitBootParam__FP10_UBOOTPARA
80053ae4   _SaveLongBlockToEeprom__Fv
80053b14   __SaveLongBlockToEeprom__Fv
80053b20   _LoadLongBlockFromEeprom__FUiPcPUiT3i
80053c2c   _AcceptString__Fv
80053fe0   _RunConfigUploadToIPC__Fv
80054450   _RunConfigSaveFromIPC__Fv
80054950   _UploadParamToIPC__Fv
80054dc4   _DnloadParamFromIPC__Fv
80055310   __dsp_enable_watchdog__Fv
80055360   __dsp_getstatus_watchdog__Fv
800559a0   _InitBdParameter__Fv
800562a4   _NdokMain__Fv
800571c8   _InitPara__Fv
80057e24   ___PtpReMove__FiN41fT1
80058278   _PTPMove__FiT1
80058420   _Interpolation__Fv
80058af8   _PlanTrapezoidal__FiN21fT1
80059518   _PlanAsymTrapezoidal__FiN31fT1
8005a454   _GetDS__Fi
8005a91c   _SetVelocityRate__Fv
8005ad5c   _NdokOnSerialEvent__FPCUci
8005ad78   _NdokOnIdleEvent__Fv
8005ad80   _NdokOnLowIdleEvent__Fv
8005ad88   _DSPLibTesting__Fv
8005b074   _SerialTesting__Fv
8005b07c   _EncoderOffsetTesting__Fv
8005b244   _AMPResetLevelTesting__Fv
8005b434   _GetOutIOTest__Fv
8005b4c8   _FrameBufferTest__Fv
8005b5c8   _Vel_Monitoring__Fv
8005b69c   _Position_Command_Setting__Fv
8005b998   _PositionSetting__Fv
8005bb28   _StopRateTesting__Fv
8005bd8c   _LimitSwitchTesting__Fv
8005bf7c   _MotorTypeSetting__Fv
8005c080   _Vel_TorqSetting__Fv
8005c190   _ControlLoopSetting__Fv
8005c29c   _FeedbackSetting__Fv
8005c3b0   _DACPolSetting__Fv
8005c4bc   _PulseRatioSetting__Fv
8005c658   _GainSetting__Fv
8005c9f0   _SoftwareLimitSetting__Fv
8005cba8   _VelLimitSetting__Fv
8005cd18   _INPositionSetTesting__Fv
8005ceb4   _LimitEventTesting__Fv
8005d0d8   _HomeSensorTesting__Fv
8005d370   _AMPFaultTesting__Fv
8005d4c8   _AMPEnableTesting__Fv
8005d838   _DACOffsetTesting__Fv
8005d958   _LimitTesting__Fv
8005da34   _GuideTesting__Fv
8005da88   _InTesting__Fv
8005db08   _OutTesting__Fv
8005dd34   _ICon_OutTesting__Fv
8005de20   _ICon_IOTesting__Fv
8005e17c   _Eeprom_Test__Fv
8005e70c   ___sti__AXISMAIN_C_2ea0b2b0
8005e7c8   ___SetClosedLoop__FiT1
8005e84c   __dsp_param_flush__Fv
8005e8b8   __dsp_set_encoder_offset__FiT1
8005e8f8   __dsp_get_encoder_offset__Fi
8005e930   __dsp_fset_encoder_offset__FiT1
8005e98c   __dsp_fget_encoder_offset__Fi
8005e9c4   ___RsvrOnOff__FiT1
8005ea7c   ___PtpMove__FiN41f
8005ec70   ___PutGain__FiN51
8005ed98   ___GetGain__FiPiN42
8005eeb4   ___GetVGain__FiPiN42
8005efd4   ___SetVGain__FiN51
8005f0fc   ___SetPosition__FiT1
8005f648   ___GetSyncEncoder__FPiT1
8005f6dc   ___GetCurPos__Fi
8005f710   ___GetPos__Fi
8005f74c   ___GetErrorPls__Fi
8005f788   ___SetInPosition__Fif
8005f7cc   ___GetInPosition__Fi
8005f808   ___SetErrorLimit__FiT1c
8005f878   ___GetErrorLimit__FiPiPc
8005f8f8   ___VelMove__FifT1
8005ff14   ___SetDelay__FiN21
8006011c   ___GetMotorType__Fi
800601d0   ___SetMotorType__FiT1
800602a4   ___ServoOn__Fi
800604c4   ___ServoOff__Fi
80060704   ___ResetAlarm__Fi
80060834   ___SetAlarm__Fi
80060930   ___ClearStatus__Fi
80060a00   ___SetStopEvent__Fi
80060a94   ___SetEStopEvent__Fi
80060b2c   ___SetIndexReq__FiT1
80060c74   ___IsPauseOn__Fi
80060cb0   ___IsPauseCondition__Fi
80060da0   ___SetIntStop__FiN21
80060f38   ___SetIntEStop__FiN21
800610cc   ___GetDacOffset__Fi
800611f4   ___SetFramesClear__Fi
80061310   ___PutDacOffset__FiT1
80061350   ___SetIoIntEnable__FiT1
800613d4   ___GetBufPosition__Fi
800614c8   ___ClearStop__Fi
800616b8   ___PutIoTrigger__FiT1c
80061944   ___SetSWUpperLimit__FiT1c
800619b4   ___GetSWUpperLimit__FiPiPc
80061a34   ___PutSWLowerLimit__FiT1c
80061aa4   ___GetIoOutData__FPiT1
80061b08   ___GetIoInData__FPiT1
80061bf4   ___PutSyncMap__FiT1
80061c48   ___GetSWLowerLimit__FiPiPc
80061cc8   ___PutPulseRatio__FiT1
80061d5c   ___SetInterpolation__Fv
80061fec   ___PutCommand__FiT1
80062320   ___SetIntPcIRQ__FiN21
8006246c   ___SetEncoderOffset__FiT1
80062514   ___GetEncoderOffset__Fi
8006254c   _SetEncoderOffset__Fv
80062674   _GetEncoderOffset__Fv
800626fc   __dsp_set_home_sn_event__FiT1
8006273c   __dsp_get_home_sn_event__Fi
80062864   _AMC_Int10ms__Fv
80062924   _CheckAndClear_PauseRst__FP10CONTROLBUFi
8006296c   _AMC_Int5ms__Fv
80063a70   _RestartFromPause__Fi
80063c00   _VelocityMove_10msec__FP10CONTROLBUFi
80064248   _ClearSWPauseFlag__Fi
800643c0   _ClearPauseFlag__Fi
80064548   _CheckInPos__Fv
8006476c   _CheckPause__Fi
80064f18   _SetAbortEvent__Fi
80065248   _SetStopEStopEvent__Fi
80065660   _Interpolation_10msec__FP10CONTROLBUFi
80065dcc   _dummy_axisint_c__Fv
80065dd4   ___InitGuideBuffer__Fi
80065e80   _InitGuideSensorPort__Fi
80065f2c   _CheckGuideSensor__Fv
80066668   __dsp_Find_Bd_Jnt
80066704   __dsp_set_positive_sw_limit__FifT1
80066814   __dsp_fset_positive_sw_limit__FifT1
80066978   __dsp_get_positive_sw_limit__FiPfPi
80066a34   __dsp_fget_positive_sw_limit__FiPfPi
80066a80   __dsp_set_negative_sw_limit__FifT1
80066b9c   __dsp_fset_negative_sw_limit__FifT1
80066d00   __dsp_get_negative_sw_limit__FiPfPi
80066dac   __dsp_fget_negative_sw_limit__FiPfPi
80066df4   __dsp_get_accel_limit__FiPi
80066e94   __dsp_set_accel_limit__FiT1
80066fa0   __dsp_get_vel_limit__FiPf
80067070   __dsp_set_vel_limit__Fif
800671a0   __dsp_set_positive_limit__FiT1
8006723c   __dsp_fset_positive_limit__FiT1
800672c8   __dsp_get_positive_limit__FiPi
80067370   __dsp_fget_positive_limit__FiPi
800673c8   __dsp_set_negative_limit__FiT1
80067464   __dsp_fset_negative_limit__FiT1
800674f0   __dsp_get_negative_limit__FiPi
8006758c   __dsp_fget_negative_limit__FiPi
800675cc   __dsp_set_in_position__Fif
80067670   __dsp_fset_in_position__Fif
800676f0   __dsp_get_in_position__FiPf
80067750   __dsp_fget_in_position__FiPf
80067790   __dsp_set_error_limit__FifT1
80067880   __dsp_fset_error_limit__FifT1
800679bc   __dsp_get_error_limit__FiPfPi
80067abc   __dsp_fget_error_limit__FiPfPi
80067b08   __dsp_set_positive_level__FiT1
80067c04   __dsp_fset_positive_level__FiT1
80067c44   __dsp_get_positive_level__FiPi
80067ce0   __dsp_set_negative_level__FiT1
80067ddc   __dsp_fset_negative_level__FiT1
80067e1c   __dsp_get_negative_level__FiPi
80067eb8   __dsp_set_home_level__FiT1
80067fb4   __dsp_fset_home_level__FiT1
80067ff4   __dsp_get_home_level__FiPi
80068090   __dsp_set_home__FiT1
800680f4   __dsp_fset_home__FiT1
80068174   __dsp_get_home__FiPi
8006821c   __dsp_set_index_required__FiT1
80068284   __dsp_fset_index_required__FiT1
800682c4   __dsp_get_index_required__FiPi
80068314   __dsp_fget_index_required__FiPi
80068354   __dsp_fset_amp_fault__FiT1
800683bc   __dsp_set_amp_fault__FiT1
80068420   __dsp_get_amp_fault__FiPi
800684c8   __dsp_set_amp_fault_level__FiT1
80068548   __dsp_fset_amp_fault_level__FiT1
800685b0   __dsp_get_amp_fault_level__FiPi
8006865c   __dsp_fset_filter__FiPi
80068750   __dsp_set_filter__FiPi
80068820   __dsp_get_filter__FiPi
800688d0   __dsp_fset_v_filter__FiPi
800689c4   __dsp_set_v_filter__FiPi
80068a88   __dsp_get_v_filter__FiPi
80068b34   __dsp_set_unipolar__FiT1
80068bd0   __dsp_fset_unipolar__FiT1
80068c98   __dsp_get_unipolar__FiPi
80068d40   __dsp_fget_unipolar__FiPi
80068d80   __dsp_set_feedback__FiT1
80068e1c   __dsp_get_feedback__FiPi
80068ec4   __dsp_fget_feedback__FiPi
80068f04   __dsp_fset_feedback__FiT1
80068fc8   __dsp_set_closed_loop__FiT1
80069064   __dsp_fset_closed_loop__FiT1
80069128   __dsp_get_closed_loop__FiPi
800691d0   __dsp_fget_closed_loop__FiPi
80069210   __dsp_get_servo__Fi
80069248   __dsp_set_servo__Fi
800692dc   __dsp_fset_servo__Fi
80069390   __dsp_get_stepper__Fi
800693c8   __dsp_get_out_io__FiPi
8006942c   __dsp_set_amp_reset_level__FiT1
800694ac   __dsp_fset_amp_reset_level__FiT1
800694ec   __dsp_get_amp_reset_level__FiPi
80069630   _Control_Int1ms__Fv
80069a58   _GetValueWithLimit__FfT1
80069ae0   _ControlVelocity__FP10CONTROLBUFi
80069f24   _CheckSWLimit__FP10CONTROLBUFi
8006a05c   _CheckSWPauseCondition__FP10CONTROLBUFi
8006a0c0   _PowerOffState__FP10CONTROLBUF
8006a338   _GetGoalDist__FP10CONTROLBUF
8006a420   _ControlPosition__FP10CONTROLBUFi
8006a948   _LinearInterpolation__FP10CONTROLBUFi
8006ad68   _CheckEnvelope__FP10CONTROLBUF
8006ae1c   _CheckServo__FP10CONTROLBUFi
8006aff0   _AmpFaultReset__FP10CONTROLBUF
8006b03c   _AmpFaultSet__FP10CONTROLBUF
8006b0c4   _CheckSensor__FP10CONTROLBUFi
8006b21c   _ChkPosLimit__FP10CONTROLBUFi
8006b2f0   _ChkPosReset__FP10CONTROLBUF
8006b33c   _ChkPosSet__FP10CONTROLBUF
8006b3c0   _ChkNegLimit__FP10CONTROLBUFi
8006b494   _ChkNegReset__FP10CONTROLBUF
8006b4dc   _ChkNegSet__FP10CONTROLBUF
8006b564   _ChkHomeLimit__FP10CONTROLBUFi
8006b638   _ChkHomeReset__FP10CONTROLBUF
8006b684   _ChkHomeSet__FP10CONTROLBUF
8006b70c   _ReadCurPos__FP10CONTROLBUFi
8006b90c   _ControlServo__FP10CONTROLBUF
8006bbf4   _ControlStepper__FP10CONTROLBUF
8006be88   _GenerateOutput__FP10CONTROLBUFi
8006c230   _CheckSWInPos__FP10CONTROLBUFi
8006c3bc   _CheckInPosSignal__FP10CONTROLBUFi
8006c454   _ConvertTorque__FP10CONTROLBUF
8006c4c8   _CheckUserIOInt__Fi
8006c780   __printfi
8006f180   _InitHardware__Fv
8006f414   _SHORT2INT__Fs
8006f438   ___ReadEncoder__Fi
8006f488   _ReadInnerCounter__Fi
8006f4bc   _InitMotorParameters__Fv
8006f520   _ResetEncCounter__Fv
8006f5c8   _ControlIdle__Fv
8006f654   _ClearDPRInt__Fv
8006f684   _ResetPulseOut__Fv
8006f6e4   _InitPIDGain__Fv
8006f808   _InitDA__Fv
8006f86c   _InitPosition__Fv
8006faac   _SetTimer__Fv
8006fcdc   _RearmZInt__Fv
8006fce4   _SelectFlashROM__Fv
8006fd80   _ServoOn__Fi
8006fe7c   _ServoOff__Fi
8006ff78   _ReadCommand__Fv
8006ffd0   _ReadCommandAxis__Fv
8006fff4   _EchoCommand__Fi
8007003c   _ReadUserIn__Fv
80070098   _ReadUserIn64__FPi
80070160   ___SetIOMode__Fi
8007024c   ___GetIOMode__Fv
800702a0   _WriteInnerCounter__FiT1
800702dc   _WriteEncoder__FiT1
80070334   _WriteFlashMemory__FPcc
80070528   _ReadZValue__Fv
80070548   _WriteZEnable__Fi
80070560   _ReadServoAlarm__Fi
800705bc   _ReadSensor__Fi
80070658   _WriteDAPort__FiT1
80070780   _WritePulseCommand__FiT1UiN31
800707dc   _ReadInPos__Fi
80070834   _ReadChannel1__FPci
8007087c   _ReadChannel2__FPci
8007093c   _ReadChannel__FPci
800709fc   _WriteChannel1__FPciT2
80070a34   _WriteChannel2__FPciT2
80070ab8   _WriteChannel__FPciT2
80070b38   _ReadMem1__FPci
80070b78   _ReadMem2__FPci
80070c50   _ReadMem__FPci
80070d28   _WriteMem1__FPVciT2
80070d60   _WriteMem2__FPVciT2
80070de0   _WriteMem__FPVciT2
80070e60   ___SetIoPortValue__FiT1
80070f28   ___SetIoBit__Fi
80071030   ___ResetIoBit__Fi
80071140   _ResetEncoderTiming__Fi
80071788   __dsp_start_move__FifT2T1
800718c0   __dsp_move__FifT2T1
80071954   __dsp_start_r_move__FifT2T1
80071a8c   __dsp_r_move__FifT2T1
80071b20   __dsp_start_s_move__FifT2T1
80071c5c   __dsp_s_move__FifT2T1
80071cf4   __dsp_start_rs_move__FifT2T1
80071e2c   __dsp_rs_move__FifT2T1
80071ec0   __dsp_start_p_move__FifT2T1
80071ffc   __dsp_p_move__FifT2T1
80072094   __dsp_start_t_move__FifT2N21
800721dc   __dsp_t_move__FifT2N21
80072278   __dsp_start_ts_move__FifT2N21
800723bc   __dsp_ts_move__FifT2N21
80072458   __dsp_start_tr_move__FifT2N21
8007259c   __dsp_tr_move__FifT2N21
80072638   __dsp_start_trs_move__FifT2N21
8007277c   __dsp_trs_move__FifT2N21
80072818   __dsp_start_move_all__FiPiPfT3T2
80072a50   __dsp_move_all__FiPiPfT3T2
80072af0   __dsp_start_s_move_all__FiPiPfT3T2
80072d24   __dsp_s_move_all__FiPiPfT3T2
80072dcc   __dsp_start_t_move_all__FiPiPfT3N22
80073008   __dsp_t_move_all__FiPiPfT3N22
800730c0   __dsp_start_ts_move_all__FiPiPfT3N22
800732f8   __dsp_ts_move_all__FiPiPfT3N22
800733ac   __dsp_wait_for_done__Fi
80073440   __dsp_wait_for_all__FiPi
80073554   __dsp_v_move__FifT1
800735f0   __dsp_PTP_Move__FifT2N31
80073a60   _COM_SelectAxis__Fc
80073b24   _COM_ReturnDataStatus__Fv
80073b3c   _COM_OpenPort__Fv
80073be0   _COM_InitPort__FPiiN32
80073ca4   _COM_SetBaudRate__FPii
80073d24   _COM_Init__Fv
80073e28   _COM_DisableRecieve__Fv
80073e30   _COM_EnableRecieve__Fv
80073f4c   _COM_ClosePort__Fv
80073f88   _COM_IncreaseTime__Fv
80073fc8   _c_int03__Fv
80074190   _COM_AllocQ__Fi
80074250   _COM_PutQ__FP5QUEUEc
80074340   _COM_GetQ__FP5QUEUE
80074420   _COM_InitQ__FP5QUEUE
80074470   _COM_GetAbsPos__FPi
800744e4   _COM_MakeASCII__Fc
8007455c   _COM_DoOverAgain__Fv
8007460c   _COM_Disable_State__Fv
8007467c   _COM_Error__Fv
800746f8   _COM_WaitSTX_State__Fv
800747f4   _COM_WaitETX_State__Fv
80074aa4   _COM_AnalysePacket__Fv
80075098   __dsp_set_amp_enable_level__FiT1
80075100   __dsp_fset_amp_enable_level__FiT1
80075168   __dsp_get_amp_enable_level__FiPi
800751b8   __dsp_set_amp_enable__FiT1
80075228   __dsp_get_amp_enable__FiPi
800752c0   __dsp_amp_fault_reset__Fi
800752fc   __dsp_amp_fault_set__Fi
80075338   __dsp_set_pulse_ratio__FiT1
800753b8   __dsp_fset_pulse_ratio__FiT1
80075438   __dsp_get_pulse_ratio__FiPi
80075498   __dsp_get_control__FiPi
800754f8   __dsp_set_control__FiT1
80075560   __dsp_fget_control__FiPi
800755a0   __dsp_fset_control__FiT1
80075624   __dsp_set_electric_gear__Fif
800756c0   __dsp_fset_electric_gear__Fif
80075750   __dsp_get_electric_gear__FiPf
800757b4   __dsp_set_step_mode__FiT1
80075814   __dsp_fset_step_mode__FiT1
80075894   __dsp_get_step_mode__FiPi
800758e4   __dsp_fget_step_mode__FiPi
80075924   __dsp_set_sync_map_axes__FiT1
80075ae4   __dsp_set_sync_control__Fi
80075b28   __dsp_get_sync_control__FPi
80075b74   __dsp_fget_sync_control__FPi
80075bac   __dsp_set_sync_gain__Fi
80075bf8   __dsp_get_sync_gain__FPi
80075c44   __dsp_compensation_pos__FiPiPfT2
80075c6c   __dsp_version_chk__FiPi
80075ccc   _get_axis_var__FiPiPA4_iPA4_f
80075cf4   __dsp_get_offset__FiPi
80075d44   __dsp_fget_offset__FiPi
80075d84   __dsp_set_offset__FiT1
80075dc8   __dsp_fset_offset__FiT1
80075e28   __dsp_get_tracking_factor__FiPf
80075e78   __dsp_fget_tracking_factor__FiPf
80075ebc   __dsp_set_tracking_factor__Fif
80075f00   __dsp_fset_tracking_factor__Fif
80076174   _minit
800761dc   _malloc
800763e4   _calloc
800764a0   _realloc
80076830   _free
80076be8   _memalign
80076fd8   ___Start_eeprom__Fv
800770d8   ___GetAck_eeprom__Fv
800772ac   ___Writeeeprom__Fc
8007746c   ___Readeeprom__Fi
800776a8   ___Stop_eeprom__Fv
800777a8   _Init_eeprom__Fv
80077844   _EepromReady__FUi
800778e0   _WaitEepromReady__FUi
80077988   _WriteEepromString__FUiPci
80077b50   _ReadEepromString__FUiPci
80077dc8   _WriteEepromChar__FUiUc
80077e10   _WriteEepromShort__FUiUs
80077e58   _WriteEepromInt__FUiT1
80077ea0   _ReadEepromChar__FUi
80077ee8   _ReadEepromShort__FUi
80077f30   _ReadEepromInt__FUi
800782a0   _add_device
80078538   _remove_device
80078600   _open
80078834   _read
80078970   _write
80078ab0   _lseek
80078bf0   _close
80078d00   _unlink
80078da0   _rename
80078ec0   _HOSTopen
80079060   _HOSTclose
80079154   _HOSTread
800792a4   _HOSTwrite
800793e4   _HOSTlseek
80079548   _HOSTunlink
80079698   _HOSTrename
8007992c   _getenv
80079acc   _HOSTtime
80079bb4   _HOSTclock
80079d6c   __dsp_fset_p_integration__FiT1
80079e20   __dsp_set_p_integration__FiT1
80079eb0   __dsp_get_p_integration__FiPi
80079f4c   __dsp_set_v_integration__FiT1
8007a024   __dsp_fset_v_integration__FiT1
8007a120   __dsp_get_v_integration__FiPi
8007a1bc   _Gain_RW
8007a840   _CAP_Init__Fv
8007a9b4   _CAP_SetBitNo__Fi
8007a9e0   _CAP_SetFlag__Fi
8007aa0c   _CAP_GetBitNo__Fv
8007aa24   _CAP_SetAx__Fi
8007aa50   _CAP_GetAx__Fv
8007aa68   _CAP_PutPt__Fic
8007ab38   _CAP_GetPt__FPiPc
8007ac58   _CAP_GetFilledQ__Fv
8007ac70   _CAP_GetLeftQ__Fv
8007aca4   _CAP_IsFull__Fv
8007acdc   _CAP_IsEmpty__Fv
8007ad2c   _CAP_ClearPtBuf__Fv
8007adec   _CAP_Enable__Fv
8007ae08   _CAP_Disable__Fv
8007ae24   _CAP_ReadIO__Fv
8007aee0   _CAP_GetFilteredSig__Fc
8007af6c   _ReadCurrPos__Fi
8007af88   _CAP_DoCapture__Fv
8007b280   _ProcessBootPara__FiN21
8007b740   __dsp_io_interrupt_enable__FiT1
8007b804   __dsp_fio_interrupt_enable__FiT1
8007b880   __dsp_io_interrupt_on_stop__FiT1
8007b910   __dsp_fio_interrupt_on_stop__FiT1
8007b98c   __dsp_io_interrupt_on_e_stop__FiT1
8007ba1c   __dsp_fio_interrupt_on_e_stop__FiT1
8007ba98   __dsp_io_interrupt_pcirq__FiT1
8007bb34   __dsp_fio_interrupt_pcirq__FiT1
8007bbb0   __dsp_io_interrupt_pcirq_eoi__Fi
8007bcd4   __dsp_set_stop__Fi
8007bd10   __dsp_set_stop_rate__FiT1
8007be08   __dsp_fset_stop_rate__FiT1
8007beac   __dsp_get_stop_rate__FiPi
8007bf0c   __dsp_fget_stop_rate__FiPi
8007bf4c   __dsp_set_sw_pause_event__FiT1
8007c064   __dsp_set_sw_pause_checkbit__FiN21
8007c128   __dsp_set_sw_pause_flag__FiT1
8007c164   __dsp_fset_sw_pause_checkbit__FiN21
8007c1c8   __dsp_fset_sw_pause_flag__FiT1
8007c208   __dsp_get_sw_pause_event__Fi
8007c254   __dsp_get_sw_pause_checkbit__FiPiT2
8007c2c0   __dsp_get_sw_pause_flag__FiPi
8007c2f0   __dsp_set_e_stop__Fi
8007c340   __dsp_set_e_stop_rate__FiT1
8007c3f0   __dsp_fset_e_stop_rate__FiT1
8007c494   __dsp_get_e_stop_rate__FiPi
8007c4f4   __dsp_fget_e_stop_rate__FiPi
8007c540   _I2C_IsrSendBytes0__Fv
8007c6b8   _I2C_IsrSendBytes1__Fv
8007c830   _I2C_Init0__Fv
8007c99c   _I2C_Init1__Fv
8007cb08   _I2C_Triggering0__Fv
8007cbd0   _I2C_Triggering1__Fv
8007cca0   __dsp_home_switch__Fi
8007cd14   __dsp_pos_switch__Fi
8007cd80   __dsp_neg_switch__Fi
8007cdf4   __dsp_amp_fault_switch__Fi
8007ce60   __dsp_set_io_mode__FiT1
8007cf18   __dsp_get_io_mode__FiPi
8007cfdc   __dsp_set_io__Fi
8007d028   __dsp_set_io2__FiT1
8007d06c   __dsp_get_io__FPi
8007d0c4   __dsp_get_io2__FPiT1
8007d108   __dsp_set_bit__Fi
8007d144   __dsp_reset_bit__Fi
8007d180   __dsp_SetReset_Bit_IO__FiT1
8007d200   __dsp_Find_IO_Bit__Fi
8007d270   __dsp_Find_IO_Port__Fi
8007d2e0   __dsp_amc_init__Fv
8007d3c0   __dsp_set_position__FiT1
8007d434   __dsp_get_counter__FiPf
8007d4b8   __dsp_get_sync_position__FPfT1
8007d5c4   __dsp_get_position__FiPf
8007d658   __dsp_set_command__Fif
8007d6c8   __dsp_get_command__FiPf
8007d77c   __dsp_get_error__FiPf
8007d7d8   __dsp_get_com_velocity__Fi
8007d82c   __dsp_get_act_velocity__Fi
8007d8a0   _Appl_Int10__Fv
8007da24   ___App_First__Fv
8007da84   _Appl_Body_Main__Fv
8007da8c   _Appl_Prev_Main__Fv
8007ddb0   __dsp_in_sequence__Fi
8007de10   __dsp_in_motion__Fi
8007de70   __dsp_in_position__Fi
8007ded0   __dsp_motion_done__Fi
8007df48   __dsp_axis_done__Fi
8007dfe8   __dsp_axis_state__Fi
8007e028   __dsp_axis_source__Fi
8007e07c   __dsp_clear_status__Fi
8007e108   __dsp_clear_stop__Fi
8007e194   __dsp_frames_clear__Fi
8007e214   __dsp_frames_left__Fi
8007e260   _fopen
8007e2c8   _freopen
8007e63c   __cleanup
8007e720   __remul
8007e7e0   __divul
8007ea24   __remli
8007eae0   __divli
8007ebe0   _fcvt
8007f060   _puts
8007f0d4   _fputs
8007f4e0   _ecvt
8007f960   _sin
8007fd20   __dsp_get_analog__FiPi
8007fdf8   __dsp_set_dac_offset__FiT1
8007fe3c   __dsp_get_dac_offset__FiPi
8007fe8c   __dsp_get_dac__FiPi
8007fed8   __dsp_set_dac__FiT1
8007ff70   __dsp_set_analog_offset__FiT1
8007ffb4   __dsp_get_analog_offset__FiPi
80080000   __dsp_Find_Analog_Channel__Fi
80080080   _mmc_axes__FiPi
800800a0   _mmc_all_axes__Fv
800800b8   __dsp_set_stepper__Fi
800800f8   __dsp_fset_stepper__Fi
80080158   __dsp_get_micro_stepper__Fi
80080198   __dsp_set_micro_stepper__Fi
800801d8   __dsp_fset_micro_stepper__Fi
80080238   _Stepper
800803c0   __frcdivd
800806c0   _atan
80080980   _memcpy
80080bc0   ___dsplib_callback_init__Fv
80080c28   ___dsplib_set_callback__FiPFv_v
80080ca0   ___dsplib_set_callback_param4__FiPFPviT1T2_v
80080cf0   ___dsplib_call_callback__Fi
80080d64   ___dsplib_call_callback_param4__FiPvT1T2Pi
80080e00   __divd
80081040   __crc32_gen_table__Fv
80081168   __crc32_get_crc__FPci
80081260   _exit
80081398   _atexit
80081474   _abort
80081474   C$$EXIT
80081480   _fflush
8008157c   __doflush
80081660   __round
80081840   __rd_ok
80081900   __wrt_ok
80081a00   _setvbuf
80081bc0   _atan2
80081d60   _putc
80081d70   _putchar
80081d8c   _fputc
80081ee0   _atoi
80082060   __divf
800821e0   _ldexp
80082360   _getc
80082370   _getchar
80082388   _fgetc
800824e0   _sprintf
80082640   __buff_read
800827a0   _writemsg
80082840   C$$IO$$
8008284c   _readmsg
80082900   _frexp
80082a40   ___EnableWatchdog__Fi
80082aa8   ___GetWatchdogStatus__Fv
80082b80   _rand
80082c44   _srand
80082cc0   _fclose
80082e00   _ltoa
80082f40   _memset
80083060   __divi
80083180   _fseek
80083280   __remi
80083380   __frcdivf
80083480   __auto_init
80083580   _modf
80083660   __divu
80083720   _printf
800837e0   ___nw__FUi
800838a0   __fixdli
80083960   _memccpy
80083a00   __remu
80083aa0   _c_int00
80083b20   __fltlif
80083ba0   _strcmp
80083c20   _strcpy
80083ca0   _strlen
80083d00   _set_new_handler__3stdFPFv_v
80083d14   _default_new_handler__3stdFv
80083d40   __nop
80083d48   __register_lock
80083d5c   __register_unlock
80083d80   __trunc
80083dc0   _remove
80083de0   __CIOBUF_
80083de0   etext
80083de0   ___etext__
80083f00   _g_sNDOKSerialStxEtxString
80084900   _g_nNDOKSerialStxEtxStrIndex
80084904   _g_nNDOKSerialMode
80084908   _g_nDisplayMode
8008490c   _FormatCallBack
80084910   _g_FS_ShadowFileTable
80084914   _g_FS_ShadowClusterTable
80084918   _g_FS_TotalNumOfBlocks
8008491c   _g_FS_TotalNumOfCluster
80084920   _g_FS_FileHandle
80084948   _g_FS_FileSystemReady
8008494c   _g_FS_ClusterBase
80084950   _g_nSerBaudrate
80084954   _g_nSerDataBit
80084958   _g_nSerParity
8008495c   _g_nSerStopBit
80084960   _g_stQueue
800855c0   _SendQ
80086280   ___sz
8008628c   _g_SerHookFunc
80086290   _g_pSerParam
80086294   _SerialCallback
80086298   _DMA_STATUS_REG
8008629c   _IsrTable
800862dc   _XIsrTable
8008631c   _DMAIsrTable
8008635c   _g_bENUMOK
80086360   _g_bGotSetup
80086364   _g_bReadIntr
80086368   _g_bEP0BUFReady
8008636c   _g_bBusActivity
80086370   _g_bReady
80086374   _g_bFlags
80086378   _g_bWaste
8008637c   _g_bIsIntr
80086380   _g_bEnableTransferFlag
80086384   _g_bUSBOpened
80086388   _USB_SETUP_PACKET
80086390   _UDM_bInit
80086394   _UDM_Frame
800b6394   _UDM_StartClk
800b6398   _UDM_StartDisp
800b639c   _UDM_nDispInterval
800b63a0   _IEEE_conv
800b63c4   _ptr_IEEE
800b63c8   _BootPara
800b662c   _GBuf
800b6668   _CBuf
800b6f48   _pGBuf
800b6f4c   _pCBuf
800b6f5c   _JpcMovSt
800b6fc4   _axis_mov
800b7048   _Pause
800b7098   _Q_Buf
800baf18   _Traj
800bafb8   _PauseRst
800bb048   _Last_Pos
800bb058   _delt_s_psh
800bb068   _delt_s_b
800bb078   _delt_s_count
800bb088   _delt_s_addr
800bb098   _delt_g_addr
800bb0a8   _jnt_run
800bb0b8   _delt_s_buff
800bb108   _M_J_Command
800bb118   _virtual_pos
800bb138   _acc_traj
800bb148   _dcc_traj
800bb158   _f_dest_pls
800bb168   _f_cur_pls
800bb178   _f_cur_pls_b
800bb188   _f_delt_s
800bb198   _vm_cur_pls
800bb1a8   _vm_cur_pls_b
800bb1b8   _acc_time
800bb1c8   _dcc_time
800bb1d8   _delt_s
800bb1e8   _p_offs
800e292c   _Q_out_num
800e293c   _Q_in_num
800e294c   _Interpolation_Flag
800e295c   _Dwell_Flag
800e296c   _Dwell_Value
800e2980   _inter_k
800e2988   _inter_k2
800e2990   _Max_Smpcnt
800e2994   _Pid_Dividend
800e2998   _Pos_Limit
800e299c   _Pos_Stepper_Limit
800e29a0   _lITPCmd
800e29b0   _lITPSt
800e29d0   _nITPMode
800e29e0   _g_i
800e29e4   _g_ii
800e29e8   _g_iii
800e29ec   _g_f
800e29f0   _g_ff
800e29f4   _g_fff
800e29f8   _userio_mode_select
800e29fc   _userio_int_enable
800e2a00   _userio_int_data
800e2a04   _userio_int_data_b
800e2a08   _userio_int_flag
800e2a0c   _userio_int_edge
800e2a10   _userio_axis_int
800e2a14   _userio_global_int_enable
800e2a18   _userio_axis_enable
800e2a1c   _userio_ax
800e2b1c   _Boot_Checksum_Flag
800e2b20   _ptr_icon_oport1
800e2b24   _ptr_icon_oport2
800e2b28   _ptr_icon_iport
800e2b2c   _ptr_icon_lamp
800e2b30   _plsCmd
800e2ba8   _dbuf
800ea8a8   _dbuf_cnt
800ea8ac   _sum_rec
800f066c   _recording_cnt
800f0670   _delt_s_intaddr
800f0680   _delt_g_intaddr
800f0690   _delt_s_intcount
800f06a0   _delt_s_interruptcount
800f06b0   _delt_s_intbuff
800f07f0   _ABS_command
800f07f8   _Service
800f0a80   _mmHdr
800f0a8c   _uiEepromSaveAddr
800f0a90   _eDumpHdr
800f0aa0   _peDumpBody
800f0eac   __ftable
800f10dc   __tmpnams
800f121c   __ft_end
800f1220   _CAP_bOn
800f1224   _CAP_lPtNo
800f1228   _CAP_nAx
800f122c   _CAP_nBit
800f1230   _CAP_lPt
800f13c0   _CAP_bEdge
800f1424   _CAP_nHead
800f1428   _CAP_nTail
800f142c   _CAP_nFlag
800f1430   _CAP_bUserIOState
800f1434   _CAP_nCount
800f1438   _CAP_bSignal
800f143a   _nothrow__3std
800f143c   _amc_error
800f1440   _Active_Axis_Num
800f1444   _CommDpram
800f1448   _AxisDpram
800f1458   _Mf
800f14d0   _Mdisp
800f15f0   _SyncMotion
800f1b90   __cleanup_ptr
800f1b94   __dtors_ptr
800f1b98   _COM_lpSerialPort
800f1ba4   _ComData
800f1ba8   _COM_lpRearm
800f1bac   _COM_lpEnable
800f1bb0   _COM_lEnableImage
800f1bb4   _COM_lpMux
800f1bb8   _DISABLE_COMM
800f1bbc   _pRecQ
800f1bc0   _COM_strRecBuf
800f1be0   _COM_bEnable
800f1be4   _COM_nModuleState
800f1be8   _COM_nDataStatus
800f1bec   _COM_nRePacketSize
800f1bf0   _COM_nWaitSTXTimer
800f1bf4   _COM_nWaitByteTimer
800f1bf8   _COM_nChkSumErr
800f1bfc   _COM_lAbsPos
800f1c00   _COM_nAxis
800f1cc8   _n1msOpCount
800f1ccc   _n5msOpFlag
800f1cd0   _n10msOpFlag
800f1cd4   _nSimCount
800f1cd8   _nIOCount
800f1cdc   _nGuideBits
800f1ce0   ___nGuideSensorBits
800f1ce8   ___nRcvCount
800f1d6c   _MOTOR_ACTION_CONTROL
800f1d70   _ptr_user_oport
800f1d74   _ptr_user_oport2
800f1d78   _ptr_user_oport3
800f1d7c   _ptr_user_oport4
800f1d80   _ptr_user_iport
800f1d84   _ptr_user_iport2
800f1d88   _ptr_user_iport3
800f1d8c   _ptr_user_iport4
800f1d90   _ptr_sys_sctrl
800f1d94   _ptr_sys_sstat
800f1d98   _ptr_sys_sabs
800f1da0   ___cb
800f1dc4   __memory_size
800f1dd8   __lock
800f1ddc   __unlock
800f1de0   ___WD_bEn
800f1de4   _mmc_error
800f1de8   _errno
800f1dec   _m_nAddress
800f1df0   cinit
800f1df0   ___cinit__
800f2c7c   _pBootPara
800f2cd0   _CommDPRAM
800f2cd4   _AxisDPRAM
800f2ce4   _pDownloadDPRAM
800f2cf0   _AxisInfo
800f2da8   __ctypes_
800f2eac   _USB_DESC_TBL
800f37a4   .bss
800f37a4   ___bss__
800f37a4   $bss
800f37d0   _new_handler_fun__3std
800f37d8   ___end__
800f37d8   end
800f37d8   __stack
801337d8   pinit
801337d8   ___pinit__
801337e8   __sys_memory

[1147 symbols]
